Archive member included because of file (symbol)

C:/Users/Student1/Downloads/POS/SDKs/SDK11.16.4.02/SDKTPLUS/HW_T2/gnu_434/lib/eft30tplus.lib(DisplayFooter.o)
                              Obj/GNU_ARM_DEBUG_T2/Menu.o (DisplayFooter)
C:/Users/Student1/Downloads/POS/SDKs/SDK11.16.4.02/SDKTPLUS/HW_T2/gnu_434/lib/eft30tplus.lib(DisplayHeader.o)
                              Obj/GNU_ARM_DEBUG_T2/Menu.o (DisplayHeader)
C:/Users/Student1/Downloads/POS/SDKs/SDK11.16.4.02/SDKTPLUS/HW_T2/gnu_434/lib/eft30tplus.lib(DisplayLeds.o)
                              Obj/GNU_ARM_DEBUG_T2/Menu.o (DisplayLeds)
C:/Users/Student1/Downloads/POS/SDKs/SDK11.16.4.02/SDKTPLUS/HW_T2/gnu_434/lib/eft30tplus.lib(Telium_Read_date.o)
                              Obj/GNU_ARM_DEBUG_T2/Entry.o (Telium_Read_date)
C:/Users/Student1/Downloads/POS/SDKs/SDK11.16.4.02/SDKTPLUS/HW_T2/gnu_434/lib/eft30tplus.lib(IsColorDisplay.o)
                              Obj/GNU_ARM_DEBUG_T2/Goal.o (IsColorDisplay)
C:/Users/Student1/Downloads/POS/SDKs/SDK11.16.4.02/SDKTPLUS/HW_T2/gnu_434/lib/eft30tplus.lib(IsISO1.o)
                              Obj/GNU_ARM_DEBUG_T2/Sales.o (IsISO1)
C:/Users/Student1/Downloads/POS/SDKs/SDK11.16.4.02/SDKTPLUS/HW_T2/gnu_434/lib/eft30tplus.lib(IsISO2.o)
                              Obj/GNU_ARM_DEBUG_T2/Sales.o (IsISO2)
C:/Users/Student1/Downloads/POS/SDKs/SDK11.16.4.02/SDKTPLUS/HW_T2/gnu_434/lib/eft30tplus.lib(IsISO3.o)
                              Obj/GNU_ARM_DEBUG_T2/Sales.o (IsISO3)
C:/Users/Student1/Downloads/POS/SDKs/SDK11.16.4.02/SDKTPLUS/HW_T2/gnu_434/lib/eft30tplus.lib(IsPrinter.o)
                              Obj/GNU_ARM_DEBUG_T2/Goal.o (IsPrinter)
C:/Users/Student1/Downloads/POS/SDKs/SDK11.16.4.02/SDKTPLUS/HW_T2/gnu_434/lib/eft30tplus.lib(Telium_ServiceRegister.o)
                              Obj/GNU_ARM_DEBUG_T2/Entry.o (Telium_ServiceRegister)
C:/Users/Student1/Downloads/POS/SDKs/SDK11.16.4.02/SDKTPLUS/HW_T2/gnu_434/lib/eft30tplus.lib(Telium_Atoi.o)
                              Obj/GNU_ARM_DEBUG_T2/DateScreen.o (atoi)
C:/Users/Student1/Downloads/POS/SDKs/SDK11.16.4.02/SDKTPLUS/HW_T2/gnu_434/lib/eft30tplus.lib(Telium_Pprintf.o)
                              Obj/GNU_ARM_DEBUG_T2/Entry.o (Telium_Pprintf)
C:/Users/Student1/Downloads/POS/SDKs/SDK11.16.4.02/SDKTPLUS/HW_T2/gnu_434/lib/eft30tplus.lib(Telium_Stdprt.o)
                              C:/Users/Student1/Downloads/POS/SDKs/SDK11.16.4.02/SDKTPLUS/HW_T2/gnu_434/lib/eft30tplus.lib(Telium_Pprintf.o) (Telium_Stdprt)
C:/Users/Student1/Downloads/POS/SDKs/SDK11.16.4.02/SDKTPLUS/HW_T2/gnu_434/lib/eft30tplus.lib(Telium_Sprintf.o)
                              Obj/GNU_ARM_DEBUG_T2/Sales.o (Telium_Sprintf)
C:/Users/Student1/Downloads/POS/SDKs/SDK11.16.4.02/SDKTPLUS/HW_T2/gnu_434/lib/eft30tplus.lib(sprintf.o)
                              Obj/GNU_ARM_DEBUG_T2/Entry.o (sprintf)
C:/Users/Student1/Downloads/POS/SDKs/SDK11.16.4.02/SDKTPLUS/HW_T2/gnu_434/lib/eft30tplus.lib(extenstp1.o)
                              C:/Users/Student1/Downloads/POS/SDKs/SDK11.16.4.02/SDKTPLUS/HW_T2/gnu_434/lib/eft30tplus.lib(DisplayFooter.o) (extenslib_open)
C:/Users/Student1/Downloads/POS/SDKs/SDK11.16.4.02/SDKTPLUS/HW_T2/gnu_434/lib/eft30tplus.lib(toolstp1.o)
                              C:/Users/Student1/Downloads/POS/SDKs/SDK11.16.4.02/SDKTPLUS/HW_T2/gnu_434/lib/eft30tplus.lib(Telium_Read_date.o) (toolslib_open)
C:/Users/Student1/Downloads/POS/SDKs/SDK11.16.4.02/SDKTPLUS/HW_T2/gnu_434/lib/TRAP_TELIUM_PLUS.LIB(ApplicationGetCurrent.o)
                              Obj/GNU_ARM_DEBUG_T2/Main.o (ApplicationGetCurrent)
C:/Users/Student1/Downloads/POS/SDKs/SDK11.16.4.02/SDKTPLUS/HW_T2/gnu_434/lib/TRAP_TELIUM_PLUS.LIB(FS_close.o)
                              Obj/GNU_ARM_DEBUG_T2/Entry.o (FS_close)
C:/Users/Student1/Downloads/POS/SDKs/SDK11.16.4.02/SDKTPLUS/HW_T2/gnu_434/lib/TRAP_TELIUM_PLUS.LIB(FS_length.o)
                              Obj/GNU_ARM_DEBUG_T2/Entry.o (FS_length)
C:/Users/Student1/Downloads/POS/SDKs/SDK11.16.4.02/SDKTPLUS/HW_T2/gnu_434/lib/TRAP_TELIUM_PLUS.LIB(FS_mount.o)
                              Obj/GNU_ARM_DEBUG_T2/Entry.o (FS_mount)
C:/Users/Student1/Downloads/POS/SDKs/SDK11.16.4.02/SDKTPLUS/HW_T2/gnu_434/lib/TRAP_TELIUM_PLUS.LIB(FS_open.o)
                              Obj/GNU_ARM_DEBUG_T2/Entry.o (FS_open)
C:/Users/Student1/Downloads/POS/SDKs/SDK11.16.4.02/SDKTPLUS/HW_T2/gnu_434/lib/TRAP_TELIUM_PLUS.LIB(FS_read.o)
                              Obj/GNU_ARM_DEBUG_T2/Entry.o (FS_read)
C:/Users/Student1/Downloads/POS/SDKs/SDK11.16.4.02/SDKTPLUS/HW_T2/gnu_434/lib/TRAP_TELIUM_PLUS.LIB(FS_unmount.o)
                              Obj/GNU_ARM_DEBUG_T2/Entry.o (FS_unmount)
C:/Users/Student1/Downloads/POS/SDKs/SDK11.16.4.02/SDKTPLUS/HW_T2/gnu_434/lib/TRAP_TELIUM_PLUS.LIB(ObjectGetInfo.o)
                              Obj/GNU_ARM_DEBUG_T2/Entry.o (ObjectGetInfo)
C:/Users/Student1/Downloads/POS/SDKs/SDK11.16.4.02/SDKTPLUS/HW_T2/gnu_434/lib/TRAP_TELIUM_PLUS.LIB(Telium_Exit.o)
[...]
Memory Configuration

Name             Origin             Length             Attributes
*default*        0x00000000         0xffffffff

Linker script and memory map

                0x00001000                . = 0x1000
                0x00001000                __text_start = .

.text           0x00001000     0xbad8
 *(.first)
 .first         0x00001000       0x8c C:/Users/Student1/Downloads/POS/SDKs/SDK11.16.4.02/SDKTPLUS/HW_T2/gnu_434/startfiles/cstartupTplus.o
                0x00001000                _start
 *(.text .text.*)
 .text          0x0000108c      0x104 C:/Users/Student1/Downloads/POS/SDKs/SDK11.16.4.02/SDKTPLUS/HW_T2/gnu_434/startfiles/cstartupTplus.o
                0x0000113c                __stack_chk_fail
 .text          0x00001190       0xc0 C:/Users/Student1/Downloads/POS/SDKs/SDK11.16.4.02/SDKTPLUS/HW_T2/gnu_434/startfiles/libcpatch.o
                0x00001190                _calloc_r
                0x000011e0                _free_r
                0x000011fc                _malloc_r
                0x00001224                _realloc_r
 .text          0x00001250      0x2a8 Obj/GNU_ARM_DEBUG_T2/Main.o
                0x00001250                Main
 .text          0x000014f8      0xfec Obj/GNU_ARM_DEBUG_T2/Entry.o
                0x000014f8                give_your_domain
                0x0000155c                after_reset
                0x000015b8                is_name
                0x00001654                is_state
                0x000016ac                idle_message
                0x00001778                more_function
                0x000017ac                keyboard_event
                0x00001818                state
                0x000018fc                consult
                0x000019b0                mcall
                0x00001a64                is_time_function
                0x00001abc                time_function
                0x00001b30                is_change_init
                0x00001bc0                modif_param
                0x00001c50                is_evol_pg
                0x00001ca8                is_delete
                0x00001ce0                file_received
                0x00001e60                message_received
                0x00001f18                is_card_specific
                0x00001f70                card_inside
                0x00001fc4                is_for_you_after
                0x00002164                debit_non_emv
                0x000022bc                give_your_specific_context
                0x000023dc                give_interface
                0x00002440                entry
 .text          0x000024e4      0x208 Obj/GNU_ARM_DEBUG_T2/Menu.o
                0x000024e4                menuGoalDisplay
                0x000025a8                initUIContext
                0x00002668                releaseUIContext
 .text          0x000026ec      0x38c Obj/GNU_ARM_DEBUG_T2/DateScreen.o
                0x000026ec                dateScreenUseGoalResource
 .text          0x00002a78       0xd4 Obj/GNU_ARM_DEBUG_T2/Utils.o
                0x00002a78                utilsCheckDate
 .text          0x00002b4c      0x6d4 Obj/GNU_ARM_DEBUG_T2/Sales.o
                0x00002b4c                sale
                0x00002ec4                makeReceipt
                0x00002ffc                cardOps
                0x000031fc                retrieveData
 .text          0x00003220      0x380 Obj/GNU_ARM_DEBUG_T2/Bill.o
                0x00003220                bill
                0x00003550                bill2
 .text          0x000035a0      0x3c4 Obj/GNU_ARM_DEBUG_T2/Cashback.o
                0x000035a0                cashback
 .text          0x00003964     0x29e0 Obj/GNU_ARM_DEBUG_T2/Goal.o
                0x00003ac4                GoalCreateScreen
                0x00003ed4                GoalClrScreen
                0x00004108                GoalRefreshScreen
                0x00004138                GoalDspLine
                0x000045ac                GoalDspMultiLine
                0x00004790                GoalGetKey
                0x00004b08                GoalDestroyScreen
                0x00004b3c                GoalCreateDrawing
                0x00004d6c                GoalClrDrawing
                0x00004ea0                GoalDrawLine
                0x00005030                GoalDrawRect
                0x000051d4                GoalDrawEllipse
                0x00005378                GoalDrawText
                0x00005560                GoalDestroyDrawing
                0x00005594                GoalCreatePicture
                0x000057f0                GoalClrPicture
                0x00005970                GoalDspPicture
                0x00005cac                GoalDestroyPicture
                0x00005ce0                GoalCreateDocument
                0x00005d64                GoalPrnLine
                0x00005fa4                GoalPrnMultiLine
                0x000061f4                GoalPrnPicture
                0x000062b4                GoalPrnDocument
                0x00006310                GoalDestroyDocument
 .text          0x00006344       0x5c C:/Users/Student1/Downloads/POS/SDKs/SDK11.16.4.02/SDKTPLUS/HW_T2/gnu_434/lib/eft30tplus.lib(DisplayFooter.o)
                0x00006354                DisplayFooter
 .text          0x000063a0       0x5c C:/Users/Student1/Downloads/POS/SDKs/SDK11.16.4.02/SDKTPLUS/HW_T2/gnu_434/lib/eft30tplus.lib(DisplayHeader.o)
                0x000063b0                DisplayHeader
 .text          0x000063fc       0x58 C:/Users/Student1/Downloads/POS/SDKs/SDK11.16.4.02/SDKTPLUS/HW_T2/gnu_434/lib/eft30tplus.lib(DisplayLeds.o)
                0x00006408                DisplayLeds
 .text          0x00006454       0x60 C:/Users/Student1/Downloads/POS/SDKs/SDK11.16.4.02/SDKTPLUS/HW_T2/gnu_434/lib/eft30tplus.lib(Telium_Read_date.o)
                0x00006468                Telium_Read_date
 .text          0x000064b4       0x64 C:/Users/Student1/Downloads/POS/SDKs/SDK11.16.4.02/SDKTPLUS/HW_T2/gnu_434/lib/eft30tplus.lib(IsColorDisplay.o)
                0x000064c4                IsColorDisplay
 .text          0x00006518       0x5c C:/Users/Student1/Downloads/POS/SDKs/SDK11.16.4.02/SDKTPLUS/HW_T2/gnu_434/lib/eft30tplus.lib(IsISO1.o)
                0x00006520                IsISO1
 .text          0x00006574       0x5c C:/Users/Student1/Downloads/POS/SDKs/SDK11.16.4.02/SDKTPLUS/HW_T2/gnu_434/lib/eft30tplus.lib(IsISO2.o)
                0x0000657c                IsISO2
 .text          0x000065d0       0x5c C:/Users/Student1/Downloads/POS/SDKs/SDK11.16.4.02/SDKTPLUS/HW_T2/gnu_434/lib/eft30tplus.lib(IsISO3.o)
                0x000065d8                IsISO3
 .text          0x0000662c       0x60 C:/Users/Student1/Downloads/POS/SDKs/SDK11.16.4.02/SDKTPLUS/HW_T2/gnu_434/lib/eft30tplus.lib(IsPrinter.o)
                0x00006638                IsPrinter
 .text          0x0000668c       0x64 C:/Users/Student1/Downloads/POS/SDKs/SDK11.16.4.02/SDKTPLUS/HW_T2/gnu_434/lib/eft30tplus.lib(Telium_ServiceRegister.o)
                0x000066a4                Telium_ServiceRegister
 .text          0x000066f0       0x50 C:/Users/Student1/Downloads/POS/SDKs/SDK11.16.4.02/SDKTPLUS/HW_T2/gnu_434/lib/eft30tplus.lib(Telium_Atoi.o)
                0x000066f0                atol
                0x00006734                atoi
 .text          0x00006740       0x34 C:/Users/Student1/Downloads/POS/SDKs/SDK11.16.4.02/SDKTPLUS/HW_T2/gnu_434/lib/eft30tplus.lib(Telium_Pprintf.o)
                0x00006740                Telium_Pprintf
 .text          0x00006774       0x20 C:/Users/Student1/Downloads/POS/SDKs/SDK11.16.4.02/SDKTPLUS/HW_T2/gnu_434/lib/eft30tplus.lib(Telium_Stdprt.o)
                0x0000677c                Telium_Stdprt
 .text          0x00006794       0x20 C:/Users/Student1/Downloads/POS/SDKs/SDK11.16.4.02/SDKTPLUS/HW_T2/gnu_434/lib/eft30tplus.lib(Telium_Sprintf.o)
                0x00006794                Telium_Sprintf
 .text          0x000067b4       0x20 C:/Users/Student1/Downloads/POS/SDKs/SDK11.16.4.02/SDKTPLUS/HW_T2/gnu_434/lib/eft30tplus.lib(sprintf.o)
                0x000067b4                sprintf
 .text          0x000067d4       0x74 C:/Users/Student1/Downloads/POS/SDKs/SDK11.16.4.02/SDKTPLUS/HW_T2/gnu_434/lib/eft30tplus.lib(extenstp1.o)
                0x000067d4                extenslib_close
                0x000067e8                extenslib_open
                0x00006824                GetProcAddressExtens
 .text          0x00006848       0x78 C:/Users/Student1/Downloads/POS/SDKs/SDK11.16.4.02/SDKTPLUS/HW_T2/gnu_434/lib/eft30tplus.lib(toolstp1.o)
                0x00006848                toolslib_close
                0x0000685c                toolslib_open
                0x0000689c                GetProcAddressTools
 .text          0x000068c0        0xe C:/Users/Student1/Downloads/POS/SDKs/SDK11.16.4.02/SDKTPLUS/HW_T2/gnu_434/lib/TRAP_TELIUM_PLUS.LIB(ApplicationGetCurrent.o)
                0x000068c0                ApplicationGetCurrent
 .text          0x000068ce        0xe C:/Users/Student1/Downloads/POS/SDKs/SDK11.16.4.02/SDKTPLUS/HW_T2/gnu_434/lib/TRAP_TELIUM_PLUS.LIB(FS_close.o)
                0x000068ce                FS_close
 .text          0x000068dc        0xe C:/Users/Student1/Downloads/POS/SDKs/SDK11.16.4.02/SDKTPLUS/HW_T2/gnu_434/lib/TRAP_TELIUM_PLUS.LIB(FS_length.o)
                0x000068dc                FS_length
 .text          0x000068ea        0xe C:/Users/Student1/Downloads/POS/SDKs/SDK11.16.4.02/SDKTPLUS/HW_T2/gnu_434/lib/TRAP_TELIUM_PLUS.LIB(FS_mount.o)
                0x000068ea                FS_mount
 .text          0x000068f8        0xe C:/Users/Student1/Downloads/POS/SDKs/SDK11.16.4.02/SDKTPLUS/HW_T2/gnu_434/lib/TRAP_TELIUM_PLUS.LIB(FS_open.o)
                0x000068f8                FS_open
 .text          0x00006906        0xe C:/Users/Student1/Downloads/POS/SDKs/SDK11.16.4.02/SDKTPLUS/HW_T2/gnu_434/lib/TRAP_TELIUM_PLUS.LIB(FS_read.o)
                0x00006906                FS_read
 .text          0x00006914        0xe C:/Users/Student1/Downloads/POS/SDKs/SDK11.16.4.02/SDKTPLUS/HW_T2/gnu_434/lib/TRAP_TELIUM_PLUS.LIB(FS_unmount.o)
                0x00006914                FS_unmount
 .text          0x00006922        0xe C:/Users/Student1/Downloads/POS/SDKs/SDK11.16.4.02/SDKTPLUS/HW_T2/gnu_434/lib/TRAP_TELIUM_PLUS.LIB(ObjectGetInfo.o)
                0x00006922                ObjectGetInfo
 .text          0x00006930        0xe C:/Users/Student1/Downloads/POS/SDKs/SDK11.16.4.02/SDKTPLUS/HW_T2/gnu_434/lib/TRAP_TELIUM_PLUS.LIB(Telium_Exit.o)
                0x00006930                Telium_Exit
 .text          0x0000693e        0xe C:/Users/Student1/Downloads/POS/SDKs/SDK11.16.4.02/SDKTPLUS/HW_T2/gnu_434/lib/TRAP_TELIUM_PLUS.LIB(Telium_Fclose.o)
                0x0000693e                Telium_Fclose
 .text          0x0000694c        0xe C:/Users/Student1/Downloads/POS/SDKs/SDK11.16.4.02/SDKTPLUS/HW_T2/gnu_434/lib/TRAP_TELIUM_PLUS.LIB(Telium_Fopen.o)
                0x0000694c                Telium_Fopen
 .text          0x0000695a        0xe C:/Users/Student1/Downloads/POS/SDKs/SDK11.16.4.02/SDKTPLUS/HW_T2/gnu_434/lib/TRAP_TELIUM_PLUS.LIB(Telium_Is_iso1.o)
                0x0000695a                Telium_Is_iso1
 .text          0x00006968        0xe C:/Users/Student1/Downloads/POS/SDKs/SDK11.16.4.02/SDKTPLUS/HW_T2/gnu_434/lib/TRAP_TELIUM_PLUS.LIB(Telium_Is_iso2.o)
                0x00006968                Telium_Is_iso2
 .text          0x00006976        0xe C:/Users/Student1/Downloads/POS/SDKs/SDK11.16.4.02/SDKTPLUS/HW_T2/gnu_434/lib/TRAP_TELIUM_PLUS.LIB(Telium_Is_iso3.o)
                0x00006976                Telium_Is_iso3
 .text          0x00006984        0xe C:/Users/Student1/Downloads/POS/SDKs/SDK11.16.4.02/SDKTPLUS/HW_T2/gnu_434/lib/TRAP_TELIUM_PLUS.LIB(Telium_Reset_buf.o)
                0x00006984                Telium_Reset_buf
 .text          0x00006992        0xe C:/Users/Student1/Downloads/POS/SDKs/SDK11.16.4.02/SDKTPLUS/HW_T2/gnu_434/lib/TRAP_TELIUM_PLUS.LIB(Telium_Stdperif.o)
                0x00006992                Telium_Stdperif
 .text          0x000069a0        0xe C:/Users/Student1/Downloads/POS/SDKs/SDK11.16.4.02/SDKTPLUS/HW_T2/gnu_434/lib/TRAP_TELIUM_PLUS.LIB(Telium_Ttestall.o)
                0x000069a0                Telium_Ttestall
 .text          0x000069ae        0xe C:/Users/Student1/Downloads/POS/SDKs/SDK11.16.4.02/SDKTPLUS/HW_T2/gnu_434/lib/TRAP_TELIUM_PLUS.LIB(Telium_Vfprintf.o)
                0x000069ae                Telium_Vfprintf
 .text          0x000069bc        0xe C:/Users/Student1/Downloads/POS/SDKs/SDK11.16.4.02/SDKTPLUS/HW_T2/gnu_434/lib/TRAP_TELIUM_PLUS.LIB(Telium_Vsprintf.o)
                0x000069bc                Telium_Vsprintf
 .text          0x000069ca        0xe C:/Users/Student1/Downloads/POS/SDKs/SDK11.16.4.02/SDKTPLUS/HW_T2/gnu_434/lib/TRAP_TELIUM_PLUS.LIB(first_init.o)
                0x000069ca                first_init
 .text          0x000069d8        0xe C:/Users/Student1/Downloads/POS/SDKs/SDK11.16.4.02/SDKTPLUS/HW_T2/gnu_434/lib/TRAP_TELIUM_PLUS.LIB(raz_init.o)
                0x000069d8                raz_init
 .text          0x000069e6        0xe C:/Users/Student1/Downloads/POS/SDKs/SDK11.16.4.02/SDKTPLUS/HW_T2/gnu_434/lib/TRAP_TELIUM_PLUS.LIB(ufree.o)
                0x000069e6                ufree
 .text          0x000069f4        0xe C:/Users/Student1/Downloads/POS/SDKs/SDK11.16.4.02/SDKTPLUS/HW_T2/gnu_434/lib/TRAP_TELIUM_PLUS.LIB(umalloc.o)
                0x000069f4                umalloc
 .text          0x00006a02        0xe C:/Users/Student1/Downloads/POS/SDKs/SDK11.16.4.02/SDKTPLUS/HW_T2/gnu_434/lib/TRAP_TELIUM_PLUS.LIB(urealloc.o)
                0x00006a02                urealloc
 .text          0x00006a10        0xc C:/Users/Student1/Downloads/POS/SDKs/SDK11.16.4.02/SDKTPLUS/HW_T2/gnu_434/lib/OSLAYER.LIB(OSL_Dll_Close.o)
                0x00006a10                OSL_Dll_Close
 .text          0x00006a1c        0xc C:/Users/Student1/Downloads/POS/SDKs/SDK11.16.4.02/SDKTPLUS/HW_T2/gnu_434/lib/OSLAYER.LIB(OSL_Dll_GetSymbolByName.o)
                0x00006a1c                OSL_Dll_GetSymbolByName
 .text          0x00006a28        0xc C:/Users/Student1/Downloads/POS/SDKs/SDK11.16.4.02/SDKTPLUS/HW_T2/gnu_434/lib/OSLAYER.LIB(OSL_Dll_OpenByAppliType.o)
                0x00006a28                OSL_Dll_OpenByAppliType
 .text          0x00006a34       0x24 C:/Users/Student1/Downloads/POS/SDKs/SDK11.16.4.02/SDKTPLUS/HW_T2/gnu_434/lib/GRAPHICLIB.LIB(GL_Button_Create.o)
                0x00006a40                GL_Button_Create
 .text          0x00006a58       0x24 C:/Users/Student1/Downloads/POS/SDKs/SDK11.16.4.02/SDKTPLUS/HW_T2/gnu_434/lib/GRAPHICLIB.LIB(GL_Dialog_Amount.o)
                0x00006a64                GL_Dialog_Amount
 .text          0x00006a7c       0x24 C:/Users/Student1/Downloads/POS/SDKs/SDK11.16.4.02/SDKTPLUS/HW_T2/gnu_434/lib/GRAPHICLIB.LIB(GL_Dialog_Menu.o)
                0x00006a88                GL_Dialog_Menu
 .text          0x00006aa0       0x24 C:/Users/Student1/Downloads/POS/SDKs/SDK11.16.4.02/SDKTPLUS/HW_T2/gnu_434/lib/GRAPHICLIB.LIB(GL_Dialog_Message.o)
                0x00006aac                GL_Dialog_Message
 .text          0x00006ac4       0x24 C:/Users/Student1/Downloads/POS/SDKs/SDK11.16.4.02/SDKTPLUS/HW_T2/gnu_434/lib/GRAPHICLIB.LIB(GL_Dialog_Password.o)
                0x00006ad0                GL_Dialog_Password
 .text          0x00006ae8       0x24 C:/Users/Student1/Downloads/POS/SDKs/SDK11.16.4.02/SDKTPLUS/HW_T2/gnu_434/lib/GRAPHICLIB.LIB(GL_Dialog_Text.o)
                0x00006af4                GL_Dialog_Text
 .text          0x00006b0c       0x24 C:/Users/Student1/Downloads/POS/SDKs/SDK11.16.4.02/SDKTPLUS/HW_T2/gnu_434/lib/GRAPHICLIB.LIB(GL_Document_Create.o)
                0x00006b18                GL_Document_Create
 .text          0x00006b30       0x24 C:/Users/Student1/Downloads/POS/SDKs/SDK11.16.4.02/SDKTPLUS/HW_T2/gnu_434/lib/GRAPHICLIB.LIB(GL_Document_Print.o)
                0x00006b3c                GL_Document_Print
 .text          0x00006b54       0x24 C:/Users/Student1/Downloads/POS/SDKs/SDK11.16.4.02/SDKTPLUS/HW_T2/gnu_434/lib/GRAPHICLIB.LIB(GL_Drawing_Clear.o)
                0x00006b60                GL_Drawing_Clear
 .text          0x00006b78       0x24 C:/Users/Student1/Downloads/POS/SDKs/SDK11.16.4.02/SDKTPLUS/HW_T2/gnu_434/lib/GRAPHICLIB.LIB(GL_Drawing_Create.o)
                0x00006b84                GL_Drawing_Create
 .text          0x00006b9c       0x24 C:/Users/Student1/Downloads/POS/SDKs/SDK11.16.4.02/SDKTPLUS/HW_T2/gnu_434/lib/GRAPHICLIB.LIB(GL_Drawing_DrawEllipse.o)
                0x00006ba8                GL_Drawing_DrawEllipse
 .text          0x00006bc0       0x24 C:/Users/Student1/Downloads/POS/SDKs/SDK11.16.4.02/SDKTPLUS/HW_T2/gnu_434/lib/GRAPHICLIB.LIB(GL_Drawing_DrawLine.o)
                0x00006bcc                GL_Drawing_DrawLine
 .text          0x00006be4       0x24 C:/Users/Student1/Downloads/POS/SDKs/SDK11.16.4.02/SDKTPLUS/HW_T2/gnu_434/lib/GRAPHICLIB.LIB(GL_Drawing_DrawRect.o)
                0x00006bf0                GL_Drawing_DrawRect
 .text          0x00006c08       0x24 C:/Users/Student1/Downloads/POS/SDKs/SDK11.16.4.02/SDKTPLUS/HW_T2/gnu_434/lib/GRAPHICLIB.LIB(GL_Drawing_DrawText.o)
                0x00006c14                GL_Drawing_DrawText
 .text          0x00006c2c       0x24 C:/Users/Student1/Downloads/POS/SDKs/SDK11.16.4.02/SDKTPLUS/HW_T2/gnu_434/lib/GRAPHICLIB.LIB(GL_Drawing_SetBrush.o)
                0x00006c38                GL_Drawing_SetBrush
 .text          0x00006c50       0x24 C:/Users/Student1/Downloads/POS/SDKs/SDK11.16.4.02/SDKTPLUS/HW_T2/gnu_434/lib/GRAPHICLIB.LIB(GL_Drawing_SetFont.o)
                0x00006c5c                GL_Drawing_SetFont
 .text          0x00006c74       0x24 C:/Users/Student1/Downloads/POS/SDKs/SDK11.16.4.02/SDKTPLUS/HW_T2/gnu_434/lib/GRAPHICLIB.LIB(GL_Drawing_SetPen.o)
                0x00006c80                GL_Drawing_SetPen
 .text          0x00006c98       0x24 C:/Users/Student1/Downloads/POS/SDKs/SDK11.16.4.02/SDKTPLUS/HW_T2/gnu_434/lib/GRAPHICLIB.LIB(GL_GraphicLib_BindSingleKey.o)
                0x00006ca4                GL_GraphicLib_BindSingleKey
 .text          0x00006cbc       0xbc C:/Users/Student1/Downloads/POS/SDKs/SDK11.16.4.02/SDKTPLUS/HW_T2/gnu_434/lib/GRAPHICLIB.LIB(GL_GraphicLib_Create.o)
                0x00006cbc                GL_GraphicLib_Create
                0x00006d38                GL_GraphicLib_Create_Init
 .text          0x00006d78       0x24 C:/Users/Student1/Downloads/POS/SDKs/SDK11.16.4.02/SDKTPLUS/HW_T2/gnu_434/lib/GRAPHICLIB.LIB(GL_GraphicLib_IsTouchPresent.o)
                0x00006d84                GL_GraphicLib_IsTouchPresent
 .text          0x00006d9c       0x24 C:/Users/Student1/Downloads/POS/SDKs/SDK11.16.4.02/SDKTPLUS/HW_T2/gnu_434/lib/GRAPHICLIB.LIB(GL_GraphicLib_ReadResource.o)
                0x00006da8                GL_GraphicLib_ReadResource
 .text          0x00006dc0       0x24 C:/Users/Student1/Downloads/POS/SDKs/SDK11.16.4.02/SDKTPLUS/HW_T2/gnu_434/lib/GRAPHICLIB.LIB(GL_GraphicLib_SetCharset.o)
                0x00006dcc                GL_GraphicLib_SetCharset
 .text          0x00006de4       0x24 C:/Users/Student1/Downloads/POS/SDKs/SDK11.16.4.02/SDKTPLUS/HW_T2/gnu_434/lib/GRAPHICLIB.LIB(GL_GraphicLib_UnbindKey.o)
                0x00006df0                GL_GraphicLib_UnbindKey
 .text          0x00006e08       0x24 C:/Users/Student1/Downloads/POS/SDKs/SDK11.16.4.02/SDKTPLUS/HW_T2/gnu_434/lib/GRAPHICLIB.LIB(GL_Label_Create.o)
                0x00006e14                GL_Label_Create
 .text          0x00006e2c       0x24 C:/Users/Student1/Downloads/POS/SDKs/SDK11.16.4.02/SDKTPLUS/HW_T2/gnu_434/lib/GRAPHICLIB.LIB(GL_Layout_Create.o)
                0x00006e38                GL_Layout_Create
 .text          0x00006e50       0x24 C:/Users/Student1/Downloads/POS/SDKs/SDK11.16.4.02/SDKTPLUS/HW_T2/gnu_434/lib/GRAPHICLIB.LIB(GL_Message_GetKey.o)
                0x00006e5c                GL_Message_GetKey
 .text          0x00006e74       0x24 C:/Users/Student1/Downloads/POS/SDKs/SDK11.16.4.02/SDKTPLUS/HW_T2/gnu_434/lib/GRAPHICLIB.LIB(GL_Message_GetWidget.o)
                0x00006e80                GL_Message_GetWidget
 .text          0x00006e98       0x24 C:/Users/Student1/Downloads/POS/SDKs/SDK11.16.4.02/SDKTPLUS/HW_T2/gnu_434/lib/GRAPHICLIB.LIB(GL_Message_GetWindow.o)
                0x00006ea4                GL_Message_GetWindow
 .text          0x00006ebc       0x24 C:/Users/Student1/Downloads/POS/SDKs/SDK11.16.4.02/SDKTPLUS/HW_T2/gnu_434/lib/GRAPHICLIB.LIB(GL_Message_SetResult.o)
                0x00006ec8                GL_Message_SetResult
 .text          0x00006ee0       0x24 C:/Users/Student1/Downloads/POS/SDKs/SDK11.16.4.02/SDKTPLUS/HW_T2/gnu_434/lib/GRAPHICLIB.LIB(GL_Message_SetUserData.o)
                0x00006eec                GL_Message_SetUserData
 .text          0x00006f04       0x24 C:/Users/Student1/Downloads/POS/SDKs/SDK11.16.4.02/SDKTPLUS/HW_T2/gnu_434/lib/GRAPHICLIB.LIB(GL_Picture_Create.o)
                0x00006f10                GL_Picture_Create
 .text          0x00006f28       0x24 C:/Users/Student1/Downloads/POS/SDKs/SDK11.16.4.02/SDKTPLUS/HW_T2/gnu_434/lib/GRAPHICLIB.LIB(GL_Print_Create.o)
                0x00006f34                GL_Print_Create
 .text          0x00006f4c       0x24 C:/Users/Student1/Downloads/POS/SDKs/SDK11.16.4.02/SDKTPLUS/HW_T2/gnu_434/lib/GRAPHICLIB.LIB(GL_Timer_Create.o)
                0x00006f58                GL_Timer_Create
 .text          0x00006f70       0x24 C:/Users/Student1/Downloads/POS/SDKs/SDK11.16.4.02/SDKTPLUS/HW_T2/gnu_434/lib/GRAPHICLIB.LIB(GL_Timer_SetInterval.o)
                0x00006f7c                GL_Timer_SetInterval
 .text          0x00006f94       0x24 C:/Users/Student1/Downloads/POS/SDKs/SDK11.16.4.02/SDKTPLUS/HW_T2/gnu_434/lib/GRAPHICLIB.LIB(GL_Timer_Stop.o)
                0x00006fa0                GL_Timer_Stop
 .text          0x00006fb8       0x24 C:/Users/Student1/Downloads/POS/SDKs/SDK11.16.4.02/SDKTPLUS/HW_T2/gnu_434/lib/GRAPHICLIB.LIB(GL_Widget_Destroy.o)
                0x00006fc4                GL_Widget_Destroy
 .text          0x00006fdc       0x24 C:/Users/Student1/Downloads/POS/SDKs/SDK11.16.4.02/SDKTPLUS/HW_T2/gnu_434/lib/GRAPHICLIB.LIB(GL_Widget_GetText.o)
                0x00006fe8                GL_Widget_GetText
 .text          0x00007000       0x24 C:/Users/Student1/Downloads/POS/SDKs/SDK11.16.4.02/SDKTPLUS/HW_T2/gnu_434/lib/GRAPHICLIB.LIB(GL_Widget_GetUserData.o)
                0x0000700c                GL_Widget_GetUserData
 .text          0x00007024       0x24 C:/Users/Student1/Downloads/POS/SDKs/SDK11.16.4.02/SDKTPLUS/HW_T2/gnu_434/lib/GRAPHICLIB.LIB(GL_Widget_RegisterCallback.o)
                0x00007030                GL_Widget_RegisterCallback
 .text          0x00007048       0x24 C:/Users/Student1/Downloads/POS/SDKs/SDK11.16.4.02/SDKTPLUS/HW_T2/gnu_434/lib/GRAPHICLIB.LIB(GL_Widget_SearchId.o)
                0x00007054                GL_Widget_SearchId
 .text          0x0000706c       0x24 C:/Users/Student1/Downloads/POS/SDKs/SDK11.16.4.02/SDKTPLUS/HW_T2/gnu_434/lib/GRAPHICLIB.LIB(GL_Widget_SetBackAlign.o)
                0x00007078                GL_Widget_SetBackAlign
 .text          0x00007090       0x24 C:/Users/Student1/Downloads/POS/SDKs/SDK11.16.4.02/SDKTPLUS/HW_T2/gnu_434/lib/GRAPHICLIB.LIB(GL_Widget_SetBackColor.o)
                0x0000709c                GL_Widget_SetBackColor
 .text          0x000070b4       0x24 C:/Users/Student1/Downloads/POS/SDKs/SDK11.16.4.02/SDKTPLUS/HW_T2/gnu_434/lib/GRAPHICLIB.LIB(GL_Widget_SetBorders.o)
                0x000070c0                GL_Widget_SetBorders
 .text          0x000070d8       0x24 C:/Users/Student1/Downloads/POS/SDKs/SDK11.16.4.02/SDKTPLUS/HW_T2/gnu_434/lib/GRAPHICLIB.LIB(GL_Widget_SetExpand.o)
                0x000070e4                GL_Widget_SetExpand
 .text          0x000070fc       0x24 C:/Users/Student1/Downloads/POS/SDKs/SDK11.16.4.02/SDKTPLUS/HW_T2/gnu_434/lib/GRAPHICLIB.LIB(GL_Widget_SetFocusable.o)
                0x00007108                GL_Widget_SetFocusable
 .text          0x00007120       0x24 C:/Users/Student1/Downloads/POS/SDKs/SDK11.16.4.02/SDKTPLUS/HW_T2/gnu_434/lib/GRAPHICLIB.LIB(GL_Widget_SetFontName.o)
                0x0000712c                GL_Widget_SetFontName
 .text          0x00007144       0x24 C:/Users/Student1/Downloads/POS/SDKs/SDK11.16.4.02/SDKTPLUS/HW_T2/gnu_434/lib/GRAPHICLIB.LIB(GL_Widget_SetFontScale.o)
                0x00007150                GL_Widget_SetFontScale
 .text          0x00007168       0x24 C:/Users/Student1/Downloads/POS/SDKs/SDK11.16.4.02/SDKTPLUS/HW_T2/gnu_434/lib/GRAPHICLIB.LIB(GL_Widget_SetFontStyle.o)
                0x00007174                GL_Widget_SetFontStyle
 .text          0x0000718c       0x24 C:/Users/Student1/Downloads/POS/SDKs/SDK11.16.4.02/SDKTPLUS/HW_T2/gnu_434/lib/GRAPHICLIB.LIB(GL_Widget_SetForeColor.o)
                0x00007198                GL_Widget_SetForeColor
 .text          0x000071b0       0x24 C:/Users/Student1/Downloads/POS/SDKs/SDK11.16.4.02/SDKTPLUS/HW_T2/gnu_434/lib/GRAPHICLIB.LIB(GL_Widget_SetGrow.o)
                0x000071bc                GL_Widget_SetGrow
 .text          0x000071d4       0x24 C:/Users/Student1/Downloads/POS/SDKs/SDK11.16.4.02/SDKTPLUS/HW_T2/gnu_434/lib/GRAPHICLIB.LIB(GL_Widget_SetId.o)
                0x000071e0                GL_Widget_SetId
 .text          0x000071f8       0x24 C:/Users/Student1/Downloads/POS/SDKs/SDK11.16.4.02/SDKTPLUS/HW_T2/gnu_434/lib/GRAPHICLIB.LIB(GL_Widget_SetItem.o)
                0x00007204                GL_Widget_SetItem
 .text          0x0000721c       0x24 C:/Users/Student1/Downloads/POS/SDKs/SDK11.16.4.02/SDKTPLUS/HW_T2/gnu_434/lib/GRAPHICLIB.LIB(GL_Widget_SetMargins.o)
                0x00007228                GL_Widget_SetMargins
 .text          0x00007240       0x24 C:/Users/Student1/Downloads/POS/SDKs/SDK11.16.4.02/SDKTPLUS/HW_T2/gnu_434/lib/GRAPHICLIB.LIB(GL_Widget_SetMinSize.o)
                0x0000724c                GL_Widget_SetMinSize
 .text          0x00007264       0x24 C:/Users/Student1/Downloads/POS/SDKs/SDK11.16.4.02/SDKTPLUS/HW_T2/gnu_434/lib/GRAPHICLIB.LIB(GL_Widget_SetShortcut.o)
                0x00007270                GL_Widget_SetShortcut
 .text          0x00007288       0x24 C:/Users/Student1/Downloads/POS/SDKs/SDK11.16.4.02/SDKTPLUS/HW_T2/gnu_434/lib/GRAPHICLIB.LIB(GL_Widget_SetShrink.o)
                0x00007294                GL_Widget_SetShrink
 .text          0x000072ac       0x24 C:/Users/Student1/Downloads/POS/SDKs/SDK11.16.4.02/SDKTPLUS/HW_T2/gnu_434/lib/GRAPHICLIB.LIB(GL_Widget_SetSize.o)
                0x000072b8                GL_Widget_SetSize
 .text          0x000072d0       0x24 C:/Users/Student1/Downloads/POS/SDKs/SDK11.16.4.02/SDKTPLUS/HW_T2/gnu_434/lib/GRAPHICLIB.LIB(GL_Widget_SetSource.o)
                0x000072dc                GL_Widget_SetSource
 .text          0x000072f4       0x24 C:/Users/Student1/Downloads/POS/SDKs/SDK11.16.4.02/SDKTPLUS/HW_T2/gnu_434/lib/GRAPHICLIB.LIB(GL_Widget_SetText.o)
                0x00007300                GL_Widget_SetText
 .text          0x00007318       0x24 C:/Users/Student1/Downloads/POS/SDKs/SDK11.16.4.02/SDKTPLUS/HW_T2/gnu_434/lib/GRAPHICLIB.LIB(GL_Widget_SetTextAlign.o)
                0x00007324                GL_Widget_SetTextAlign
 .text          0x0000733c       0x24 C:/Users/Student1/Downloads/POS/SDKs/SDK11.16.4.02/SDKTPLUS/HW_T2/gnu_434/lib/GRAPHICLIB.LIB(GL_Widget_SetTextPaddings.o)
                0x00007348                GL_Widget_SetTextPaddings
 .text          0x00007360       0x24 C:/Users/Student1/Downloads/POS/SDKs/SDK11.16.4.02/SDKTPLUS/HW_T2/gnu_434/lib/GRAPHICLIB.LIB(GL_Widget_SetTransformation.o)
                0x0000736c                GL_Widget_SetTransformation
 .text          0x00007384       0x24 C:/Users/Student1/Downloads/POS/SDKs/SDK11.16.4.02/SDKTPLUS/HW_T2/gnu_434/lib/GRAPHICLIB.LIB(GL_Widget_SetVisible.o)
                0x00007390                GL_Widget_SetVisible
 .text          0x000073a8       0x24 C:/Users/Student1/Downloads/POS/SDKs/SDK11.16.4.02/SDKTPLUS/HW_T2/gnu_434/lib/GRAPHICLIB.LIB(GL_Widget_SetWrap.o)
                0x000073b4                GL_Widget_SetWrap
 .text          0x000073cc       0x24 C:/Users/Student1/Downloads/POS/SDKs/SDK11.16.4.02/SDKTPLUS/HW_T2/gnu_434/lib/GRAPHICLIB.LIB(GL_Widget_UnregisterCallback.o)
                0x000073d8                GL_Widget_UnregisterCallback
 .text          0x000073f0       0x24 C:/Users/Student1/Downloads/POS/SDKs/SDK11.16.4.02/SDKTPLUS/HW_T2/gnu_434/lib/GRAPHICLIB.LIB(GL_Window_Create.o)
                0x000073fc                GL_Window_Create
 .text          0x00007414       0x24 C:/Users/Student1/Downloads/POS/SDKs/SDK11.16.4.02/SDKTPLUS/HW_T2/gnu_434/lib/GRAPHICLIB.LIB(GL_Window_Dispatch.o)
                0x00007420                GL_Window_Dispatch
 .text          0x00007438       0x24 C:/Users/Student1/Downloads/POS/SDKs/SDK11.16.4.02/SDKTPLUS/HW_T2/gnu_434/lib/GRAPHICLIB.LIB(GL_Window_GetResult.o)
                0x00007444                GL_Window_GetResult
 .text          0x0000745c       0x24 C:/Users/Student1/Downloads/POS/SDKs/SDK11.16.4.02/SDKTPLUS/HW_T2/gnu_434/lib/GRAPHICLIB.LIB(GL_Window_MainLoop.o)
                0x00007468                GL_Window_MainLoop
 .text          0x00007480       0x24 C:/Users/Student1/Downloads/POS/SDKs/SDK11.16.4.02/SDKTPLUS/HW_T2/gnu_434/lib/GRAPHICLIB.LIB(GL_Window_PreviousFocus.o)
                0x0000748c                GL_Window_PreviousFocus
 .text          0x000074a4      0x114 C:/Users/Student1/Downloads/POS/SDKs/SDK11.16.4.02/SDKTPLUS/HW_T2/gnu_434/lib/GRAPHICLIB.LIB(GL_link.o)
                0x000074a4                GL_IsPresent
                0x000074e0                GL_GetProcAddressWithoutExit
                0x00007578                GL_GetProcAddress
 .text          0x000075b8       0x2c C:/Users/Student1/Downloads/POS/SDKs/SDK11.16.4.02/SDKTPLUS/HW_T2/gnu_434/lib/GRAPHICLIB.LIB(gl_asm_link.o)
                0x000075b8                GL_InitFuncAndBranch
                0x000075c8                GL_Swi_ObjectLoad
                0x000075d6                GL_Swi_DllLink
 .text          0x000075e4       0x1c C:/Users/Student1/Downloads/POS/IngeDev_8.18.0.5/toolchains/gnuArm4/arm-elf/lib/thumb/soft/interwork/libc.a(lib_a-memcpy.o)
                0x000075e4                memcpy
 .text          0x00007600       0x10 C:/Users/Student1/Downloads/POS/IngeDev_8.18.0.5/toolchains/gnuArm4/arm-elf/lib/thumb/soft/interwork/libc.a(lib_a-memset.o)
                0x00007600                memset
 .text          0x00007610       0xa0 C:/Users/Student1/Downloads/POS/IngeDev_8.18.0.5/toolchains/gnuArm4/arm-elf/lib/thumb/soft/interwork/libc.a(lib_a-sscanf.o)
                0x00007610                _sscanf_r
                0x00007660                sscanf
 .text          0x000076b0       0xac C:/Users/Student1/Downloads/POS/IngeDev_8.18.0.5/toolchains/gnuArm4/arm-elf/lib/thumb/soft/interwork/libc.a(lib_a-stdio.o)
                0x000076b0                __seofread
                0x000076b4                __sclose
                0x000076c4                __sseek
                0x000076f4                __swrite
                0x00007730                __sread
 .text          0x0000775c       0x24 C:/Users/Student1/Downloads/POS/IngeDev_8.18.0.5/toolchains/gnuArm4/arm-elf/lib/thumb/soft/interwork/libc.a(lib_a-strcat.o)
                0x0000775c                strcat
 .text          0x00007780       0x1c C:/Users/Student1/Downloads/POS/IngeDev_8.18.0.5/toolchains/gnuArm4/arm-elf/lib/thumb/soft/interwork/libc.a(lib_a-strchr.o)
                0x00007780                strchr
 .text          0x0000779c       0x10 C:/Users/Student1/Downloads/POS/IngeDev_8.18.0.5/toolchains/gnuArm4/arm-elf/lib/thumb/soft/interwork/libc.a(lib_a-strcpy.o)
                0x0000779c                strcpy
 .text          0x000077ac       0x10 C:/Users/Student1/Downloads/POS/IngeDev_8.18.0.5/toolchains/gnuArm4/arm-elf/lib/thumb/soft/interwork/libc.a(lib_a-strlen.o)
                0x000077ac                strlen
 .text          0x000077bc       0x34 C:/Users/Student1/Downloads/POS/IngeDev_8.18.0.5/toolchains/gnuArm4/arm-elf/lib/thumb/soft/interwork/libc.a(lib_a-strncpy.o)
                0x000077bc                strncpy
 .text          0x000077f0      0xc7c C:/Users/Student1/Downloads/POS/IngeDev_8.18.0.5/toolchains/gnuArm4/arm-elf/lib/thumb/soft/interwork/libc.a(lib_a-svfscanf.o)
                0x000077f0                __ssvfscanf_r
 .text          0x0000846c       0x2c C:/Users/Student1/Downloads/POS/IngeDev_8.18.0.5/toolchains/gnuArm4/arm-elf/lib/thumb/soft/interwork/libc.a(lib_a-writer.o)
                0x0000846c                _write_r
 .text          0x00008498       0x28 C:/Users/Student1/Downloads/POS/IngeDev_8.18.0.5/toolchains/gnuArm4/arm-elf/lib/thumb/soft/interwork/libc.a(lib_a-closer.o)
                0x00008498                _close_r
 .text          0x000084c0        0x0 C:/Users/Student1/Downloads/POS/IngeDev_8.18.0.5/toolchains/gnuArm4/arm-elf/lib/thumb/soft/interwork/libc.a(lib_a-ctype_.o)
 .text          0x000084c0      0x1d4 C:/Users/Student1/Downloads/POS/IngeDev_8.18.0.5/toolchains/gnuArm4/arm-elf/lib/thumb/soft/interwork/libc.a(lib_a-findfp.o)
                0x000084c0                __sfp_lock_acquire
                0x000084c4                __sfp_lock_release
                0x000084c8                __sinit_lock_acquire
                0x000084cc                __sinit_lock_release
                0x000084d8                __fp_unlock_all
                0x000084f0                __fp_lock_all
                0x00008508                _cleanup_r
                0x00008518                _cleanup
                0x0000857c                __sinit
                0x000085d8                __sfmoreglue
                0x0000860c                __sfp
 .text          0x00008694       0xa8 C:/Users/Student1/Downloads/POS/IngeDev_8.18.0.5/toolchains/gnuArm4/arm-elf/lib/thumb/soft/interwork/libc.a(lib_a-fwalk.o)
                0x00008694                _fwalk_reent
                0x000086e8                _fwalk
 .text          0x0000873c        0x0 C:/Users/Student1/Downloads/POS/IngeDev_8.18.0.5/toolchains/gnuArm4/arm-elf/lib/thumb/soft/interwork/libc.a(lib_a-impure.o)
 .text          0x0000873c       0x1c C:/Users/Student1/Downloads/POS/IngeDev_8.18.0.5/toolchains/gnuArm4/arm-elf/lib/thumb/soft/interwork/libc.a(lib_a-iswspace.o)
                0x0000873c                iswspace
 .text          0x00008758       0x84 C:/Users/Student1/Downloads/POS/IngeDev_8.18.0.5/toolchains/gnuArm4/arm-elf/lib/thumb/soft/interwork/libc.a(lib_a-locale.o)
                0x00008758                __locale_charset
                0x00008760                __locale_msgcharset
                0x00008768                __locale_cjk_lang
                0x0000876c                _localeconv_r
                0x00008774                localeconv
                0x0000877c                _setlocale_r
                0x000087c0                setlocale
 .text          0x000087dc       0x2c C:/Users/Student1/Downloads/POS/IngeDev_8.18.0.5/toolchains/gnuArm4/arm-elf/lib/thumb/soft/interwork/libc.a(lib_a-lseekr.o)
                0x000087dc                _lseek_r
 .text          0x00008808       0x8c C:/Users/Student1/Downloads/POS/IngeDev_8.18.0.5/toolchains/gnuArm4/arm-elf/lib/thumb/soft/interwork/libc.a(lib_a-mbrtowc.o)
                0x00008808                _mbrtowc_r
                0x00008868                mbrtowc
 .text          0x00008894       0x64 C:/Users/Student1/Downloads/POS/IngeDev_8.18.0.5/toolchains/gnuArm4/arm-elf/lib/thumb/soft/interwork/libc.a(lib_a-mbtowc_r.o)
                0x00008894                __ascii_mbtowc
                0x000088c0                _mbtowc_r
 .text          0x000088f8       0x2c C:/Users/Student1/Downloads/POS/IngeDev_8.18.0.5/toolchains/gnuArm4/arm-elf/lib/thumb/soft/interwork/libc.a(lib_a-readr.o)
                0x000088f8                _read_r
 .text          0x00008924      0x108 C:/Users/Student1/Downloads/POS/IngeDev_8.18.0.5/toolchains/gnuArm4/arm-elf/lib/thumb/soft/interwork/libc.a(lib_a-reent.o)
                0x00008924                _wrapup_reent
                0x0000896c                cleanup_glue
                0x0000898c                _reclaim_reent
 .text          0x00008a2c       0x7c C:/Users/Student1/Downloads/POS/IngeDev_8.18.0.5/toolchains/gnuArm4/arm-elf/lib/thumb/soft/interwork/libc.a(lib_a-s_fpclassify.o)
                0x00008a2c                __fpclassifyd
 .text          0x00008aa8       0x78 C:/Users/Student1/Downloads/POS/IngeDev_8.18.0.5/toolchains/gnuArm4/arm-elf/lib/thumb/soft/interwork/libc.a(lib_a-sccl.o)
                0x00008aa8                __sccl
 .text          0x00008b20        0x8 C:/Users/Student1/Downloads/POS/IngeDev_8.18.0.5/toolchains/gnuArm4/arm-elf/lib/thumb/soft/interwork/libc.a(lib_a-sf_nan.o)
                0x00008b20                nanf
 .text          0x00008b28       0x14 C:/Users/Student1/Downloads/POS/IngeDev_8.18.0.5/toolchains/gnuArm4/arm-elf/lib/thumb/soft/interwork/libc.a(lib_a-strcmp.o)
                0x00008b28                strcmp
 .text          0x00008b3c      0xc88 C:/Users/Student1/Downloads/POS/IngeDev_8.18.0.5/toolchains/gnuArm4/arm-elf/lib/thumb/soft/interwork/libc.a(lib_a-strtod.o)
                0x00008b3c                _strtod_r
                0x00009774                strtof
                0x000097a8                strtod
 .text          0x000097c4      0x154 C:/Users/Student1/Downloads/POS/IngeDev_8.18.0.5/toolchains/gnuArm4/arm-elf/lib/thumb/soft/interwork/libc.a(lib_a-strtol.o)
                0x000097c4                _strtol_r
                0x000098f8                strtol
 .text          0x00009918      0x128 C:/Users/Student1/Downloads/POS/IngeDev_8.18.0.5/toolchains/gnuArm4/arm-elf/lib/thumb/soft/interwork/libc.a(lib_a-strtoul.o)
                0x00009918                _strtoul_r
                0x00009a20                strtoul
 .text          0x00009a40      0x998 C:/Users/Student1/Downloads/POS/IngeDev_8.18.0.5/toolchains/gnuArm4/arm-elf/lib/thumb/soft/interwork/libc.a(lib_a-svfiscanf.o)
                0x00009a40                __ssrefill_r
                0x00009a84                _sfread_r
                0x00009b00                _sungetc_r
                0x00009b8c                __ssvfiscanf_r
 .text          0x0000a3d8      0x59c C:/Users/Student1/Downloads/POS/IngeDev_8.18.0.5/toolchains/gnuArm4/arm-elf/lib/thumb/soft/interwork/libc.a(lib_a-syscalls.o)
                0x0000a3d8                initialise_monitor_handles
                0x0000a450                _kill
                0x0000a478                _exit
                0x0000a490                _getpid
                0x0000a494                _link
                0x0000a49c                _raise
                0x0000a4a0                _gettimeofday
                0x0000a4cc                _times
                0x0000a514                _rename
                0x0000a54c                _system
                0x0000a594                _unlink
                0x0000a5c0                _swiopen
                0x0000a650                _open
                0x0000a664                _sbrk
                0x0000a6e8                _isatty
                0x0000a70c                _swiclose
                0x0000a74c                _close
                0x0000a75c                _swiwrite
                0x0000a784                _write
                0x0000a7ec                _swilseek
                0x0000a878                _lseek
                0x0000a888                _swiread
                0x0000a8b0                _read
                0x0000a914                _stat
                0x0000a950                _fstat
 .text          0x0000a974      0x17c C:/Users/Student1/Downloads/POS/IngeDev_8.18.0.5/toolchains/gnuArm4/arm-elf/lib/thumb/soft/interwork/libc.a(lib_a-ungetc.o)
                0x0000a974                __submore
                0x0000a9f0                _ungetc_r
                0x0000aad4                ungetc
 .text          0x0000aaf0        0xc C:/Users/Student1/Downloads/POS/IngeDev_8.18.0.5/toolchains/gnuArm4/arm-elf/lib/thumb/soft/interwork/libc.a(lib_a-errno.o)
                0x0000aaf0                __errno
 .text          0x0000aafc       0xac C:/Users/Student1/Downloads/POS/IngeDev_8.18.0.5/toolchains/gnuArm4/arm-elf/lib/thumb/soft/interwork/libc.a(lib_a-fclose.o)
                0x0000aafc                _fclose_r
                0x0000ab90                fclose
 .text          0x0000aba8      0x18c C:/Users/Student1/Downloads/POS/IngeDev_8.18.0.5/toolchains/gnuArm4/arm-elf/lib/thumb/soft/interwork/libc.a(lib_a-fflush.o)
                0x0000aba8                _fflush_r
                0x0000ad00                fflush
 .text          0x0000ad34      0x54c C:/Users/Student1/Downloads/POS/IngeDev_8.18.0.5/toolchains/gnuArm4/arm-elf/lib/thumb/soft/interwork/libc.a(lib_a-gdtoa-gethex.o)
                0x0000ad34                __hexdig_init
                0x0000ae00                __gethex
 .text          0x0000b280      0x170 C:/Users/Student1/Downloads/POS/IngeDev_8.18.0.5/toolchains/gnuArm4/arm-elf/lib/thumb/soft/interwork/libc.a(lib_a-gdtoa-hexnan.o)
                0x0000b280                __hexnan
 .text          0x0000b3f0      0x8e8 C:/Users/Student1/Downloads/POS/IngeDev_8.18.0.5/toolchains/gnuArm4/arm-elf/lib/thumb/soft/interwork/libc.a(lib_a-mprec.o)
                0x0000b3f0                _Bfree
                0x0000b408                __hi0bits
                0x0000b450                __lo0bits
                0x0000b4b4                __mcmp
                0x0000b4f4                __ulp
                0x0000b53c                __b2d
                0x0000b5f8                __ratio
                0x0000b64c                _mprec_log10
                0x0000b68c                __copybits
                0x0000b6c0                __any_on
                0x0000b710                _Balloc
                0x0000b764                __d2b
                0x0000b82c                __mdiff
                0x0000b940                __lshift
                0x0000b9d8                __multiply
                0x0000bb14                __i2b
                0x0000bb2c                __multadd
                0x0000bbb8                __pow5mult
                0x0000bc54                __s2b
 .text          0x0000bcd8       0x2c C:/Users/Student1/Downloads/POS/IngeDev_8.18.0.5/toolchains/gnuArm4/arm-elf/lib/thumb/soft/interwork/libc.a(lib_a-strncmp.o)
                0x0000bcd8                strncmp
 .text          0x0000bd04       0x8c C:/Users/Student1/Downloads/POS/IngeDev_8.18.0.5/toolchains/gnuArm4/lib/gcc/arm-elf/4.3.4/thumb/soft/interwork/libgcc.a(_udivsi3.o)
                0x0000bd04                __udivsi3
                0x0000bd04                __aeabi_uidiv
                0x0000bd80                __aeabi_uidivmod
 .text          0x0000bd90       0xa4 C:/Users/Student1/Downloads/POS/IngeDev_8.18.0.5/toolchains/gnuArm4/lib/gcc/arm-elf/4.3.4/thumb/soft/interwork/libgcc.a(_divsi3.o)
                0x0000bd90                __aeabi_idiv
                0x0000bd90                __divsi3
                0x0000be24                __aeabi_idivmod
 .text          0x0000be34       0xc8 C:/Users/Student1/Downloads/POS/IngeDev_8.18.0.5/toolchains/gnuArm4/lib/gcc/arm-elf/4.3.4/thumb/soft/interwork/libgcc.a(_umodsi3.o)
                0x0000be34                __umodsi3
 .text          0x0000befc        0x4 C:/Users/Student1/Downloads/POS/IngeDev_8.18.0.5/toolchains/gnuArm4/lib/gcc/arm-elf/4.3.4/thumb/soft/interwork/libgcc.a(_dvmd_tls.o)
                0x0000befc                __aeabi_ldiv0
                0x0000befc                __div0
                0x0000befc                __aeabi_idiv0
 .text          0x0000bf00      0x430 C:/Users/Student1/Downloads/POS/IngeDev_8.18.0.5/toolchains/gnuArm4/lib/gcc/arm-elf/4.3.4/thumb/soft/interwork/libgcc.a(_addsubdf3.o)
                0x0000bf00                __aeabi_drsub
                0x0000bf08                __subdf3
                0x0000bf08                __aeabi_dsub
                0x0000bf0c                __aeabi_dadd
                0x0000bf0c                __adddf3
                0x0000c21c                __aeabi_ui2d
                0x0000c21c                __floatunsidf
                0x0000c244                __floatsidf
                0x0000c244                __aeabi_i2d
                0x0000c270                __extendsfdf2
                0x0000c270                __aeabi_f2d
                0x0000c2b0                __aeabi_ul2d
                0x0000c2b0                __floatundidf
                0x0000c2c4                __aeabi_l2d
                0x0000c2c4                __floatdidf
 .text          0x0000c330      0x49c C:/Users/Student1/Downloads/POS/IngeDev_8.18.0.5/toolchains/gnuArm4/lib/gcc/arm-elf/4.3.4/thumb/soft/interwork/libgcc.a(_muldivdf3.o)
                0x0000c330                __aeabi_dmul
                0x0000c330                __muldf3
                0x0000c5c0                __aeabi_ddiv
                0x0000c5c0                __divdf3
 .text          0x0000c7cc      0x140 C:/Users/Student1/Downloads/POS/IngeDev_8.18.0.5/toolchains/gnuArm4/lib/gcc/arm-elf/4.3.4/thumb/soft/interwork/libgcc.a(_cmpdf2.o)
                0x0000c7cc                __gtdf2
                0x0000c7cc                __gedf2
                0x0000c7d4                __ltdf2
                0x0000c7d4                __ledf2
                0x0000c7dc                __eqdf2
                0x0000c7dc                __nedf2
                0x0000c7dc                __cmpdf2
                0x0000c860                __aeabi_cdrcmple
                0x0000c87c                __aeabi_cdcmple
                0x0000c87c                __aeabi_cdcmpeq
                0x0000c894                __aeabi_dcmpeq
                0x0000c8ac                __aeabi_dcmplt
                0x0000c8c4                __aeabi_dcmple
                0x0000c8dc                __aeabi_dcmpge
                0x0000c8f4                __aeabi_dcmpgt
 .text          0x0000c90c       0x5c C:/Users/Student1/Downloads/POS/IngeDev_8.18.0.5/toolchains/gnuArm4/lib/gcc/arm-elf/4.3.4/thumb/soft/interwork/libgcc.a(_fixdfsi.o)
                0x0000c90c                __fixdfsi
                0x0000c90c                __aeabi_d2iz
 .text          0x0000c968       0x54 C:/Users/Student1/Downloads/POS/IngeDev_8.18.0.5/toolchains/gnuArm4/lib/gcc/arm-elf/4.3.4/thumb/soft/interwork/libgcc.a(_fixunsdfsi.o)
                0x0000c968                __fixunsdfsi
                0x0000c968                __aeabi_d2uiz
 .text          0x0000c9bc       0xa0 C:/Users/Student1/Downloads/POS/IngeDev_8.18.0.5/toolchains/gnuArm4/lib/gcc/arm-elf/4.3.4/thumb/soft/interwork/libgcc.a(_truncdfsf2.o)
                0x0000c9bc                __aeabi_d2f
                0x0000c9bc                __truncdfsf2
 .text          0x0000ca5c        0xe C:/Users/Student1/Downloads/POS/SDKs/SDK11.16.4.02/SDKTPLUS/HW_T2/gnu_434/lib/TRAP_TELIUM_PLUS.LIB(upload_diagnostic_txt.o)
                0x0000ca5c                upload_diagnostic_txt
 *fill*         0x0000ca6a        0x6 00
 .text.stub     0x0000ca70       0x68 linker stubs
 *(.gnu.linkonce.t.*)
 *(.strings .strings.*)
 *(.glue_7)
 .glue_7        0x00000000        0x0 linker stubs
 *(.glue_7t)
 .glue_7t       0x00000000        0x0 linker stubs
 *(.gcc_except_table)

.vfp11_veneer   0x0000cad8        0x0
 .vfp11_veneer  0x00000000        0x0 linker stubs

.v4_bx          0x0000cad8        0x0
 .v4_bx         0x00000000        0x0 linker stubs

.eh_frame
 *(.eh_frame)

.jcr
 *(.jcr)

.ctors          0x0000cad8        0x0
                0x0000cad8                __ctors_start = .
 *(SORT(.ctors.*))
 *(.ctors)
                0x0000cad8                __ctors_end = .

.dtors          0x0000cad8        0x0
                0x0000cad8                __dtors_start = .
 *(SORT(.dtors.*))
 *(.dtors)
                0x0000cad8                __dtors_end = .

.rodata         0x0000cad8      0xf08
 *(.rodata .rodata.*)
 .rodata        0x0000cad8       0x18 C:/Users/Student1/Downloads/POS/SDKs/SDK11.16.4.02/SDKTPLUS/HW_T2/gnu_434/startfiles/cstartupTplus.o
 .rodata        0x0000caf0       0xd8 Obj/GNU_ARM_DEBUG_T2/Main.o
 .rodata        0x0000cbc8      0x35c Obj/GNU_ARM_DEBUG_T2/Entry.o
 .rodata        0x0000cf24       0x70 Obj/GNU_ARM_DEBUG_T2/Menu.o
 .rodata        0x0000cf94       0xa4 Obj/GNU_ARM_DEBUG_T2/DateScreen.o
                0x0000cf94                DATESCREEN_OK_STATUS
                0x0000cf98                DATESCREEN_CANCEL_STATUS
 .rodata        0x0000d038      0x228 Obj/GNU_ARM_DEBUG_T2/Sales.o
 .rodata        0x0000d260      0x178 Obj/GNU_ARM_DEBUG_T2/Bill.o
 .rodata        0x0000d3d8      0x1a8 Obj/GNU_ARM_DEBUG_T2/Cashback.o
 .rodata        0x0000d580       0xb0 Obj/GNU_ARM_DEBUG_T2/Goal.o
 .rodata.str1.1
                0x0000d630        0x8 C:/Users/Student1/Downloads/POS/SDKs/SDK11.16.4.02/SDKTPLUS/HW_T2/gnu_434/lib/eft30tplus.lib(extenstp1.o)
 .rodata.str1.1
                0x00000000        0x8 C:/Users/Student1/Downloads/POS/SDKs/SDK11.16.4.02/SDKTPLUS/HW_T2/gnu_434/lib/eft30tplus.lib(toolstp1.o)
 .rodata.str1.1
                0x0000d638       0x6a C:/Users/Student1/Downloads/POS/SDKs/SDK11.16.4.02/SDKTPLUS/HW_T2/gnu_434/lib/GRAPHICLIB.LIB(GL_link.o)
 .rodata.str1.1
                0x0000d6a2        0x5 C:/Users/Student1/Downloads/POS/IngeDev_8.18.0.5/toolchains/gnuArm4/arm-elf/lib/thumb/soft/interwork/libc.a(lib_a-svfscanf.o)
 *fill*         0x0000d6a7        0x1 00
 .rodata        0x0000d6a8       0x38 C:/Users/Student1/Downloads/POS/IngeDev_8.18.0.5/toolchains/gnuArm4/arm-elf/lib/thumb/soft/interwork/libc.a(lib_a-svfscanf.o)
 .rodata        0x0000d6e0      0x101 C:/Users/Student1/Downloads/POS/IngeDev_8.18.0.5/toolchains/gnuArm4/arm-elf/lib/thumb/soft/interwork/libc.a(lib_a-ctype_.o)
                0x0000d6e0                _ctype_
 *fill*         0x0000d7e1        0x3 00
 .rodata        0x0000d7e4        0x4 C:/Users/Student1/Downloads/POS/IngeDev_8.18.0.5/toolchains/gnuArm4/arm-elf/lib/thumb/soft/interwork/libc.a(lib_a-impure.o)
                0x0000d7e4                _global_impure_ptr
 .rodata.str1.1
                0x0000d7e8        0x2 C:/Users/Student1/Downloads/POS/IngeDev_8.18.0.5/toolchains/gnuArm4/arm-elf/lib/thumb/soft/interwork/libc.a(lib_a-impure.o)
 .rodata.str1.1
                0x0000d7ea        0x8 C:/Users/Student1/Downloads/POS/IngeDev_8.18.0.5/toolchains/gnuArm4/arm-elf/lib/thumb/soft/interwork/libc.a(lib_a-locale.o)
                                  0xb (size before relaxing)
 *fill*         0x0000d7f2        0x2 00
 .rodata        0x0000d7f4       0x38 C:/Users/Student1/Downloads/POS/IngeDev_8.18.0.5/toolchains/gnuArm4/arm-elf/lib/thumb/soft/interwork/libc.a(lib_a-locale.o)
 .rodata.str1.1
                0x00000000        0x1 C:/Users/Student1/Downloads/POS/IngeDev_8.18.0.5/toolchains/gnuArm4/arm-elf/lib/thumb/soft/interwork/libc.a(lib_a-mbrtowc.o)
 .rodata.str1.1
                0x0000d82c        0xc C:/Users/Student1/Downloads/POS/IngeDev_8.18.0.5/toolchains/gnuArm4/arm-elf/lib/thumb/soft/interwork/libc.a(lib_a-strtod.o)
 .rodata        0x0000d838       0x44 C:/Users/Student1/Downloads/POS/IngeDev_8.18.0.5/toolchains/gnuArm4/arm-elf/lib/thumb/soft/interwork/libc.a(lib_a-strtod.o)
 .rodata        0x0000d87c       0x22 C:/Users/Student1/Downloads/POS/IngeDev_8.18.0.5/toolchains/gnuArm4/arm-elf/lib/thumb/soft/interwork/libc.a(lib_a-svfiscanf.o)
 .rodata.str1.1
                0x0000d89e        0x4 C:/Users/Student1/Downloads/POS/IngeDev_8.18.0.5/toolchains/gnuArm4/arm-elf/lib/thumb/soft/interwork/libc.a(lib_a-syscalls.o)
 .rodata.str1.1
                0x0000d8a2       0x19 C:/Users/Student1/Downloads/POS/IngeDev_8.18.0.5/toolchains/gnuArm4/arm-elf/lib/thumb/soft/interwork/libc.a(lib_a-gdtoa-gethex.o)
 *fill*         0x0000d8bb        0x1 00
 .rodata        0x0000d8bc      0x124 C:/Users/Student1/Downloads/POS/IngeDev_8.18.0.5/toolchains/gnuArm4/arm-elf/lib/thumb/soft/interwork/libc.a(lib_a-mprec.o)
                0x0000d8bc                __mprec_tens
                0x0000d984                __mprec_bigtens
                0x0000d9ac                __mprec_tinytens
 *(.gnu.linkonce.r.*)
                0x0000d9e0                __text_end = .
                0x00200000                . = 0x200000

.data           0x00200000      0xa3c load address 0x0000d9e0
                0x00200000                __data_start = .
 *(.data .data.*)
 .data          0x00200000        0x8 C:/Users/Student1/Downloads/POS/SDKs/SDK11.16.4.02/SDKTPLUS/HW_T2/gnu_434/startfiles/cstartupTplus.o
                0x00200000                __stack_chk_guard
                0x00200004                __dso_handle
 .data          0x00200008        0x0 C:/Users/Student1/Downloads/POS/SDKs/SDK11.16.4.02/SDKTPLUS/HW_T2/gnu_434/startfiles/libcpatch.o
 .data          0x00200008        0x0 Obj/GNU_ARM_DEBUG_T2/Main.o
 .data          0x00200008      0x108 Obj/GNU_ARM_DEBUG_T2/Entry.o
 .data          0x00200110        0x0 Obj/GNU_ARM_DEBUG_T2/Menu.o
 .data          0x00200110        0x0 Obj/GNU_ARM_DEBUG_T2/DateScreen.o
 .data          0x00200110        0x0 Obj/GNU_ARM_DEBUG_T2/Utils.o
 .data          0x00200110        0x0 Obj/GNU_ARM_DEBUG_T2/Sales.o
 .data          0x00200110        0x0 Obj/GNU_ARM_DEBUG_T2/Bill.o
 .data          0x00200110        0x0 Obj/GNU_ARM_DEBUG_T2/Cashback.o
 .data          0x00200110        0x0 Obj/GNU_ARM_DEBUG_T2/Goal.o
 .data          0x00200110        0x4 C:/Users/Student1/Downloads/POS/SDKs/SDK11.16.4.02/SDKTPLUS/HW_T2/gnu_434/lib/eft30tplus.lib(DisplayFooter.o)
 .data          0x00200114        0x4 C:/Users/Student1/Downloads/POS/SDKs/SDK11.16.4.02/SDKTPLUS/HW_T2/gnu_434/lib/eft30tplus.lib(DisplayHeader.o)
 .data          0x00200118        0x4 C:/Users/Student1/Downloads/POS/SDKs/SDK11.16.4.02/SDKTPLUS/HW_T2/gnu_434/lib/eft30tplus.lib(DisplayLeds.o)
 .data          0x0020011c        0x4 C:/Users/Student1/Downloads/POS/SDKs/SDK11.16.4.02/SDKTPLUS/HW_T2/gnu_434/lib/eft30tplus.lib(Telium_Read_date.o)
 .data          0x00200120        0x4 C:/Users/Student1/Downloads/POS/SDKs/SDK11.16.4.02/SDKTPLUS/HW_T2/gnu_434/lib/eft30tplus.lib(IsColorDisplay.o)
 .data          0x00200124        0x4 C:/Users/Student1/Downloads/POS/SDKs/SDK11.16.4.02/SDKTPLUS/HW_T2/gnu_434/lib/eft30tplus.lib(IsISO1.o)
 .data          0x00200128        0x4 C:/Users/Student1/Downloads/POS/SDKs/SDK11.16.4.02/SDKTPLUS/HW_T2/gnu_434/lib/eft30tplus.lib(IsISO2.o)
 .data          0x0020012c        0x4 C:/Users/Student1/Downloads/POS/SDKs/SDK11.16.4.02/SDKTPLUS/HW_T2/gnu_434/lib/eft30tplus.lib(IsISO3.o)
 .data          0x00200130        0x4 C:/Users/Student1/Downloads/POS/SDKs/SDK11.16.4.02/SDKTPLUS/HW_T2/gnu_434/lib/eft30tplus.lib(IsPrinter.o)
 .data          0x00200134        0x4 C:/Users/Student1/Downloads/POS/SDKs/SDK11.16.4.02/SDKTPLUS/HW_T2/gnu_434/lib/eft30tplus.lib(Telium_ServiceRegister.o)
 .data          0x00200138        0x0 C:/Users/Student1/Downloads/POS/SDKs/SDK11.16.4.02/SDKTPLUS/HW_T2/gnu_434/lib/eft30tplus.lib(Telium_Atoi.o)
 .data          0x00200138        0x0 C:/Users/Student1/Downloads/POS/SDKs/SDK11.16.4.02/SDKTPLUS/HW_T2/gnu_434/lib/eft30tplus.lib(Telium_Pprintf.o)
 .data          0x00200138        0x0 C:/Users/Student1/Downloads/POS/SDKs/SDK11.16.4.02/SDKTPLUS/HW_T2/gnu_434/lib/eft30tplus.lib(Telium_Stdprt.o)
 .data          0x00200138        0x0 C:/Users/Student1/Downloads/POS/SDKs/SDK11.16.4.02/SDKTPLUS/HW_T2/gnu_434/lib/eft30tplus.lib(Telium_Sprintf.o)
 .data          0x00200138        0x0 C:/Users/Student1/Downloads/POS/SDKs/SDK11.16.4.02/SDKTPLUS/HW_T2/gnu_434/lib/eft30tplus.lib(sprintf.o)
 .data          0x00200138        0x0 C:/Users/Student1/Downloads/POS/SDKs/SDK11.16.4.02/SDKTPLUS/HW_T2/gnu_434/lib/eft30tplus.lib(extenstp1.o)
 .data          0x00200138        0x0 C:/Users/Student1/Downloads/POS/SDKs/SDK11.16.4.02/SDKTPLUS/HW_T2/gnu_434/lib/eft30tplus.lib(toolstp1.o)
 .data          0x00200138        0x0 C:/Users/Student1/Downloads/POS/SDKs/SDK11.16.4.02/SDKTPLUS/HW_T2/gnu_434/lib/TRAP_TELIUM_PLUS.LIB(ApplicationGetCurrent.o)
 .data          0x00200138        0x0 C:/Users/Student1/Downloads/POS/SDKs/SDK11.16.4.02/SDKTPLUS/HW_T2/gnu_434/lib/TRAP_TELIUM_PLUS.LIB(FS_close.o)
 .data          0x00200138        0x0 C:/Users/Student1/Downloads/POS/SDKs/SDK11.16.4.02/SDKTPLUS/HW_T2/gnu_434/lib/TRAP_TELIUM_PLUS.LIB(FS_length.o)
 .data          0x00200138        0x0 C:/Users/Student1/Downloads/POS/SDKs/SDK11.16.4.02/SDKTPLUS/HW_T2/gnu_434/lib/TRAP_TELIUM_PLUS.LIB(FS_mount.o)
 .data          0x00200138        0x0 C:/Users/Student1/Downloads/POS/SDKs/SDK11.16.4.02/SDKTPLUS/HW_T2/gnu_434/lib/TRAP_TELIUM_PLUS.LIB(FS_open.o)
 .data          0x00200138        0x0 C:/Users/Student1/Downloads/POS/SDKs/SDK11.16.4.02/SDKTPLUS/HW_T2/gnu_434/lib/TRAP_TELIUM_PLUS.LIB(FS_read.o)
 .data          0x00200138        0x0 C:/Users/Student1/Downloads/POS/SDKs/SDK11.16.4.02/SDKTPLUS/HW_T2/gnu_434/lib/TRAP_TELIUM_PLUS.LIB(FS_unmount.o)
 .data          0x00200138        0x0 C:/Users/Student1/Downloads/POS/SDKs/SDK11.16.4.02/SDKTPLUS/HW_T2/gnu_434/lib/TRAP_TELIUM_PLUS.LIB(ObjectGetInfo.o)
 .data          0x00200138        0x0 C:/Users/Student1/Downloads/POS/SDKs/SDK11.16.4.02/SDKTPLUS/HW_T2/gnu_434/lib/TRAP_TELIUM_PLUS.LIB(Telium_Exit.o)
 .data          0x00200138        0x0 C:/Users/Student1/Downloads/POS/SDKs/SDK11.16.4.02/SDKTPLUS/HW_T2/gnu_434/lib/TRAP_TELIUM_PLUS.LIB(Telium_Fclose.o)
 .data          0x00200138        0x0 C:/Users/Student1/Downloads/POS/SDKs/SDK11.16.4.02/SDKTPLUS/HW_T2/gnu_434/lib/TRAP_TELIUM_PLUS.LIB(Telium_Fopen.o)
 .data          0x00200138        0x0 C:/Users/Student1/Downloads/POS/SDKs/SDK11.16.4.02/SDKTPLUS/HW_T2/gnu_434/lib/TRAP_TELIUM_PLUS.LIB(Telium_Is_iso1.o)
 .data          0x00200138        0x0 C:/Users/Student1/Downloads/POS/SDKs/SDK11.16.4.02/SDKTPLUS/HW_T2/gnu_434/lib/TRAP_TELIUM_PLUS.LIB(Telium_Is_iso2.o)
 .data          0x00200138        0x0 C:/Users/Student1/Downloads/POS/SDKs/SDK11.16.4.02/SDKTPLUS/HW_T2/gnu_434/lib/TRAP_TELIUM_PLUS.LIB(Telium_Is_iso3.o)
 .data          0x00200138        0x0 C:/Users/Student1/Downloads/POS/SDKs/SDK11.16.4.02/SDKTPLUS/HW_T2/gnu_434/lib/TRAP_TELIUM_PLUS.LIB(Telium_Reset_buf.o)
 .data          0x00200138        0x0 C:/Users/Student1/Downloads/POS/SDKs/SDK11.16.4.02/SDKTPLUS/HW_T2/gnu_434/lib/TRAP_TELIUM_PLUS.LIB(Telium_Stdperif.o)
 .data          0x00200138        0x0 C:/Users/Student1/Downloads/POS/SDKs/SDK11.16.4.02/SDKTPLUS/HW_T2/gnu_434/lib/TRAP_TELIUM_PLUS.LIB(Telium_Ttestall.o)
 .data          0x00200138        0x0 C:/Users/Student1/Downloads/POS/SDKs/SDK11.16.4.02/SDKTPLUS/HW_T2/gnu_434/lib/TRAP_TELIUM_PLUS.LIB(Telium_Vfprintf.o)
 .data          0x00200138        0x0 C:/Users/Student1/Downloads/POS/SDKs/SDK11.16.4.02/SDKTPLUS/HW_T2/gnu_434/lib/TRAP_TELIUM_PLUS.LIB(Telium_Vsprintf.o)
 .data          0x00200138        0x0 C:/Users/Student1/Downloads/POS/SDKs/SDK11.16.4.02/SDKTPLUS/HW_T2/gnu_434/lib/TRAP_TELIUM_PLUS.LIB(first_init.o)
 .data          0x00200138        0x0 C:/Users/Student1/Downloads/POS/SDKs/SDK11.16.4.02/SDKTPLUS/HW_T2/gnu_434/lib/TRAP_TELIUM_PLUS.LIB(raz_init.o)
 .data          0x00200138        0x0 C:/Users/Student1/Downloads/POS/SDKs/SDK11.16.4.02/SDKTPLUS/HW_T2/gnu_434/lib/TRAP_TELIUM_PLUS.LIB(ufree.o)
 .data          0x00200138        0x0 C:/Users/Student1/Downloads/POS/SDKs/SDK11.16.4.02/SDKTPLUS/HW_T2/gnu_434/lib/TRAP_TELIUM_PLUS.LIB(umalloc.o)
 .data          0x00200138        0x0 C:/Users/Student1/Downloads/POS/SDKs/SDK11.16.4.02/SDKTPLUS/HW_T2/gnu_434/lib/TRAP_TELIUM_PLUS.LIB(urealloc.o)
 .data          0x00200138        0x0 C:/Users/Student1/Downloads/POS/SDKs/SDK11.16.4.02/SDKTPLUS/HW_T2/gnu_434/lib/OSLAYER.LIB(OSL_Dll_Close.o)
 .data          0x00200138        0x0 C:/Users/Student1/Downloads/POS/SDKs/SDK11.16.4.02/SDKTPLUS/HW_T2/gnu_434/lib/OSLAYER.LIB(OSL_Dll_GetSymbolByName.o)
 .data          0x00200138        0x0 C:/Users/Student1/Downloads/POS/SDKs/SDK11.16.4.02/SDKTPLUS/HW_T2/gnu_434/lib/OSLAYER.LIB(OSL_Dll_OpenByAppliType.o)
 *fill*         0x00200138        0x8 00
 .data          0x00200140       0x10 C:/Users/Student1/Downloads/POS/SDKs/SDK11.16.4.02/SDKTPLUS/HW_T2/gnu_434/lib/GRAPHICLIB.LIB(GL_Button_Create.o)
 .data          0x00200150       0x10 C:/Users/Student1/Downloads/POS/SDKs/SDK11.16.4.02/SDKTPLUS/HW_T2/gnu_434/lib/GRAPHICLIB.LIB(GL_Dialog_Amount.o)
 .data          0x00200160       0x10 C:/Users/Student1/Downloads/POS/SDKs/SDK11.16.4.02/SDKTPLUS/HW_T2/gnu_434/lib/GRAPHICLIB.LIB(GL_Dialog_Menu.o)
 .data          0x00200170       0x10 C:/Users/Student1/Downloads/POS/SDKs/SDK11.16.4.02/SDKTPLUS/HW_T2/gnu_434/lib/GRAPHICLIB.LIB(GL_Dialog_Message.o)
 .data          0x00200180       0x10 C:/Users/Student1/Downloads/POS/SDKs/SDK11.16.4.02/SDKTPLUS/HW_T2/gnu_434/lib/GRAPHICLIB.LIB(GL_Dialog_Password.o)
 .data          0x00200190       0x10 C:/Users/Student1/Downloads/POS/SDKs/SDK11.16.4.02/SDKTPLUS/HW_T2/gnu_434/lib/GRAPHICLIB.LIB(GL_Dialog_Text.o)
 .data          0x002001a0       0x10 C:/Users/Student1/Downloads/POS/SDKs/SDK11.16.4.02/SDKTPLUS/HW_T2/gnu_434/lib/GRAPHICLIB.LIB(GL_Document_Create.o)
 .data          0x002001b0       0x10 C:/Users/Student1/Downloads/POS/SDKs/SDK11.16.4.02/SDKTPLUS/HW_T2/gnu_434/lib/GRAPHICLIB.LIB(GL_Document_Print.o)
 .data          0x002001c0       0x10 C:/Users/Student1/Downloads/POS/SDKs/SDK11.16.4.02/SDKTPLUS/HW_T2/gnu_434/lib/GRAPHICLIB.LIB(GL_Drawing_Clear.o)
 .data          0x002001d0       0x10 C:/Users/Student1/Downloads/POS/SDKs/SDK11.16.4.02/SDKTPLUS/HW_T2/gnu_434/lib/GRAPHICLIB.LIB(GL_Drawing_Create.o)
 .data          0x002001e0       0x10 C:/Users/Student1/Downloads/POS/SDKs/SDK11.16.4.02/SDKTPLUS/HW_T2/gnu_434/lib/GRAPHICLIB.LIB(GL_Drawing_DrawEllipse.o)
 .data          0x002001f0       0x10 C:/Users/Student1/Downloads/POS/SDKs/SDK11.16.4.02/SDKTPLUS/HW_T2/gnu_434/lib/GRAPHICLIB.LIB(GL_Drawing_DrawLine.o)
 .data          0x00200200       0x10 C:/Users/Student1/Downloads/POS/SDKs/SDK11.16.4.02/SDKTPLUS/HW_T2/gnu_434/lib/GRAPHICLIB.LIB(GL_Drawing_DrawRect.o)
 .data          0x00200210       0x10 C:/Users/Student1/Downloads/POS/SDKs/SDK11.16.4.02/SDKTPLUS/HW_T2/gnu_434/lib/GRAPHICLIB.LIB(GL_Drawing_DrawText.o)
 .data          0x00200220       0x10 C:/Users/Student1/Downloads/POS/SDKs/SDK11.16.4.02/SDKTPLUS/HW_T2/gnu_434/lib/GRAPHICLIB.LIB(GL_Drawing_SetBrush.o)
 .data          0x00200230       0x10 C:/Users/Student1/Downloads/POS/SDKs/SDK11.16.4.02/SDKTPLUS/HW_T2/gnu_434/lib/GRAPHICLIB.LIB(GL_Drawing_SetFont.o)
 .data          0x00200240       0x10 C:/Users/Student1/Downloads/POS/SDKs/SDK11.16.4.02/SDKTPLUS/HW_T2/gnu_434/lib/GRAPHICLIB.LIB(GL_Drawing_SetPen.o)
 .data          0x00200250       0x10 C:/Users/Student1/Downloads/POS/SDKs/SDK11.16.4.02/SDKTPLUS/HW_T2/gnu_434/lib/GRAPHICLIB.LIB(GL_GraphicLib_BindSingleKey.o)
 .data          0x00200260        0x4 C:/Users/Student1/Downloads/POS/SDKs/SDK11.16.4.02/SDKTPLUS/HW_T2/gnu_434/lib/GRAPHICLIB.LIB(GL_GraphicLib_Create.o)
 *fill*         0x00200264        0xc 00
 .data          0x00200270       0x10 C:/Users/Student1/Downloads/POS/SDKs/SDK11.16.4.02/SDKTPLUS/HW_T2/gnu_434/lib/GRAPHICLIB.LIB(GL_GraphicLib_IsTouchPresent.o)
 .data          0x00200280       0x10 C:/Users/Student1/Downloads/POS/SDKs/SDK11.16.4.02/SDKTPLUS/HW_T2/gnu_434/lib/GRAPHICLIB.LIB(GL_GraphicLib_ReadResource.o)
 .data          0x00200290       0x10 C:/Users/Student1/Downloads/POS/SDKs/SDK11.16.4.02/SDKTPLUS/HW_T2/gnu_434/lib/GRAPHICLIB.LIB(GL_GraphicLib_SetCharset.o)
 .data          0x002002a0       0x10 C:/Users/Student1/Downloads/POS/SDKs/SDK11.16.4.02/SDKTPLUS/HW_T2/gnu_434/lib/GRAPHICLIB.LIB(GL_GraphicLib_UnbindKey.o)
 .data          0x002002b0       0x10 C:/Users/Student1/Downloads/POS/SDKs/SDK11.16.4.02/SDKTPLUS/HW_T2/gnu_434/lib/GRAPHICLIB.LIB(GL_Label_Create.o)
 .data          0x002002c0       0x10 C:/Users/Student1/Downloads/POS/SDKs/SDK11.16.4.02/SDKTPLUS/HW_T2/gnu_434/lib/GRAPHICLIB.LIB(GL_Layout_Create.o)
 .data          0x002002d0       0x10 C:/Users/Student1/Downloads/POS/SDKs/SDK11.16.4.02/SDKTPLUS/HW_T2/gnu_434/lib/GRAPHICLIB.LIB(GL_Message_GetKey.o)
 .data          0x002002e0       0x10 C:/Users/Student1/Downloads/POS/SDKs/SDK11.16.4.02/SDKTPLUS/HW_T2/gnu_434/lib/GRAPHICLIB.LIB(GL_Message_GetWidget.o)
 .data          0x002002f0       0x10 C:/Users/Student1/Downloads/POS/SDKs/SDK11.16.4.02/SDKTPLUS/HW_T2/gnu_434/lib/GRAPHICLIB.LIB(GL_Message_GetWindow.o)
 .data          0x00200300       0x10 C:/Users/Student1/Downloads/POS/SDKs/SDK11.16.4.02/SDKTPLUS/HW_T2/gnu_434/lib/GRAPHICLIB.LIB(GL_Message_SetResult.o)
 .data          0x00200310       0x10 C:/Users/Student1/Downloads/POS/SDKs/SDK11.16.4.02/SDKTPLUS/HW_T2/gnu_434/lib/GRAPHICLIB.LIB(GL_Message_SetUserData.o)
 .data          0x00200320       0x10 C:/Users/Student1/Downloads/POS/SDKs/SDK11.16.4.02/SDKTPLUS/HW_T2/gnu_434/lib/GRAPHICLIB.LIB(GL_Picture_Create.o)
 .data          0x00200330       0x10 C:/Users/Student1/Downloads/POS/SDKs/SDK11.16.4.02/SDKTPLUS/HW_T2/gnu_434/lib/GRAPHICLIB.LIB(GL_Print_Create.o)
 .data          0x00200340       0x10 C:/Users/Student1/Downloads/POS/SDKs/SDK11.16.4.02/SDKTPLUS/HW_T2/gnu_434/lib/GRAPHICLIB.LIB(GL_Timer_Create.o)
 .data          0x00200350       0x10 C:/Users/Student1/Downloads/POS/SDKs/SDK11.16.4.02/SDKTPLUS/HW_T2/gnu_434/lib/GRAPHICLIB.LIB(GL_Timer_SetInterval.o)
 .data          0x00200360       0x10 C:/Users/Student1/Downloads/POS/SDKs/SDK11.16.4.02/SDKTPLUS/HW_T2/gnu_434/lib/GRAPHICLIB.LIB(GL_Timer_Stop.o)
 .data          0x00200370       0x10 C:/Users/Student1/Downloads/POS/SDKs/SDK11.16.4.02/SDKTPLUS/HW_T2/gnu_434/lib/GRAPHICLIB.LIB(GL_Widget_Destroy.o)
 .data          0x00200380       0x10 C:/Users/Student1/Downloads/POS/SDKs/SDK11.16.4.02/SDKTPLUS/HW_T2/gnu_434/lib/GRAPHICLIB.LIB(GL_Widget_GetText.o)
 .data          0x00200390       0x10 C:/Users/Student1/Downloads/POS/SDKs/SDK11.16.4.02/SDKTPLUS/HW_T2/gnu_434/lib/GRAPHICLIB.LIB(GL_Widget_GetUserData.o)
 .data          0x002003a0       0x10 C:/Users/Student1/Downloads/POS/SDKs/SDK11.16.4.02/SDKTPLUS/HW_T2/gnu_434/lib/GRAPHICLIB.LIB(GL_Widget_RegisterCallback.o)
 .data          0x002003b0       0x10 C:/Users/Student1/Downloads/POS/SDKs/SDK11.16.4.02/SDKTPLUS/HW_T2/gnu_434/lib/GRAPHICLIB.LIB(GL_Widget_SearchId.o)
 .data          0x002003c0       0x10 C:/Users/Student1/Downloads/POS/SDKs/SDK11.16.4.02/SDKTPLUS/HW_T2/gnu_434/lib/GRAPHICLIB.LIB(GL_Widget_SetBackAlign.o)
 .data          0x002003d0       0x10 C:/Users/Student1/Downloads/POS/SDKs/SDK11.16.4.02/SDKTPLUS/HW_T2/gnu_434/lib/GRAPHICLIB.LIB(GL_Widget_SetBackColor.o)
 .data          0x002003e0       0x10 C:/Users/Student1/Downloads/POS/SDKs/SDK11.16.4.02/SDKTPLUS/HW_T2/gnu_434/lib/GRAPHICLIB.LIB(GL_Widget_SetBorders.o)
 .data          0x002003f0       0x10 C:/Users/Student1/Downloads/POS/SDKs/SDK11.16.4.02/SDKTPLUS/HW_T2/gnu_434/lib/GRAPHICLIB.LIB(GL_Widget_SetExpand.o)
 .data          0x00200400       0x10 C:/Users/Student1/Downloads/POS/SDKs/SDK11.16.4.02/SDKTPLUS/HW_T2/gnu_434/lib/GRAPHICLIB.LIB(GL_Widget_SetFocusable.o)
 .data          0x00200410       0x10 C:/Users/Student1/Downloads/POS/SDKs/SDK11.16.4.02/SDKTPLUS/HW_T2/gnu_434/lib/GRAPHICLIB.LIB(GL_Widget_SetFontName.o)
 .data          0x00200420       0x10 C:/Users/Student1/Downloads/POS/SDKs/SDK11.16.4.02/SDKTPLUS/HW_T2/gnu_434/lib/GRAPHICLIB.LIB(GL_Widget_SetFontScale.o)
 .data          0x00200430       0x10 C:/Users/Student1/Downloads/POS/SDKs/SDK11.16.4.02/SDKTPLUS/HW_T2/gnu_434/lib/GRAPHICLIB.LIB(GL_Widget_SetFontStyle.o)
 .data          0x00200440       0x10 C:/Users/Student1/Downloads/POS/SDKs/SDK11.16.4.02/SDKTPLUS/HW_T2/gnu_434/lib/GRAPHICLIB.LIB(GL_Widget_SetForeColor.o)
 .data          0x00200450       0x10 C:/Users/Student1/Downloads/POS/SDKs/SDK11.16.4.02/SDKTPLUS/HW_T2/gnu_434/lib/GRAPHICLIB.LIB(GL_Widget_SetGrow.o)
 .data          0x00200460       0x10 C:/Users/Student1/Downloads/POS/SDKs/SDK11.16.4.02/SDKTPLUS/HW_T2/gnu_434/lib/GRAPHICLIB.LIB(GL_Widget_SetId.o)
 .data          0x00200470       0x10 C:/Users/Student1/Downloads/POS/SDKs/SDK11.16.4.02/SDKTPLUS/HW_T2/gnu_434/lib/GRAPHICLIB.LIB(GL_Widget_SetItem.o)
 .data          0x00200480       0x10 C:/Users/Student1/Downloads/POS/SDKs/SDK11.16.4.02/SDKTPLUS/HW_T2/gnu_434/lib/GRAPHICLIB.LIB(GL_Widget_SetMargins.o)
 .data          0x00200490       0x10 C:/Users/Student1/Downloads/POS/SDKs/SDK11.16.4.02/SDKTPLUS/HW_T2/gnu_434/lib/GRAPHICLIB.LIB(GL_Widget_SetMinSize.o)
 .data          0x002004a0       0x10 C:/Users/Student1/Downloads/POS/SDKs/SDK11.16.4.02/SDKTPLUS/HW_T2/gnu_434/lib/GRAPHICLIB.LIB(GL_Widget_SetShortcut.o)
 .data          0x002004b0       0x10 C:/Users/Student1/Downloads/POS/SDKs/SDK11.16.4.02/SDKTPLUS/HW_T2/gnu_434/lib/GRAPHICLIB.LIB(GL_Widget_SetShrink.o)
 .data          0x002004c0       0x10 C:/Users/Student1/Downloads/POS/SDKs/SDK11.16.4.02/SDKTPLUS/HW_T2/gnu_434/lib/GRAPHICLIB.LIB(GL_Widget_SetSize.o)
 .data          0x002004d0       0x10 C:/Users/Student1/Downloads/POS/SDKs/SDK11.16.4.02/SDKTPLUS/HW_T2/gnu_434/lib/GRAPHICLIB.LIB(GL_Widget_SetSource.o)
 .data          0x002004e0       0x10 C:/Users/Student1/Downloads/POS/SDKs/SDK11.16.4.02/SDKTPLUS/HW_T2/gnu_434/lib/GRAPHICLIB.LIB(GL_Widget_SetText.o)
 .data          0x002004f0       0x10 C:/Users/Student1/Downloads/POS/SDKs/SDK11.16.4.02/SDKTPLUS/HW_T2/gnu_434/lib/GRAPHICLIB.LIB(GL_Widget_SetTextAlign.o)
 .data          0x00200500       0x10 C:/Users/Student1/Downloads/POS/SDKs/SDK11.16.4.02/SDKTPLUS/HW_T2/gnu_434/lib/GRAPHICLIB.LIB(GL_Widget_SetTextPaddings.o)
 .data          0x00200510       0x10 C:/Users/Student1/Downloads/POS/SDKs/SDK11.16.4.02/SDKTPLUS/HW_T2/gnu_434/lib/GRAPHICLIB.LIB(GL_Widget_SetTransformation.o)
 .data          0x00200520       0x10 C:/Users/Student1/Downloads/POS/SDKs/SDK11.16.4.02/SDKTPLUS/HW_T2/gnu_434/lib/GRAPHICLIB.LIB(GL_Widget_SetVisible.o)
 .data          0x00200530       0x10 C:/Users/Student1/Downloads/POS/SDKs/SDK11.16.4.02/SDKTPLUS/HW_T2/gnu_434/lib/GRAPHICLIB.LIB(GL_Widget_SetWrap.o)
 .data          0x00200540       0x10 C:/Users/Student1/Downloads/POS/SDKs/SDK11.16.4.02/SDKTPLUS/HW_T2/gnu_434/lib/GRAPHICLIB.LIB(GL_Widget_UnregisterCallback.o)
 .data          0x00200550       0x10 C:/Users/Student1/Downloads/POS/SDKs/SDK11.16.4.02/SDKTPLUS/HW_T2/gnu_434/lib/GRAPHICLIB.LIB(GL_Window_Create.o)
 .data          0x00200560       0x10 C:/Users/Student1/Downloads/POS/SDKs/SDK11.16.4.02/SDKTPLUS/HW_T2/gnu_434/lib/GRAPHICLIB.LIB(GL_Window_Dispatch.o)
 .data          0x00200570       0x10 C:/Users/Student1/Downloads/POS/SDKs/SDK11.16.4.02/SDKTPLUS/HW_T2/gnu_434/lib/GRAPHICLIB.LIB(GL_Window_GetResult.o)
 .data          0x00200580       0x10 C:/Users/Student1/Downloads/POS/SDKs/SDK11.16.4.02/SDKTPLUS/HW_T2/gnu_434/lib/GRAPHICLIB.LIB(GL_Window_MainLoop.o)
 .data          0x00200590       0x10 C:/Users/Student1/Downloads/POS/SDKs/SDK11.16.4.02/SDKTPLUS/HW_T2/gnu_434/lib/GRAPHICLIB.LIB(GL_Window_PreviousFocus.o)
 .data          0x002005a0        0x0 C:/Users/Student1/Downloads/POS/SDKs/SDK11.16.4.02/SDKTPLUS/HW_T2/gnu_434/lib/GRAPHICLIB.LIB(GL_link.o)
 .data          0x002005a0        0x0 C:/Users/Student1/Downloads/POS/SDKs/SDK11.16.4.02/SDKTPLUS/HW_T2/gnu_434/lib/GRAPHICLIB.LIB(gl_asm_link.o)
 .data          0x002005a0        0x0 C:/Users/Student1/Downloads/POS/IngeDev_8.18.0.5/toolchains/gnuArm4/arm-elf/lib/thumb/soft/interwork/libc.a(lib_a-memcpy.o)
 .data          0x002005a0        0x0 C:/Users/Student1/Downloads/POS/IngeDev_8.18.0.5/toolchains/gnuArm4/arm-elf/lib/thumb/soft/interwork/libc.a(lib_a-memset.o)
 .data          0x002005a0        0x0 C:/Users/Student1/Downloads/POS/IngeDev_8.18.0.5/toolchains/gnuArm4/arm-elf/lib/thumb/soft/interwork/libc.a(lib_a-sscanf.o)
 .data          0x002005a0        0x0 C:/Users/Student1/Downloads/POS/IngeDev_8.18.0.5/toolchains/gnuArm4/arm-elf/lib/thumb/soft/interwork/libc.a(lib_a-stdio.o)
 .data          0x002005a0        0x0 C:/Users/Student1/Downloads/POS/IngeDev_8.18.0.5/toolchains/gnuArm4/arm-elf/lib/thumb/soft/interwork/libc.a(lib_a-strcat.o)
 .data          0x002005a0        0x0 C:/Users/Student1/Downloads/POS/IngeDev_8.18.0.5/toolchains/gnuArm4/arm-elf/lib/thumb/soft/interwork/libc.a(lib_a-strchr.o)
 .data          0x002005a0        0x0 C:/Users/Student1/Downloads/POS/IngeDev_8.18.0.5/toolchains/gnuArm4/arm-elf/lib/thumb/soft/interwork/libc.a(lib_a-strcpy.o)
 .data          0x002005a0        0x0 C:/Users/Student1/Downloads/POS/IngeDev_8.18.0.5/toolchains/gnuArm4/arm-elf/lib/thumb/soft/interwork/libc.a(lib_a-strlen.o)
 .data          0x002005a0        0x0 C:/Users/Student1/Downloads/POS/IngeDev_8.18.0.5/toolchains/gnuArm4/arm-elf/lib/thumb/soft/interwork/libc.a(lib_a-strncpy.o)
 .data          0x002005a0        0x0 C:/Users/Student1/Downloads/POS/IngeDev_8.18.0.5/toolchains/gnuArm4/arm-elf/lib/thumb/soft/interwork/libc.a(lib_a-svfscanf.o)
 .data          0x002005a0        0x0 C:/Users/Student1/Downloads/POS/IngeDev_8.18.0.5/toolchains/gnuArm4/arm-elf/lib/thumb/soft/interwork/libc.a(lib_a-writer.o)
 .data          0x002005a0        0x0 C:/Users/Student1/Downloads/POS/IngeDev_8.18.0.5/toolchains/gnuArm4/arm-elf/lib/thumb/soft/interwork/libc.a(lib_a-closer.o)
 .data          0x002005a0        0x4 C:/Users/Student1/Downloads/POS/IngeDev_8.18.0.5/toolchains/gnuArm4/arm-elf/lib/thumb/soft/interwork/libc.a(lib_a-ctype_.o)
                0x002005a0                __ctype_ptr__
 .data          0x002005a4        0x0 C:/Users/Student1/Downloads/POS/IngeDev_8.18.0.5/toolchains/gnuArm4/arm-elf/lib/thumb/soft/interwork/libc.a(lib_a-findfp.o)
 .data          0x002005a4        0x0 C:/Users/Student1/Downloads/POS/IngeDev_8.18.0.5/toolchains/gnuArm4/arm-elf/lib/thumb/soft/interwork/libc.a(lib_a-fwalk.o)
 .data          0x002005a4      0x428 C:/Users/Student1/Downloads/POS/IngeDev_8.18.0.5/toolchains/gnuArm4/arm-elf/lib/thumb/soft/interwork/libc.a(lib_a-impure.o)
                0x002005a4                _impure_ptr
 .data          0x002009cc        0x0 C:/Users/Student1/Downloads/POS/IngeDev_8.18.0.5/toolchains/gnuArm4/arm-elf/lib/thumb/soft/interwork/libc.a(lib_a-iswspace.o)
 .data          0x002009cc       0x44 C:/Users/Student1/Downloads/POS/IngeDev_8.18.0.5/toolchains/gnuArm4/arm-elf/lib/thumb/soft/interwork/libc.a(lib_a-locale.o)
                0x002009cc                __mb_cur_max
 .data          0x00200a10        0x0 C:/Users/Student1/Downloads/POS/IngeDev_8.18.0.5/toolchains/gnuArm4/arm-elf/lib/thumb/soft/interwork/libc.a(lib_a-lseekr.o)
 .data          0x00200a10        0x0 C:/Users/Student1/Downloads/POS/IngeDev_8.18.0.5/toolchains/gnuArm4/arm-elf/lib/thumb/soft/interwork/libc.a(lib_a-mbrtowc.o)
 .data          0x00200a10        0x4 C:/Users/Student1/Downloads/POS/IngeDev_8.18.0.5/toolchains/gnuArm4/arm-elf/lib/thumb/soft/interwork/libc.a(lib_a-mbtowc_r.o)
                0x00200a10                __mbtowc
 .data          0x00200a14        0x0 C:/Users/Student1/Downloads/POS/IngeDev_8.18.0.5/toolchains/gnuArm4/arm-elf/lib/thumb/soft/interwork/libc.a(lib_a-readr.o)
 .data          0x00200a14        0x0 C:/Users/Student1/Downloads/POS/IngeDev_8.18.0.5/toolchains/gnuArm4/arm-elf/lib/thumb/soft/interwork/libc.a(lib_a-reent.o)
 .data          0x00200a14        0x0 C:/Users/Student1/Downloads/POS/IngeDev_8.18.0.5/toolchains/gnuArm4/arm-elf/lib/thumb/soft/interwork/libc.a(lib_a-s_fpclassify.o)
 .data          0x00200a14        0x0 C:/Users/Student1/Downloads/POS/IngeDev_8.18.0.5/toolchains/gnuArm4/arm-elf/lib/thumb/soft/interwork/libc.a(lib_a-sccl.o)
 .data          0x00200a14        0x0 C:/Users/Student1/Downloads/POS/IngeDev_8.18.0.5/toolchains/gnuArm4/arm-elf/lib/thumb/soft/interwork/libc.a(lib_a-sf_nan.o)
 .data          0x00200a14        0x0 C:/Users/Student1/Downloads/POS/IngeDev_8.18.0.5/toolchains/gnuArm4/arm-elf/lib/thumb/soft/interwork/libc.a(lib_a-strcmp.o)
 .data          0x00200a14       0x28 C:/Users/Student1/Downloads/POS/IngeDev_8.18.0.5/toolchains/gnuArm4/arm-elf/lib/thumb/soft/interwork/libc.a(lib_a-strtod.o)
 .data          0x00200a3c        0x0 C:/Users/Student1/Downloads/POS/IngeDev_8.18.0.5/toolchains/gnuArm4/arm-elf/lib/thumb/soft/interwork/libc.a(lib_a-strtol.o)
 .data          0x00200a3c        0x0 C:/Users/Student1/Downloads/POS/IngeDev_8.18.0.5/toolchains/gnuArm4/arm-elf/lib/thumb/soft/interwork/libc.a(lib_a-strtoul.o)
 .data          0x00200a3c        0x0 C:/Users/Student1/Downloads/POS/IngeDev_8.18.0.5/toolchains/gnuArm4/arm-elf/lib/thumb/soft/interwork/libc.a(lib_a-svfiscanf.o)
 .data          0x00200a3c        0x0 C:/Users/Student1/Downloads/POS/IngeDev_8.18.0.5/toolchains/gnuArm4/arm-elf/lib/thumb/soft/interwork/libc.a(lib_a-syscalls.o)
 .data          0x00200a3c        0x0 C:/Users/Student1/Downloads/POS/IngeDev_8.18.0.5/toolchains/gnuArm4/arm-elf/lib/thumb/soft/interwork/libc.a(lib_a-ungetc.o)
 .data          0x00200a3c        0x0 C:/Users/Student1/Downloads/POS/IngeDev_8.18.0.5/toolchains/gnuArm4/arm-elf/lib/thumb/soft/interwork/libc.a(lib_a-errno.o)
 .data          0x00200a3c        0x0 C:/Users/Student1/Downloads/POS/IngeDev_8.18.0.5/toolchains/gnuArm4/arm-elf/lib/thumb/soft/interwork/libc.a(lib_a-fclose.o)
 .data          0x00200a3c        0x0 C:/Users/Student1/Downloads/POS/IngeDev_8.18.0.5/toolchains/gnuArm4/arm-elf/lib/thumb/soft/interwork/libc.a(lib_a-fflush.o)
 .data          0x00200a3c        0x0 C:/Users/Student1/Downloads/POS/IngeDev_8.18.0.5/toolchains/gnuArm4/arm-elf/lib/thumb/soft/interwork/libc.a(lib_a-gdtoa-gethex.o)
 .data          0x00200a3c        0x0 C:/Users/Student1/Downloads/POS/IngeDev_8.18.0.5/toolchains/gnuArm4/arm-elf/lib/thumb/soft/interwork/libc.a(lib_a-gdtoa-hexnan.o)
 .data          0x00200a3c        0x0 C:/Users/Student1/Downloads/POS/IngeDev_8.18.0.5/toolchains/gnuArm4/arm-elf/lib/thumb/soft/interwork/libc.a(lib_a-mprec.o)
 .data          0x00200a3c        0x0 C:/Users/Student1/Downloads/POS/IngeDev_8.18.0.5/toolchains/gnuArm4/arm-elf/lib/thumb/soft/interwork/libc.a(lib_a-strncmp.o)
 .data          0x00200a3c        0x0 C:/Users/Student1/Downloads/POS/IngeDev_8.18.0.5/toolchains/gnuArm4/lib/gcc/arm-elf/4.3.4/thumb/soft/interwork/libgcc.a(_udivsi3.o)
 .data          0x00200a3c        0x0 C:/Users/Student1/Downloads/POS/IngeDev_8.18.0.5/toolchains/gnuArm4/lib/gcc/arm-elf/4.3.4/thumb/soft/interwork/libgcc.a(_divsi3.o)
 .data          0x00200a3c        0x0 C:/Users/Student1/Downloads/POS/IngeDev_8.18.0.5/toolchains/gnuArm4/lib/gcc/arm-elf/4.3.4/thumb/soft/interwork/libgcc.a(_umodsi3.o)
 .data          0x00200a3c        0x0 C:/Users/Student1/Downloads/POS/IngeDev_8.18.0.5/toolchains/gnuArm4/lib/gcc/arm-elf/4.3.4/thumb/soft/interwork/libgcc.a(_dvmd_tls.o)
 .data          0x00200a3c        0x0 C:/Users/Student1/Downloads/POS/IngeDev_8.18.0.5/toolchains/gnuArm4/lib/gcc/arm-elf/4.3.4/thumb/soft/interwork/libgcc.a(_addsubdf3.o)
 .data          0x00200a3c        0x0 C:/Users/Student1/Downloads/POS/IngeDev_8.18.0.5/toolchains/gnuArm4/lib/gcc/arm-elf/4.3.4/thumb/soft/interwork/libgcc.a(_muldivdf3.o)
 .data          0x00200a3c        0x0 C:/Users/Student1/Downloads/POS/IngeDev_8.18.0.5/toolchains/gnuArm4/lib/gcc/arm-elf/4.3.4/thumb/soft/interwork/libgcc.a(_cmpdf2.o)
 .data          0x00200a3c        0x0 C:/Users/Student1/Downloads/POS/IngeDev_8.18.0.5/toolchains/gnuArm4/lib/gcc/arm-elf/4.3.4/thumb/soft/interwork/libgcc.a(_fixdfsi.o)
 .data          0x00200a3c        0x0 C:/Users/Student1/Downloads/POS/IngeDev_8.18.0.5/toolchains/gnuArm4/lib/gcc/arm-elf/4.3.4/thumb/soft/interwork/libgcc.a(_fixunsdfsi.o)
 .data          0x00200a3c        0x0 C:/Users/Student1/Downloads/POS/IngeDev_8.18.0.5/toolchains/gnuArm4/lib/gcc/arm-elf/4.3.4/thumb/soft/interwork/libgcc.a(_truncdfsf2.o)
 .data          0x00200a3c        0x0 C:/Users/Student1/Downloads/POS/SDKs/SDK11.16.4.02/SDKTPLUS/HW_T2/gnu_434/lib/TRAP_TELIUM_PLUS.LIB(upload_diagnostic_txt.o)
 *(.gnu.linkonce.d.*)
                0x00200a3c                __data_end = .

.bss            0x00200a3c      0x224 load address 0x0000e41c
                0x00200a3c                __bss_start = .
 *(.bss .bss.*)
 .bss           0x00200a3c        0x0 C:/Users/Student1/Downloads/POS/SDKs/SDK11.16.4.02/SDKTPLUS/HW_T2/gnu_434/startfiles/cstartupTplus.o
 .bss           0x00200a3c        0x0 C:/Users/Student1/Downloads/POS/SDKs/SDK11.16.4.02/SDKTPLUS/HW_T2/gnu_434/startfiles/libcpatch.o
 .bss           0x00200a3c        0x0 Obj/GNU_ARM_DEBUG_T2/Main.o
 .bss           0x00200a3c       0x30 Obj/GNU_ARM_DEBUG_T2/Entry.o
                0x00200a3c                gGoalGraphicLibInstance
 .bss           0x00200a6c        0xc Obj/GNU_ARM_DEBUG_T2/Menu.o
 .bss           0x00200a78        0x0 Obj/GNU_ARM_DEBUG_T2/DateScreen.o
 .bss           0x00200a78        0x0 Obj/GNU_ARM_DEBUG_T2/Utils.o
 .bss           0x00200a78        0x0 Obj/GNU_ARM_DEBUG_T2/Sales.o
 .bss           0x00200a78        0x0 Obj/GNU_ARM_DEBUG_T2/Bill.o
 .bss           0x00200a78        0x0 Obj/GNU_ARM_DEBUG_T2/Cashback.o
 .bss           0x00200a78        0x0 Obj/GNU_ARM_DEBUG_T2/Goal.o
 .bss           0x00200a78        0x0 C:/Users/Student1/Downloads/POS/SDKs/SDK11.16.4.02/SDKTPLUS/HW_T2/gnu_434/lib/eft30tplus.lib(DisplayFooter.o)
 .bss           0x00200a78        0x0 C:/Users/Student1/Downloads/POS/SDKs/SDK11.16.4.02/SDKTPLUS/HW_T2/gnu_434/lib/eft30tplus.lib(DisplayHeader.o)
 .bss           0x00200a78        0x0 C:/Users/Student1/Downloads/POS/SDKs/SDK11.16.4.02/SDKTPLUS/HW_T2/gnu_434/lib/eft30tplus.lib(DisplayLeds.o)
 .bss           0x00200a78        0x0 C:/Users/Student1/Downloads/POS/SDKs/SDK11.16.4.02/SDKTPLUS/HW_T2/gnu_434/lib/eft30tplus.lib(Telium_Read_date.o)
 .bss           0x00200a78        0x0 C:/Users/Student1/Downloads/POS/SDKs/SDK11.16.4.02/SDKTPLUS/HW_T2/gnu_434/lib/eft30tplus.lib(IsColorDisplay.o)
 .bss           0x00200a78        0x0 C:/Users/Student1/Downloads/POS/SDKs/SDK11.16.4.02/SDKTPLUS/HW_T2/gnu_434/lib/eft30tplus.lib(IsISO1.o)
 .bss           0x00200a78        0x0 C:/Users/Student1/Downloads/POS/SDKs/SDK11.16.4.02/SDKTPLUS/HW_T2/gnu_434/lib/eft30tplus.lib(IsISO2.o)
 .bss           0x00200a78        0x0 C:/Users/Student1/Downloads/POS/SDKs/SDK11.16.4.02/SDKTPLUS/HW_T2/gnu_434/lib/eft30tplus.lib(IsISO3.o)
 .bss           0x00200a78        0x0 C:/Users/Student1/Downloads/POS/SDKs/SDK11.16.4.02/SDKTPLUS/HW_T2/gnu_434/lib/eft30tplus.lib(IsPrinter.o)
 .bss           0x00200a78        0x0 C:/Users/Student1/Downloads/POS/SDKs/SDK11.16.4.02/SDKTPLUS/HW_T2/gnu_434/lib/eft30tplus.lib(Telium_ServiceRegister.o)
 .bss           0x00200a78        0x0 C:/Users/Student1/Downloads/POS/SDKs/SDK11.16.4.02/SDKTPLUS/HW_T2/gnu_434/lib/eft30tplus.lib(Telium_Atoi.o)
 .bss           0x00200a78        0x0 C:/Users/Student1/Downloads/POS/SDKs/SDK11.16.4.02/SDKTPLUS/HW_T2/gnu_434/lib/eft30tplus.lib(Telium_Pprintf.o)
 .bss           0x00200a78        0x0 C:/Users/Student1/Downloads/POS/SDKs/SDK11.16.4.02/SDKTPLUS/HW_T2/gnu_434/lib/eft30tplus.lib(Telium_Stdprt.o)
 .bss           0x00200a78        0x0 C:/Users/Student1/Downloads/POS/SDKs/SDK11.16.4.02/SDKTPLUS/HW_T2/gnu_434/lib/eft30tplus.lib(Telium_Sprintf.o)
 .bss           0x00200a78        0x0 C:/Users/Student1/Downloads/POS/SDKs/SDK11.16.4.02/SDKTPLUS/HW_T2/gnu_434/lib/eft30tplus.lib(sprintf.o)
 .bss           0x00200a78        0x8 C:/Users/Student1/Downloads/POS/SDKs/SDK11.16.4.02/SDKTPLUS/HW_T2/gnu_434/lib/eft30tplus.lib(extenstp1.o)
                0x00200a78                DllGetProcAddress3
                0x00200a7c                extens_Dll
 .bss           0x00200a80        0x8 C:/Users/Student1/Downloads/POS/SDKs/SDK11.16.4.02/SDKTPLUS/HW_T2/gnu_434/lib/eft30tplus.lib(toolstp1.o)
                0x00200a80                toolsDll
                0x00200a84                DllGetProcAddressTools
 .bss           0x00200a88        0x0 C:/Users/Student1/Downloads/POS/SDKs/SDK11.16.4.02/SDKTPLUS/HW_T2/gnu_434/lib/TRAP_TELIUM_PLUS.LIB(ApplicationGetCurrent.o)
 .bss           0x00200a88        0x0 C:/Users/Student1/Downloads/POS/SDKs/SDK11.16.4.02/SDKTPLUS/HW_T2/gnu_434/lib/TRAP_TELIUM_PLUS.LIB(FS_close.o)
 .bss           0x00200a88        0x0 C:/Users/Student1/Downloads/POS/SDKs/SDK11.16.4.02/SDKTPLUS/HW_T2/gnu_434/lib/TRAP_TELIUM_PLUS.LIB(FS_length.o)
 .bss           0x00200a88        0x0 C:/Users/Student1/Downloads/POS/SDKs/SDK11.16.4.02/SDKTPLUS/HW_T2/gnu_434/lib/TRAP_TELIUM_PLUS.LIB(FS_mount.o)
 .bss           0x00200a88        0x0 C:/Users/Student1/Downloads/POS/SDKs/SDK11.16.4.02/SDKTPLUS/HW_T2/gnu_434/lib/TRAP_TELIUM_PLUS.LIB(FS_open.o)
 .bss           0x00200a88        0x0 C:/Users/Student1/Downloads/POS/SDKs/SDK11.16.4.02/SDKTPLUS/HW_T2/gnu_434/lib/TRAP_TELIUM_PLUS.LIB(FS_read.o)
 .bss           0x00200a88        0x0 C:/Users/Student1/Downloads/POS/SDKs/SDK11.16.4.02/SDKTPLUS/HW_T2/gnu_434/lib/TRAP_TELIUM_PLUS.LIB(FS_unmount.o)
 .bss           0x00200a88        0x0 C:/Users/Student1/Downloads/POS/SDKs/SDK11.16.4.02/SDKTPLUS/HW_T2/gnu_434/lib/TRAP_TELIUM_PLUS.LIB(ObjectGetInfo.o)
 .bss           0x00200a88        0x0 C:/Users/Student1/Downloads/POS/SDKs/SDK11.16.4.02/SDKTPLUS/HW_T2/gnu_434/lib/TRAP_TELIUM_PLUS.LIB(Telium_Exit.o)
 .bss           0x00200a88        0x0 C:/Users/Student1/Downloads/POS/SDKs/SDK11.16.4.02/SDKTPLUS/HW_T2/gnu_434/lib/TRAP_TELIUM_PLUS.LIB(Telium_Fclose.o)
 .bss           0x00200a88        0x0 C:/Users/Student1/Downloads/POS/SDKs/SDK11.16.4.02/SDKTPLUS/HW_T2/gnu_434/lib/TRAP_TELIUM_PLUS.LIB(Telium_Fopen.o)
 .bss           0x00200a88        0x0 C:/Users/Student1/Downloads/POS/SDKs/SDK11.16.4.02/SDKTPLUS/HW_T2/gnu_434/lib/TRAP_TELIUM_PLUS.LIB(Telium_Is_iso1.o)
 .bss           0x00200a88        0x0 C:/Users/Student1/Downloads/POS/SDKs/SDK11.16.4.02/SDKTPLUS/HW_T2/gnu_434/lib/TRAP_TELIUM_PLUS.LIB(Telium_Is_iso2.o)
 .bss           0x00200a88        0x0 C:/Users/Student1/Downloads/POS/SDKs/SDK11.16.4.02/SDKTPLUS/HW_T2/gnu_434/lib/TRAP_TELIUM_PLUS.LIB(Telium_Is_iso3.o)
 .bss           0x00200a88        0x0 C:/Users/Student1/Downloads/POS/SDKs/SDK11.16.4.02/SDKTPLUS/HW_T2/gnu_434/lib/TRAP_TELIUM_PLUS.LIB(Telium_Reset_buf.o)
 .bss           0x00200a88        0x0 C:/Users/Student1/Downloads/POS/SDKs/SDK11.16.4.02/SDKTPLUS/HW_T2/gnu_434/lib/TRAP_TELIUM_PLUS.LIB(Telium_Stdperif.o)
 .bss           0x00200a88        0x0 C:/Users/Student1/Downloads/POS/SDKs/SDK11.16.4.02/SDKTPLUS/HW_T2/gnu_434/lib/TRAP_TELIUM_PLUS.LIB(Telium_Ttestall.o)
 .bss           0x00200a88        0x0 C:/Users/Student1/Downloads/POS/SDKs/SDK11.16.4.02/SDKTPLUS/HW_T2/gnu_434/lib/TRAP_TELIUM_PLUS.LIB(Telium_Vfprintf.o)
 .bss           0x00200a88        0x0 C:/Users/Student1/Downloads/POS/SDKs/SDK11.16.4.02/SDKTPLUS/HW_T2/gnu_434/lib/TRAP_TELIUM_PLUS.LIB(Telium_Vsprintf.o)
 .bss           0x00200a88        0x0 C:/Users/Student1/Downloads/POS/SDKs/SDK11.16.4.02/SDKTPLUS/HW_T2/gnu_434/lib/TRAP_TELIUM_PLUS.LIB(first_init.o)
 .bss           0x00200a88        0x0 C:/Users/Student1/Downloads/POS/SDKs/SDK11.16.4.02/SDKTPLUS/HW_T2/gnu_434/lib/TRAP_TELIUM_PLUS.LIB(raz_init.o)
 .bss           0x00200a88        0x0 C:/Users/Student1/Downloads/POS/SDKs/SDK11.16.4.02/SDKTPLUS/HW_T2/gnu_434/lib/TRAP_TELIUM_PLUS.LIB(ufree.o)
 .bss           0x00200a88        0x0 C:/Users/Student1/Downloads/POS/SDKs/SDK11.16.4.02/SDKTPLUS/HW_T2/gnu_434/lib/TRAP_TELIUM_PLUS.LIB(umalloc.o)
 .bss           0x00200a88        0x0 C:/Users/Student1/Downloads/POS/SDKs/SDK11.16.4.02/SDKTPLUS/HW_T2/gnu_434/lib/TRAP_TELIUM_PLUS.LIB(urealloc.o)
 .bss           0x00200a88        0x0 C:/Users/Student1/Downloads/POS/SDKs/SDK11.16.4.02/SDKTPLUS/HW_T2/gnu_434/lib/OSLAYER.LIB(OSL_Dll_Close.o)
 .bss           0x00200a88        0x0 C:/Users/Student1/Downloads/POS/SDKs/SDK11.16.4.02/SDKTPLUS/HW_T2/gnu_434/lib/OSLAYER.LIB(OSL_Dll_GetSymbolByName.o)
 .bss           0x00200a88        0x0 C:/Users/Student1/Downloads/POS/SDKs/SDK11.16.4.02/SDKTPLUS/HW_T2/gnu_434/lib/OSLAYER.LIB(OSL_Dll_OpenByAppliType.o)
 .bss           0x00200a88        0x0 C:/Users/Student1/Downloads/POS/SDKs/SDK11.16.4.02/SDKTPLUS/HW_T2/gnu_434/lib/GRAPHICLIB.LIB(GL_Button_Create.o)
 .bss           0x00200a88        0x0 C:/Users/Student1/Downloads/POS/SDKs/SDK11.16.4.02/SDKTPLUS/HW_T2/gnu_434/lib/GRAPHICLIB.LIB(GL_Dialog_Amount.o)
 .bss           0x00200a88        0x0 C:/Users/Student1/Downloads/POS/SDKs/SDK11.16.4.02/SDKTPLUS/HW_T2/gnu_434/lib/GRAPHICLIB.LIB(GL_Dialog_Menu.o)
 .bss           0x00200a88        0x0 C:/Users/Student1/Downloads/POS/SDKs/SDK11.16.4.02/SDKTPLUS/HW_T2/gnu_434/lib/GRAPHICLIB.LIB(GL_Dialog_Message.o)
 .bss           0x00200a88        0x0 C:/Users/Student1/Downloads/POS/SDKs/SDK11.16.4.02/SDKTPLUS/HW_T2/gnu_434/lib/GRAPHICLIB.LIB(GL_Dialog_Password.o)
 .bss           0x00200a88        0x0 C:/Users/Student1/Downloads/POS/SDKs/SDK11.16.4.02/SDKTPLUS/HW_T2/gnu_434/lib/GRAPHICLIB.LIB(GL_Dialog_Text.o)
 .bss           0x00200a88        0x0 C:/Users/Student1/Downloads/POS/SDKs/SDK11.16.4.02/SDKTPLUS/HW_T2/gnu_434/lib/GRAPHICLIB.LIB(GL_Document_Create.o)
 .bss           0x00200a88        0x0 C:/Users/Student1/Downloads/POS/SDKs/SDK11.16.4.02/SDKTPLUS/HW_T2/gnu_434/lib/GRAPHICLIB.LIB(GL_Document_Print.o)
 .bss           0x00200a88        0x0 C:/Users/Student1/Downloads/POS/SDKs/SDK11.16.4.02/SDKTPLUS/HW_T2/gnu_434/lib/GRAPHICLIB.LIB(GL_Drawing_Clear.o)
 .bss           0x00200a88        0x0 C:/Users/Student1/Downloads/POS/SDKs/SDK11.16.4.02/SDKTPLUS/HW_T2/gnu_434/lib/GRAPHICLIB.LIB(GL_Drawing_Create.o)
 .bss           0x00200a88        0x0 C:/Users/Student1/Downloads/POS/SDKs/SDK11.16.4.02/SDKTPLUS/HW_T2/gnu_434/lib/GRAPHICLIB.LIB(GL_Drawing_DrawEllipse.o)
 .bss           0x00200a88        0x0 C:/Users/Student1/Downloads/POS/SDKs/SDK11.16.4.02/SDKTPLUS/HW_T2/gnu_434/lib/GRAPHICLIB.LIB(GL_Drawing_DrawLine.o)
 .bss           0x00200a88        0x0 C:/Users/Student1/Downloads/POS/SDKs/SDK11.16.4.02/SDKTPLUS/HW_T2/gnu_434/lib/GRAPHICLIB.LIB(GL_Drawing_DrawRect.o)
 .bss           0x00200a88        0x0 C:/Users/Student1/Downloads/POS/SDKs/SDK11.16.4.02/SDKTPLUS/HW_T2/gnu_434/lib/GRAPHICLIB.LIB(GL_Drawing_DrawText.o)
 .bss           0x00200a88        0x0 C:/Users/Student1/Downloads/POS/SDKs/SDK11.16.4.02/SDKTPLUS/HW_T2/gnu_434/lib/GRAPHICLIB.LIB(GL_Drawing_SetBrush.o)
 .bss           0x00200a88        0x0 C:/Users/Student1/Downloads/POS/SDKs/SDK11.16.4.02/SDKTPLUS/HW_T2/gnu_434/lib/GRAPHICLIB.LIB(GL_Drawing_SetFont.o)
 .bss           0x00200a88        0x0 C:/Users/Student1/Downloads/POS/SDKs/SDK11.16.4.02/SDKTPLUS/HW_T2/gnu_434/lib/GRAPHICLIB.LIB(GL_Drawing_SetPen.o)
 .bss           0x00200a88        0x0 C:/Users/Student1/Downloads/POS/SDKs/SDK11.16.4.02/SDKTPLUS/HW_T2/gnu_434/lib/GRAPHICLIB.LIB(GL_GraphicLib_BindSingleKey.o)
 .bss           0x00200a88        0x4 C:/Users/Student1/Downloads/POS/SDKs/SDK11.16.4.02/SDKTPLUS/HW_T2/gnu_434/lib/GRAPHICLIB.LIB(GL_GraphicLib_Create.o)
 .bss           0x00200a8c        0x0 C:/Users/Student1/Downloads/POS/SDKs/SDK11.16.4.02/SDKTPLUS/HW_T2/gnu_434/lib/GRAPHICLIB.LIB(GL_GraphicLib_IsTouchPresent.o)
 .bss           0x00200a8c        0x0 C:/Users/Student1/Downloads/POS/SDKs/SDK11.16.4.02/SDKTPLUS/HW_T2/gnu_434/lib/GRAPHICLIB.LIB(GL_GraphicLib_ReadResource.o)
 .bss           0x00200a8c        0x0 C:/Users/Student1/Downloads/POS/SDKs/SDK11.16.4.02/SDKTPLUS/HW_T2/gnu_434/lib/GRAPHICLIB.LIB(GL_GraphicLib_SetCharset.o)
 .bss           0x00200a8c        0x0 C:/Users/Student1/Downloads/POS/SDKs/SDK11.16.4.02/SDKTPLUS/HW_T2/gnu_434/lib/GRAPHICLIB.LIB(GL_GraphicLib_UnbindKey.o)
 .bss           0x00200a8c        0x0 C:/Users/Student1/Downloads/POS/SDKs/SDK11.16.4.02/SDKTPLUS/HW_T2/gnu_434/lib/GRAPHICLIB.LIB(GL_Label_Create.o)
 .bss           0x00200a8c        0x0 C:/Users/Student1/Downloads/POS/SDKs/SDK11.16.4.02/SDKTPLUS/HW_T2/gnu_434/lib/GRAPHICLIB.LIB(GL_Layout_Create.o)
 .bss           0x00200a8c        0x0 C:/Users/Student1/Downloads/POS/SDKs/SDK11.16.4.02/SDKTPLUS/HW_T2/gnu_434/lib/GRAPHICLIB.LIB(GL_Message_GetKey.o)
 .bss           0x00200a8c        0x0 C:/Users/Student1/Downloads/POS/SDKs/SDK11.16.4.02/SDKTPLUS/HW_T2/gnu_434/lib/GRAPHICLIB.LIB(GL_Message_GetWidget.o)
 .bss           0x00200a8c        0x0 C:/Users/Student1/Downloads/POS/SDKs/SDK11.16.4.02/SDKTPLUS/HW_T2/gnu_434/lib/GRAPHICLIB.LIB(GL_Message_GetWindow.o)
 .bss           0x00200a8c        0x0 C:/Users/Student1/Downloads/POS/SDKs/SDK11.16.4.02/SDKTPLUS/HW_T2/gnu_434/lib/GRAPHICLIB.LIB(GL_Message_SetResult.o)
 .bss           0x00200a8c        0x0 C:/Users/Student1/Downloads/POS/SDKs/SDK11.16.4.02/SDKTPLUS/HW_T2/gnu_434/lib/GRAPHICLIB.LIB(GL_Message_SetUserData.o)
 .bss           0x00200a8c        0x0 C:/Users/Student1/Downloads/POS/SDKs/SDK11.16.4.02/SDKTPLUS/HW_T2/gnu_434/lib/GRAPHICLIB.LIB(GL_Picture_Create.o)
 .bss           0x00200a8c        0x0 C:/Users/Student1/Downloads/POS/SDKs/SDK11.16.4.02/SDKTPLUS/HW_T2/gnu_434/lib/GRAPHICLIB.LIB(GL_Print_Create.o)
 .bss           0x00200a8c        0x0 C:/Users/Student1/Downloads/POS/SDKs/SDK11.16.4.02/SDKTPLUS/HW_T2/gnu_434/lib/GRAPHICLIB.LIB(GL_Timer_Create.o)
 .bss           0x00200a8c        0x0 C:/Users/Student1/Downloads/POS/SDKs/SDK11.16.4.02/SDKTPLUS/HW_T2/gnu_434/lib/GRAPHICLIB.LIB(GL_Timer_SetInterval.o)
 .bss           0x00200a8c        0x0 C:/Users/Student1/Downloads/POS/SDKs/SDK11.16.4.02/SDKTPLUS/HW_T2/gnu_434/lib/GRAPHICLIB.LIB(GL_Timer_Stop.o)
 .bss           0x00200a8c        0x0 C:/Users/Student1/Downloads/POS/SDKs/SDK11.16.4.02/SDKTPLUS/HW_T2/gnu_434/lib/GRAPHICLIB.LIB(GL_Widget_Destroy.o)
 .bss           0x00200a8c        0x0 C:/Users/Student1/Downloads/POS/SDKs/SDK11.16.4.02/SDKTPLUS/HW_T2/gnu_434/lib/GRAPHICLIB.LIB(GL_Widget_GetText.o)
 .bss           0x00200a8c        0x0 C:/Users/Student1/Downloads/POS/SDKs/SDK11.16.4.02/SDKTPLUS/HW_T2/gnu_434/lib/GRAPHICLIB.LIB(GL_Widget_GetUserData.o)
 .bss           0x00200a8c        0x0 C:/Users/Student1/Downloads/POS/SDKs/SDK11.16.4.02/SDKTPLUS/HW_T2/gnu_434/lib/GRAPHICLIB.LIB(GL_Widget_RegisterCallback.o)
 .bss           0x00200a8c        0x0 C:/Users/Student1/Downloads/POS/SDKs/SDK11.16.4.02/SDKTPLUS/HW_T2/gnu_434/lib/GRAPHICLIB.LIB(GL_Widget_SearchId.o)
 .bss           0x00200a8c        0x0 C:/Users/Student1/Downloads/POS/SDKs/SDK11.16.4.02/SDKTPLUS/HW_T2/gnu_434/lib/GRAPHICLIB.LIB(GL_Widget_SetBackAlign.o)
 .bss           0x00200a8c        0x0 C:/Users/Student1/Downloads/POS/SDKs/SDK11.16.4.02/SDKTPLUS/HW_T2/gnu_434/lib/GRAPHICLIB.LIB(GL_Widget_SetBackColor.o)