Archive member included because of file (symbol)

C:/Users/Student1/Downloads/POS/SDKs/SDK11.16.4.02/SDKTPLUS/HW_T2/gnu_434/lib/eft30tplus.lib(DisplayFooter.o)
                              Obj/GNU_ARM_DEBUG_T2/Menu.o (DisplayFooter)
C:/Users/Student1/Downloads/POS/SDKs/SDK11.16.4.02/SDKTPLUS/HW_T2/gnu_434/lib/eft30tplus.lib(DisplayHeader.o)
                              Obj/GNU_ARM_DEBUG_T2/Menu.o (DisplayHeader)
C:/Users/Student1/Downloads/POS/SDKs/SDK11.16.4.02/SDKTPLUS/HW_T2/gnu_434/lib/eft30tplus.lib(DisplayLeds.o)
                              Obj/GNU_ARM_DEBUG_T2/Menu.o (DisplayLeds)
C:/Users/Student1/Downloads/POS/SDKs/SDK11.16.4.02/SDKTPLUS/HW_T2/gnu_434/lib/eft30tplus.lib(Telium_Read_date.o)
                              Obj/GNU_ARM_DEBUG_T2/Entry.o (Telium_Read_date)
C:/Users/Student1/Downloads/POS/SDKs/SDK11.16.4.02/SDKTPLUS/HW_T2/gnu_434/lib/eft30tplus.lib(IsColorDisplay.o)
                              Obj/GNU_ARM_DEBUG_T2/Goal.o (IsColorDisplay)
C:/Users/Student1/Downloads/POS/SDKs/SDK11.16.4.02/SDKTPLUS/HW_T2/gnu_434/lib/eft30tplus.lib(IsISO1.o)
                              Obj/GNU_ARM_DEBUG_T2/Sales.o (IsISO1)
C:/Users/Student1/Downloads/POS/SDKs/SDK11.16.4.02/SDKTPLUS/HW_T2/gnu_434/lib/eft30tplus.lib(IsISO2.o)
                              Obj/GNU_ARM_DEBUG_T2/Sales.o (IsISO2)
C:/Users/Student1/Downloads/POS/SDKs/SDK11.16.4.02/SDKTPLUS/HW_T2/gnu_434/lib/eft30tplus.lib(IsISO3.o)
                              Obj/GNU_ARM_DEBUG_T2/Sales.o (IsISO3)
C:/Users/Student1/Downloads/POS/SDKs/SDK11.16.4.02/SDKTPLUS/HW_T2/gnu_434/lib/eft30tplus.lib(IsPrinter.o)
                              Obj/GNU_ARM_DEBUG_T2/Goal.o (IsPrinter)
C:/Users/Student1/Downloads/POS/SDKs/SDK11.16.4.02/SDKTPLUS/HW_T2/gnu_434/lib/eft30tplus.lib(Telium_ServiceRegister.o)
                              Obj/GNU_ARM_DEBUG_T2/Entry.o (Telium_ServiceRegister)
C:/Users/Student1/Downloads/POS/SDKs/SDK11.16.4.02/SDKTPLUS/HW_T2/gnu_434/lib/eft30tplus.lib(Telium_Atoi.o)
                              Obj/GNU_ARM_DEBUG_T2/DateScreen.o (atoi)
C:/Users/Student1/Downloads/POS/SDKs/SDK11.16.4.02/SDKTPLUS/HW_T2/gnu_434/lib/eft30tplus.lib(Telium_Pprintf.o)
                              Obj/GNU_ARM_DEBUG_T2/Entry.o (Telium_Pprintf)
C:/Users/Student1/Downloads/POS/SDKs/SDK11.16.4.02/SDKTPLUS/HW_T2/gnu_434/lib/eft30tplus.lib(Telium_Stdprt.o)
                              C:/Users/Student1/Downloads/POS/SDKs/SDK11.16.4.02/SDKTPLUS/HW_T2/gnu_434/lib/eft30tplus.lib(Telium_Pprintf.o) (Telium_Stdprt)
C:/Users/Student1/Downloads/POS/SDKs/SDK11.16.4.02/SDKTPLUS/HW_T2/gnu_434/lib/eft30tplus.lib(Telium_Sprintf.o)
                              Obj/GNU_ARM_DEBUG_T2/Sales.o (Telium_Sprintf)
C:/Users/Student1/Downloads/POS/SDKs/SDK11.16.4.02/SDKTPLUS/HW_T2/gnu_434/lib/eft30tplus.lib(sprintf.o)
                              Obj/GNU_ARM_DEBUG_T2/Entry.o (sprintf)
C:/Users/Student1/Downloads/POS/SDKs/SDK11.16.4.02/SDKTPLUS/HW_T2/gnu_434/lib/eft30tplus.lib(extenstp1.o)
                              C:/Users/Student1/Downloads/POS/SDKs/SDK11.16.4.02/SDKTPLUS/HW_T2/gnu_434/lib/eft30tplus.lib(DisplayFooter.o) (extenslib_open)
C:/Users/Student1/Downloads/POS/SDKs/SDK11.16.4.02/SDKTPLUS/HW_T2/gnu_434/lib/eft30tplus.lib(toolstp1.o)
                              C:/Users/Student1/Downloads/POS/SDKs/SDK11.16.4.02/SDKTPLUS/HW_T2/gnu_434/lib/eft30tplus.lib(Telium_Read_date.o) (toolslib_open)
C:/Users/Student1/Downloads/POS/SDKs/SDK11.16.4.02/SDKTPLUS/HW_T2/gnu_434/lib/TRAP_TELIUM_PLUS.LIB(ApplicationGetCurrent.o)
                              Obj/GNU_ARM_DEBUG_T2/Main.o (ApplicationGetCurrent)
C:/Users/Student1/Downloads/POS/SDKs/SDK11.16.4.02/SDKTPLUS/HW_T2/gnu_434/lib/TRAP_TELIUM_PLUS.LIB(FS_close.o)
                              Obj/GNU_ARM_DEBUG_T2/Entry.o (FS_close)
C:/Users/Student1/Downloads/POS/SDKs/SDK11.16.4.02/SDKTPLUS/HW_T2/gnu_434/lib/TRAP_TELIUM_PLUS.LIB(FS_length.o)
                              Obj/GNU_ARM_DEBUG_T2/Entry.o (FS_length)
C:/Users/Student1/Downloads/POS/SDKs/SDK11.16.4.02/SDKTPLUS/HW_T2/gnu_434/lib/TRAP_TELIUM_PLUS.LIB(FS_mount.o)
                              Obj/GNU_ARM_DEBUG_T2/Entry.o (FS_mount)
C:/Users/Student1/Downloads/POS/SDKs/SDK11.16.4.02/SDKTPLUS/HW_T2/gnu_434/lib/TRAP_TELIUM_PLUS.LIB(FS_open.o)
                              Obj/GNU_ARM_DEBUG_T2/Entry.o (FS_open)
C:/Users/Student1/Downloads/POS/SDKs/SDK11.16.4.02/SDKTPLUS/HW_T2/gnu_434/lib/TRAP_TELIUM_PLUS.LIB(FS_read.o)
                              Obj/GNU_ARM_DEBUG_T2/Entry.o (FS_read)
C:/Users/Student1/Downloads/POS/SDKs/SDK11.16.4.02/SDKTPLUS/HW_T2/gnu_434/lib/TRAP_TELIUM_PLUS.LIB(FS_unmount.o)
                              Obj/GNU_ARM_DEBUG_T2/Entry.o (FS_unmount)
C:/Users/Student1/Downloads/POS/SDKs/SDK11.16.4.02/SDKTPLUS/HW_T2/gnu_434/lib/TRAP_TELIUM_PLUS.LIB(ObjectGetInfo.o)
                              Obj/GNU_ARM_DEBUG_T2/Entry.o (ObjectGetInfo)
C:/Users/Student1/Downloads/POS/SDKs/SDK11.16.4.02/SDKTPLUS/HW_T2/gnu_434/lib/TRAP_TELIUM_PLUS.LIB(Telium_EMV_apdu.o)
[...]
Memory Configuration

Name             Origin             Length             Attributes
*default*        0x00000000         0xffffffff

Linker script and memory map

                0x00001000                . = 0x1000
                0x00001000                __text_start = .

.text           0x00001000     0xbd30
 *(.first)
 .first         0x00001000       0x8c C:/Users/Student1/Downloads/POS/SDKs/SDK11.16.4.02/SDKTPLUS/HW_T2/gnu_434/startfiles/cstartupTplus.o
                0x00001000                _start
 *(.text .text.*)
 .text          0x0000108c      0x104 C:/Users/Student1/Downloads/POS/SDKs/SDK11.16.4.02/SDKTPLUS/HW_T2/gnu_434/startfiles/cstartupTplus.o
                0x0000113c                __stack_chk_fail
 .text          0x00001190       0xc0 C:/Users/Student1/Downloads/POS/SDKs/SDK11.16.4.02/SDKTPLUS/HW_T2/gnu_434/startfiles/libcpatch.o
                0x00001190                _calloc_r
                0x000011e0                _free_r
                0x000011fc                _malloc_r
                0x00001224                _realloc_r
 .text          0x00001250      0x2a8 Obj/GNU_ARM_DEBUG_T2/Main.o
                0x00001250                Main
 .text          0x000014f8      0xfec Obj/GNU_ARM_DEBUG_T2/Entry.o
                0x000014f8                give_your_domain
                0x0000155c                after_reset
                0x000015b8                is_name
                0x00001654                is_state
                0x000016ac                idle_message
                0x00001778                more_function
                0x000017ac                keyboard_event
                0x00001818                state
                0x000018fc                consult
                0x000019b0                mcall
                0x00001a64                is_time_function
                0x00001abc                time_function
                0x00001b30                is_change_init
                0x00001bc0                modif_param
                0x00001c50                is_evol_pg
                0x00001ca8                is_delete
                0x00001ce0                file_received
                0x00001e60                message_received
                0x00001f18                is_card_specific
                0x00001f70                card_inside
                0x00001fc4                is_for_you_after
                0x00002164                debit_non_emv
                0x000022bc                give_your_specific_context
                0x000023dc                give_interface
                0x00002440                entry
 .text          0x000024e4      0x208 Obj/GNU_ARM_DEBUG_T2/Menu.o
                0x000024e4                menuGoalDisplay
                0x000025a8                initUIContext
                0x00002668                releaseUIContext
 .text          0x000026ec      0x38c Obj/GNU_ARM_DEBUG_T2/DateScreen.o
                0x000026ec                dateScreenUseGoalResource
 .text          0x00002a78       0xd4 Obj/GNU_ARM_DEBUG_T2/Utils.o
                0x00002a78                utilsCheckDate
 .text          0x00002b4c      0x884 Obj/GNU_ARM_DEBUG_T2/Sales.o
                0x00002b4c                sale
                0x00002efc                makeReceipt
                0x00003034                cardOps
                0x00003368                retrieveData
 .text          0x000033d0      0x3b0 Obj/GNU_ARM_DEBUG_T2/Bill.o
                0x000033d0                bill
                0x00003730                bill2
 .text          0x00003780      0x3ec Obj/GNU_ARM_DEBUG_T2/Cashback.o
                0x00003780                cashback
 .text          0x00003b6c     0x29e0 Obj/GNU_ARM_DEBUG_T2/Goal.o
                0x00003ccc                GoalCreateScreen
                0x000040dc                GoalClrScreen
                0x00004310                GoalRefreshScreen
                0x00004340                GoalDspLine
                0x000047b4                GoalDspMultiLine
                0x00004998                GoalGetKey
                0x00004d10                GoalDestroyScreen
                0x00004d44                GoalCreateDrawing
                0x00004f74                GoalClrDrawing
                0x000050a8                GoalDrawLine
                0x00005238                GoalDrawRect
                0x000053dc                GoalDrawEllipse
                0x00005580                GoalDrawText
                0x00005768                GoalDestroyDrawing
                0x0000579c                GoalCreatePicture
                0x000059f8                GoalClrPicture
                0x00005b78                GoalDspPicture
                0x00005eb4                GoalDestroyPicture
                0x00005ee8                GoalCreateDocument
                0x00005f6c                GoalPrnLine
                0x000061ac                GoalPrnMultiLine
                0x000063fc                GoalPrnPicture
                0x000064bc                GoalPrnDocument
                0x00006518                GoalDestroyDocument
 .text          0x0000654c       0x5c C:/Users/Student1/Downloads/POS/SDKs/SDK11.16.4.02/SDKTPLUS/HW_T2/gnu_434/lib/eft30tplus.lib(DisplayFooter.o)
                0x0000655c                DisplayFooter
 .text          0x000065a8       0x5c C:/Users/Student1/Downloads/POS/SDKs/SDK11.16.4.02/SDKTPLUS/HW_T2/gnu_434/lib/eft30tplus.lib(DisplayHeader.o)
                0x000065b8                DisplayHeader
 .text          0x00006604       0x58 C:/Users/Student1/Downloads/POS/SDKs/SDK11.16.4.02/SDKTPLUS/HW_T2/gnu_434/lib/eft30tplus.lib(DisplayLeds.o)
                0x00006610                DisplayLeds
 .text          0x0000665c       0x60 C:/Users/Student1/Downloads/POS/SDKs/SDK11.16.4.02/SDKTPLUS/HW_T2/gnu_434/lib/eft30tplus.lib(Telium_Read_date.o)
                0x00006670                Telium_Read_date
 .text          0x000066bc       0x64 C:/Users/Student1/Downloads/POS/SDKs/SDK11.16.4.02/SDKTPLUS/HW_T2/gnu_434/lib/eft30tplus.lib(IsColorDisplay.o)
                0x000066cc                IsColorDisplay
 .text          0x00006720       0x5c C:/Users/Student1/Downloads/POS/SDKs/SDK11.16.4.02/SDKTPLUS/HW_T2/gnu_434/lib/eft30tplus.lib(IsISO1.o)
                0x00006728                IsISO1
 .text          0x0000677c       0x5c C:/Users/Student1/Downloads/POS/SDKs/SDK11.16.4.02/SDKTPLUS/HW_T2/gnu_434/lib/eft30tplus.lib(IsISO2.o)
                0x00006784                IsISO2
 .text          0x000067d8       0x5c C:/Users/Student1/Downloads/POS/SDKs/SDK11.16.4.02/SDKTPLUS/HW_T2/gnu_434/lib/eft30tplus.lib(IsISO3.o)
                0x000067e0                IsISO3
 .text          0x00006834       0x60 C:/Users/Student1/Downloads/POS/SDKs/SDK11.16.4.02/SDKTPLUS/HW_T2/gnu_434/lib/eft30tplus.lib(IsPrinter.o)
                0x00006840                IsPrinter
 .text          0x00006894       0x64 C:/Users/Student1/Downloads/POS/SDKs/SDK11.16.4.02/SDKTPLUS/HW_T2/gnu_434/lib/eft30tplus.lib(Telium_ServiceRegister.o)
                0x000068ac                Telium_ServiceRegister
 .text          0x000068f8       0x50 C:/Users/Student1/Downloads/POS/SDKs/SDK11.16.4.02/SDKTPLUS/HW_T2/gnu_434/lib/eft30tplus.lib(Telium_Atoi.o)
                0x000068f8                atol
                0x0000693c                atoi
 .text          0x00006948       0x34 C:/Users/Student1/Downloads/POS/SDKs/SDK11.16.4.02/SDKTPLUS/HW_T2/gnu_434/lib/eft30tplus.lib(Telium_Pprintf.o)
                0x00006948                Telium_Pprintf
 .text          0x0000697c       0x20 C:/Users/Student1/Downloads/POS/SDKs/SDK11.16.4.02/SDKTPLUS/HW_T2/gnu_434/lib/eft30tplus.lib(Telium_Stdprt.o)
                0x00006984                Telium_Stdprt
 .text          0x0000699c       0x20 C:/Users/Student1/Downloads/POS/SDKs/SDK11.16.4.02/SDKTPLUS/HW_T2/gnu_434/lib/eft30tplus.lib(Telium_Sprintf.o)
                0x0000699c                Telium_Sprintf
 .text          0x000069bc       0x20 C:/Users/Student1/Downloads/POS/SDKs/SDK11.16.4.02/SDKTPLUS/HW_T2/gnu_434/lib/eft30tplus.lib(sprintf.o)
                0x000069bc                sprintf
 .text          0x000069dc       0x74 C:/Users/Student1/Downloads/POS/SDKs/SDK11.16.4.02/SDKTPLUS/HW_T2/gnu_434/lib/eft30tplus.lib(extenstp1.o)
                0x000069dc                extenslib_close
                0x000069f0                extenslib_open
                0x00006a2c                GetProcAddressExtens
 .text          0x00006a50       0x78 C:/Users/Student1/Downloads/POS/SDKs/SDK11.16.4.02/SDKTPLUS/HW_T2/gnu_434/lib/eft30tplus.lib(toolstp1.o)
                0x00006a50                toolslib_close
                0x00006a64                toolslib_open
                0x00006aa4                GetProcAddressTools
 .text          0x00006ac8        0xe C:/Users/Student1/Downloads/POS/SDKs/SDK11.16.4.02/SDKTPLUS/HW_T2/gnu_434/lib/TRAP_TELIUM_PLUS.LIB(ApplicationGetCurrent.o)
                0x00006ac8                ApplicationGetCurrent
 .text          0x00006ad6        0xe C:/Users/Student1/Downloads/POS/SDKs/SDK11.16.4.02/SDKTPLUS/HW_T2/gnu_434/lib/TRAP_TELIUM_PLUS.LIB(FS_close.o)
                0x00006ad6                FS_close
 .text          0x00006ae4        0xe C:/Users/Student1/Downloads/POS/SDKs/SDK11.16.4.02/SDKTPLUS/HW_T2/gnu_434/lib/TRAP_TELIUM_PLUS.LIB(FS_length.o)
                0x00006ae4                FS_length
 .text          0x00006af2        0xe C:/Users/Student1/Downloads/POS/SDKs/SDK11.16.4.02/SDKTPLUS/HW_T2/gnu_434/lib/TRAP_TELIUM_PLUS.LIB(FS_mount.o)
                0x00006af2                FS_mount
 .text          0x00006b00        0xe C:/Users/Student1/Downloads/POS/SDKs/SDK11.16.4.02/SDKTPLUS/HW_T2/gnu_434/lib/TRAP_TELIUM_PLUS.LIB(FS_open.o)
                0x00006b00                FS_open
 .text          0x00006b0e        0xe C:/Users/Student1/Downloads/POS/SDKs/SDK11.16.4.02/SDKTPLUS/HW_T2/gnu_434/lib/TRAP_TELIUM_PLUS.LIB(FS_read.o)
                0x00006b0e                FS_read
 .text          0x00006b1c        0xe C:/Users/Student1/Downloads/POS/SDKs/SDK11.16.4.02/SDKTPLUS/HW_T2/gnu_434/lib/TRAP_TELIUM_PLUS.LIB(FS_unmount.o)
                0x00006b1c                FS_unmount
 .text          0x00006b2a        0xe C:/Users/Student1/Downloads/POS/SDKs/SDK11.16.4.02/SDKTPLUS/HW_T2/gnu_434/lib/TRAP_TELIUM_PLUS.LIB(ObjectGetInfo.o)
                0x00006b2a                ObjectGetInfo
 .text          0x00006b38        0xe C:/Users/Student1/Downloads/POS/SDKs/SDK11.16.4.02/SDKTPLUS/HW_T2/gnu_434/lib/TRAP_TELIUM_PLUS.LIB(Telium_EMV_apdu.o)
                0x00006b38                Telium_EMV_apdu
 .text          0x00006b46        0xe C:/Users/Student1/Downloads/POS/SDKs/SDK11.16.4.02/SDKTPLUS/HW_T2/gnu_434/lib/TRAP_TELIUM_PLUS.LIB(Telium_EMV_power_on.o)
                0x00006b46                Telium_EMV_power_on
 .text          0x00006b54        0xe C:/Users/Student1/Downloads/POS/SDKs/SDK11.16.4.02/SDKTPLUS/HW_T2/gnu_434/lib/TRAP_TELIUM_PLUS.LIB(Telium_Exit.o)
                0x00006b54                Telium_Exit
 .text          0x00006b62        0xe C:/Users/Student1/Downloads/POS/SDKs/SDK11.16.4.02/SDKTPLUS/HW_T2/gnu_434/lib/TRAP_TELIUM_PLUS.LIB(Telium_Fclose.o)
                0x00006b62                Telium_Fclose
 .text          0x00006b70        0xe C:/Users/Student1/Downloads/POS/SDKs/SDK11.16.4.02/SDKTPLUS/HW_T2/gnu_434/lib/TRAP_TELIUM_PLUS.LIB(Telium_Fopen.o)
                0x00006b70                Telium_Fopen
 .text          0x00006b7e        0xe C:/Users/Student1/Downloads/POS/SDKs/SDK11.16.4.02/SDKTPLUS/HW_T2/gnu_434/lib/TRAP_TELIUM_PLUS.LIB(Telium_Is_iso1.o)
                0x00006b7e                Telium_Is_iso1
 .text          0x00006b8c        0xe C:/Users/Student1/Downloads/POS/SDKs/SDK11.16.4.02/SDKTPLUS/HW_T2/gnu_434/lib/TRAP_TELIUM_PLUS.LIB(Telium_Is_iso2.o)
                0x00006b8c                Telium_Is_iso2
 .text          0x00006b9a        0xe C:/Users/Student1/Downloads/POS/SDKs/SDK11.16.4.02/SDKTPLUS/HW_T2/gnu_434/lib/TRAP_TELIUM_PLUS.LIB(Telium_Is_iso3.o)
                0x00006b9a                Telium_Is_iso3
 .text          0x00006ba8        0xe C:/Users/Student1/Downloads/POS/SDKs/SDK11.16.4.02/SDKTPLUS/HW_T2/gnu_434/lib/TRAP_TELIUM_PLUS.LIB(Telium_Reset_buf.o)
                0x00006ba8                Telium_Reset_buf
 .text          0x00006bb6        0xe C:/Users/Student1/Downloads/POS/SDKs/SDK11.16.4.02/SDKTPLUS/HW_T2/gnu_434/lib/TRAP_TELIUM_PLUS.LIB(Telium_Stdperif.o)
                0x00006bb6                Telium_Stdperif
 .text          0x00006bc4        0xe C:/Users/Student1/Downloads/POS/SDKs/SDK11.16.4.02/SDKTPLUS/HW_T2/gnu_434/lib/TRAP_TELIUM_PLUS.LIB(Telium_Ttestall.o)
                0x00006bc4                Telium_Ttestall
 .text          0x00006bd2        0xe C:/Users/Student1/Downloads/POS/SDKs/SDK11.16.4.02/SDKTPLUS/HW_T2/gnu_434/lib/TRAP_TELIUM_PLUS.LIB(Telium_Vfprintf.o)
                0x00006bd2                Telium_Vfprintf
 .text          0x00006be0        0xe C:/Users/Student1/Downloads/POS/SDKs/SDK11.16.4.02/SDKTPLUS/HW_T2/gnu_434/lib/TRAP_TELIUM_PLUS.LIB(Telium_Vsprintf.o)
                0x00006be0                Telium_Vsprintf
 .text          0x00006bee        0xe C:/Users/Student1/Downloads/POS/SDKs/SDK11.16.4.02/SDKTPLUS/HW_T2/gnu_434/lib/TRAP_TELIUM_PLUS.LIB(first_init.o)
                0x00006bee                first_init
 .text          0x00006bfc        0xe C:/Users/Student1/Downloads/POS/SDKs/SDK11.16.4.02/SDKTPLUS/HW_T2/gnu_434/lib/TRAP_TELIUM_PLUS.LIB(raz_init.o)
                0x00006bfc                raz_init
 .text          0x00006c0a        0xe C:/Users/Student1/Downloads/POS/SDKs/SDK11.16.4.02/SDKTPLUS/HW_T2/gnu_434/lib/TRAP_TELIUM_PLUS.LIB(ufree.o)
                0x00006c0a                ufree
 .text          0x00006c18        0xe C:/Users/Student1/Downloads/POS/SDKs/SDK11.16.4.02/SDKTPLUS/HW_T2/gnu_434/lib/TRAP_TELIUM_PLUS.LIB(umalloc.o)
                0x00006c18                umalloc
 .text          0x00006c26        0xe C:/Users/Student1/Downloads/POS/SDKs/SDK11.16.4.02/SDKTPLUS/HW_T2/gnu_434/lib/TRAP_TELIUM_PLUS.LIB(urealloc.o)
                0x00006c26                urealloc
 .text          0x00006c34        0xc C:/Users/Student1/Downloads/POS/SDKs/SDK11.16.4.02/SDKTPLUS/HW_T2/gnu_434/lib/OSLAYER.LIB(OSL_Dll_Close.o)
                0x00006c34                OSL_Dll_Close
 .text          0x00006c40        0xc C:/Users/Student1/Downloads/POS/SDKs/SDK11.16.4.02/SDKTPLUS/HW_T2/gnu_434/lib/OSLAYER.LIB(OSL_Dll_GetSymbolByName.o)
                0x00006c40                OSL_Dll_GetSymbolByName
 .text          0x00006c4c        0xc C:/Users/Student1/Downloads/POS/SDKs/SDK11.16.4.02/SDKTPLUS/HW_T2/gnu_434/lib/OSLAYER.LIB(OSL_Dll_OpenByAppliType.o)
                0x00006c4c                OSL_Dll_OpenByAppliType
 .text          0x00006c58       0x24 C:/Users/Student1/Downloads/POS/SDKs/SDK11.16.4.02/SDKTPLUS/HW_T2/gnu_434/lib/GRAPHICLIB.LIB(GL_Button_Create.o)
                0x00006c64                GL_Button_Create
 .text          0x00006c7c       0x24 C:/Users/Student1/Downloads/POS/SDKs/SDK11.16.4.02/SDKTPLUS/HW_T2/gnu_434/lib/GRAPHICLIB.LIB(GL_Dialog_Amount.o)
                0x00006c88                GL_Dialog_Amount
 .text          0x00006ca0       0x24 C:/Users/Student1/Downloads/POS/SDKs/SDK11.16.4.02/SDKTPLUS/HW_T2/gnu_434/lib/GRAPHICLIB.LIB(GL_Dialog_Menu.o)
                0x00006cac                GL_Dialog_Menu
 .text          0x00006cc4       0x24 C:/Users/Student1/Downloads/POS/SDKs/SDK11.16.4.02/SDKTPLUS/HW_T2/gnu_434/lib/GRAPHICLIB.LIB(GL_Dialog_Message.o)
                0x00006cd0                GL_Dialog_Message
 .text          0x00006ce8       0x24 C:/Users/Student1/Downloads/POS/SDKs/SDK11.16.4.02/SDKTPLUS/HW_T2/gnu_434/lib/GRAPHICLIB.LIB(GL_Dialog_Password.o)
                0x00006cf4                GL_Dialog_Password
 .text          0x00006d0c       0x24 C:/Users/Student1/Downloads/POS/SDKs/SDK11.16.4.02/SDKTPLUS/HW_T2/gnu_434/lib/GRAPHICLIB.LIB(GL_Dialog_Text.o)
                0x00006d18                GL_Dialog_Text
 .text          0x00006d30       0x24 C:/Users/Student1/Downloads/POS/SDKs/SDK11.16.4.02/SDKTPLUS/HW_T2/gnu_434/lib/GRAPHICLIB.LIB(GL_Document_Create.o)
                0x00006d3c                GL_Document_Create
 .text          0x00006d54       0x24 C:/Users/Student1/Downloads/POS/SDKs/SDK11.16.4.02/SDKTPLUS/HW_T2/gnu_434/lib/GRAPHICLIB.LIB(GL_Document_Print.o)
                0x00006d60                GL_Document_Print
 .text          0x00006d78       0x24 C:/Users/Student1/Downloads/POS/SDKs/SDK11.16.4.02/SDKTPLUS/HW_T2/gnu_434/lib/GRAPHICLIB.LIB(GL_Drawing_Clear.o)
                0x00006d84                GL_Drawing_Clear
 .text          0x00006d9c       0x24 C:/Users/Student1/Downloads/POS/SDKs/SDK11.16.4.02/SDKTPLUS/HW_T2/gnu_434/lib/GRAPHICLIB.LIB(GL_Drawing_Create.o)
                0x00006da8                GL_Drawing_Create
 .text          0x00006dc0       0x24 C:/Users/Student1/Downloads/POS/SDKs/SDK11.16.4.02/SDKTPLUS/HW_T2/gnu_434/lib/GRAPHICLIB.LIB(GL_Drawing_DrawEllipse.o)
                0x00006dcc                GL_Drawing_DrawEllipse
 .text          0x00006de4       0x24 C:/Users/Student1/Downloads/POS/SDKs/SDK11.16.4.02/SDKTPLUS/HW_T2/gnu_434/lib/GRAPHICLIB.LIB(GL_Drawing_DrawLine.o)
                0x00006df0                GL_Drawing_DrawLine
 .text          0x00006e08       0x24 C:/Users/Student1/Downloads/POS/SDKs/SDK11.16.4.02/SDKTPLUS/HW_T2/gnu_434/lib/GRAPHICLIB.LIB(GL_Drawing_DrawRect.o)
                0x00006e14                GL_Drawing_DrawRect
 .text          0x00006e2c       0x24 C:/Users/Student1/Downloads/POS/SDKs/SDK11.16.4.02/SDKTPLUS/HW_T2/gnu_434/lib/GRAPHICLIB.LIB(GL_Drawing_DrawText.o)
                0x00006e38                GL_Drawing_DrawText
 .text          0x00006e50       0x24 C:/Users/Student1/Downloads/POS/SDKs/SDK11.16.4.02/SDKTPLUS/HW_T2/gnu_434/lib/GRAPHICLIB.LIB(GL_Drawing_SetBrush.o)
                0x00006e5c                GL_Drawing_SetBrush
 .text          0x00006e74       0x24 C:/Users/Student1/Downloads/POS/SDKs/SDK11.16.4.02/SDKTPLUS/HW_T2/gnu_434/lib/GRAPHICLIB.LIB(GL_Drawing_SetFont.o)
                0x00006e80                GL_Drawing_SetFont
 .text          0x00006e98       0x24 C:/Users/Student1/Downloads/POS/SDKs/SDK11.16.4.02/SDKTPLUS/HW_T2/gnu_434/lib/GRAPHICLIB.LIB(GL_Drawing_SetPen.o)
                0x00006ea4                GL_Drawing_SetPen
 .text          0x00006ebc       0x24 C:/Users/Student1/Downloads/POS/SDKs/SDK11.16.4.02/SDKTPLUS/HW_T2/gnu_434/lib/GRAPHICLIB.LIB(GL_GraphicLib_BindSingleKey.o)
                0x00006ec8                GL_GraphicLib_BindSingleKey
 .text          0x00006ee0       0xbc C:/Users/Student1/Downloads/POS/SDKs/SDK11.16.4.02/SDKTPLUS/HW_T2/gnu_434/lib/GRAPHICLIB.LIB(GL_GraphicLib_Create.o)
                0x00006ee0                GL_GraphicLib_Create
                0x00006f5c                GL_GraphicLib_Create_Init
 .text          0x00006f9c       0x24 C:/Users/Student1/Downloads/POS/SDKs/SDK11.16.4.02/SDKTPLUS/HW_T2/gnu_434/lib/GRAPHICLIB.LIB(GL_GraphicLib_IsTouchPresent.o)
                0x00006fa8                GL_GraphicLib_IsTouchPresent
 .text          0x00006fc0       0x24 C:/Users/Student1/Downloads/POS/SDKs/SDK11.16.4.02/SDKTPLUS/HW_T2/gnu_434/lib/GRAPHICLIB.LIB(GL_GraphicLib_ReadResource.o)
                0x00006fcc                GL_GraphicLib_ReadResource
 .text          0x00006fe4       0x24 C:/Users/Student1/Downloads/POS/SDKs/SDK11.16.4.02/SDKTPLUS/HW_T2/gnu_434/lib/GRAPHICLIB.LIB(GL_GraphicLib_SetCharset.o)
                0x00006ff0                GL_GraphicLib_SetCharset
 .text          0x00007008       0x24 C:/Users/Student1/Downloads/POS/SDKs/SDK11.16.4.02/SDKTPLUS/HW_T2/gnu_434/lib/GRAPHICLIB.LIB(GL_GraphicLib_UnbindKey.o)
                0x00007014                GL_GraphicLib_UnbindKey
 .text          0x0000702c       0x24 C:/Users/Student1/Downloads/POS/SDKs/SDK11.16.4.02/SDKTPLUS/HW_T2/gnu_434/lib/GRAPHICLIB.LIB(GL_Label_Create.o)
                0x00007038                GL_Label_Create
 .text          0x00007050       0x24 C:/Users/Student1/Downloads/POS/SDKs/SDK11.16.4.02/SDKTPLUS/HW_T2/gnu_434/lib/GRAPHICLIB.LIB(GL_Layout_Create.o)
                0x0000705c                GL_Layout_Create
 .text          0x00007074       0x24 C:/Users/Student1/Downloads/POS/SDKs/SDK11.16.4.02/SDKTPLUS/HW_T2/gnu_434/lib/GRAPHICLIB.LIB(GL_Message_GetKey.o)
                0x00007080                GL_Message_GetKey
 .text          0x00007098       0x24 C:/Users/Student1/Downloads/POS/SDKs/SDK11.16.4.02/SDKTPLUS/HW_T2/gnu_434/lib/GRAPHICLIB.LIB(GL_Message_GetWidget.o)
                0x000070a4                GL_Message_GetWidget
 .text          0x000070bc       0x24 C:/Users/Student1/Downloads/POS/SDKs/SDK11.16.4.02/SDKTPLUS/HW_T2/gnu_434/lib/GRAPHICLIB.LIB(GL_Message_GetWindow.o)
                0x000070c8                GL_Message_GetWindow
 .text          0x000070e0       0x24 C:/Users/Student1/Downloads/POS/SDKs/SDK11.16.4.02/SDKTPLUS/HW_T2/gnu_434/lib/GRAPHICLIB.LIB(GL_Message_SetResult.o)
                0x000070ec                GL_Message_SetResult
 .text          0x00007104       0x24 C:/Users/Student1/Downloads/POS/SDKs/SDK11.16.4.02/SDKTPLUS/HW_T2/gnu_434/lib/GRAPHICLIB.LIB(GL_Message_SetUserData.o)
                0x00007110                GL_Message_SetUserData
 .text          0x00007128       0x24 C:/Users/Student1/Downloads/POS/SDKs/SDK11.16.4.02/SDKTPLUS/HW_T2/gnu_434/lib/GRAPHICLIB.LIB(GL_Picture_Create.o)
                0x00007134                GL_Picture_Create
 .text          0x0000714c       0x24 C:/Users/Student1/Downloads/POS/SDKs/SDK11.16.4.02/SDKTPLUS/HW_T2/gnu_434/lib/GRAPHICLIB.LIB(GL_Print_Create.o)
                0x00007158                GL_Print_Create
 .text          0x00007170       0x24 C:/Users/Student1/Downloads/POS/SDKs/SDK11.16.4.02/SDKTPLUS/HW_T2/gnu_434/lib/GRAPHICLIB.LIB(GL_Timer_Create.o)
                0x0000717c                GL_Timer_Create
 .text          0x00007194       0x24 C:/Users/Student1/Downloads/POS/SDKs/SDK11.16.4.02/SDKTPLUS/HW_T2/gnu_434/lib/GRAPHICLIB.LIB(GL_Timer_SetInterval.o)
                0x000071a0                GL_Timer_SetInterval
 .text          0x000071b8       0x24 C:/Users/Student1/Downloads/POS/SDKs/SDK11.16.4.02/SDKTPLUS/HW_T2/gnu_434/lib/GRAPHICLIB.LIB(GL_Timer_Stop.o)
                0x000071c4                GL_Timer_Stop
 .text          0x000071dc       0x24 C:/Users/Student1/Downloads/POS/SDKs/SDK11.16.4.02/SDKTPLUS/HW_T2/gnu_434/lib/GRAPHICLIB.LIB(GL_Widget_Destroy.o)
                0x000071e8                GL_Widget_Destroy
 .text          0x00007200       0x24 C:/Users/Student1/Downloads/POS/SDKs/SDK11.16.4.02/SDKTPLUS/HW_T2/gnu_434/lib/GRAPHICLIB.LIB(GL_Widget_GetText.o)
                0x0000720c                GL_Widget_GetText
 .text          0x00007224       0x24 C:/Users/Student1/Downloads/POS/SDKs/SDK11.16.4.02/SDKTPLUS/HW_T2/gnu_434/lib/GRAPHICLIB.LIB(GL_Widget_GetUserData.o)
                0x00007230                GL_Widget_GetUserData
 .text          0x00007248       0x24 C:/Users/Student1/Downloads/POS/SDKs/SDK11.16.4.02/SDKTPLUS/HW_T2/gnu_434/lib/GRAPHICLIB.LIB(GL_Widget_RegisterCallback.o)
                0x00007254                GL_Widget_RegisterCallback
 .text          0x0000726c       0x24 C:/Users/Student1/Downloads/POS/SDKs/SDK11.16.4.02/SDKTPLUS/HW_T2/gnu_434/lib/GRAPHICLIB.LIB(GL_Widget_SearchId.o)
                0x00007278                GL_Widget_SearchId
 .text          0x00007290       0x24 C:/Users/Student1/Downloads/POS/SDKs/SDK11.16.4.02/SDKTPLUS/HW_T2/gnu_434/lib/GRAPHICLIB.LIB(GL_Widget_SetBackAlign.o)
                0x0000729c                GL_Widget_SetBackAlign
 .text          0x000072b4       0x24 C:/Users/Student1/Downloads/POS/SDKs/SDK11.16.4.02/SDKTPLUS/HW_T2/gnu_434/lib/GRAPHICLIB.LIB(GL_Widget_SetBackColor.o)
                0x000072c0                GL_Widget_SetBackColor
 .text          0x000072d8       0x24 C:/Users/Student1/Downloads/POS/SDKs/SDK11.16.4.02/SDKTPLUS/HW_T2/gnu_434/lib/GRAPHICLIB.LIB(GL_Widget_SetBorders.o)
                0x000072e4                GL_Widget_SetBorders
 .text          0x000072fc       0x24 C:/Users/Student1/Downloads/POS/SDKs/SDK11.16.4.02/SDKTPLUS/HW_T2/gnu_434/lib/GRAPHICLIB.LIB(GL_Widget_SetExpand.o)
                0x00007308                GL_Widget_SetExpand
 .text          0x00007320       0x24 C:/Users/Student1/Downloads/POS/SDKs/SDK11.16.4.02/SDKTPLUS/HW_T2/gnu_434/lib/GRAPHICLIB.LIB(GL_Widget_SetFocusable.o)
                0x0000732c                GL_Widget_SetFocusable
 .text          0x00007344       0x24 C:/Users/Student1/Downloads/POS/SDKs/SDK11.16.4.02/SDKTPLUS/HW_T2/gnu_434/lib/GRAPHICLIB.LIB(GL_Widget_SetFontName.o)
                0x00007350                GL_Widget_SetFontName
 .text          0x00007368       0x24 C:/Users/Student1/Downloads/POS/SDKs/SDK11.16.4.02/SDKTPLUS/HW_T2/gnu_434/lib/GRAPHICLIB.LIB(GL_Widget_SetFontScale.o)
                0x00007374                GL_Widget_SetFontScale
 .text          0x0000738c       0x24 C:/Users/Student1/Downloads/POS/SDKs/SDK11.16.4.02/SDKTPLUS/HW_T2/gnu_434/lib/GRAPHICLIB.LIB(GL_Widget_SetFontStyle.o)
                0x00007398                GL_Widget_SetFontStyle
 .text          0x000073b0       0x24 C:/Users/Student1/Downloads/POS/SDKs/SDK11.16.4.02/SDKTPLUS/HW_T2/gnu_434/lib/GRAPHICLIB.LIB(GL_Widget_SetForeColor.o)
                0x000073bc                GL_Widget_SetForeColor
 .text          0x000073d4       0x24 C:/Users/Student1/Downloads/POS/SDKs/SDK11.16.4.02/SDKTPLUS/HW_T2/gnu_434/lib/GRAPHICLIB.LIB(GL_Widget_SetGrow.o)
                0x000073e0                GL_Widget_SetGrow
 .text          0x000073f8       0x24 C:/Users/Student1/Downloads/POS/SDKs/SDK11.16.4.02/SDKTPLUS/HW_T2/gnu_434/lib/GRAPHICLIB.LIB(GL_Widget_SetId.o)
                0x00007404                GL_Widget_SetId
 .text          0x0000741c       0x24 C:/Users/Student1/Downloads/POS/SDKs/SDK11.16.4.02/SDKTPLUS/HW_T2/gnu_434/lib/GRAPHICLIB.LIB(GL_Widget_SetItem.o)
                0x00007428                GL_Widget_SetItem
 .text          0x00007440       0x24 C:/Users/Student1/Downloads/POS/SDKs/SDK11.16.4.02/SDKTPLUS/HW_T2/gnu_434/lib/GRAPHICLIB.LIB(GL_Widget_SetMargins.o)
                0x0000744c                GL_Widget_SetMargins
 .text          0x00007464       0x24 C:/Users/Student1/Downloads/POS/SDKs/SDK11.16.4.02/SDKTPLUS/HW_T2/gnu_434/lib/GRAPHICLIB.LIB(GL_Widget_SetMinSize.o)
                0x00007470                GL_Widget_SetMinSize
 .text          0x00007488       0x24 C:/Users/Student1/Downloads/POS/SDKs/SDK11.16.4.02/SDKTPLUS/HW_T2/gnu_434/lib/GRAPHICLIB.LIB(GL_Widget_SetShortcut.o)
                0x00007494                GL_Widget_SetShortcut
 .text          0x000074ac       0x24 C:/Users/Student1/Downloads/POS/SDKs/SDK11.16.4.02/SDKTPLUS/HW_T2/gnu_434/lib/GRAPHICLIB.LIB(GL_Widget_SetShrink.o)
                0x000074b8                GL_Widget_SetShrink
 .text          0x000074d0       0x24 C:/Users/Student1/Downloads/POS/SDKs/SDK11.16.4.02/SDKTPLUS/HW_T2/gnu_434/lib/GRAPHICLIB.LIB(GL_Widget_SetSize.o)
                0x000074dc                GL_Widget_SetSize
 .text          0x000074f4       0x24 C:/Users/Student1/Downloads/POS/SDKs/SDK11.16.4.02/SDKTPLUS/HW_T2/gnu_434/lib/GRAPHICLIB.LIB(GL_Widget_SetSource.o)
                0x00007500                GL_Widget_SetSource
 .text          0x00007518       0x24 C:/Users/Student1/Downloads/POS/SDKs/SDK11.16.4.02/SDKTPLUS/HW_T2/gnu_434/lib/GRAPHICLIB.LIB(GL_Widget_SetText.o)
                0x00007524                GL_Widget_SetText
 .text          0x0000753c       0x24 C:/Users/Student1/Downloads/POS/SDKs/SDK11.16.4.02/SDKTPLUS/HW_T2/gnu_434/lib/GRAPHICLIB.LIB(GL_Widget_SetTextAlign.o)
                0x00007548                GL_Widget_SetTextAlign
 .text          0x00007560       0x24 C:/Users/Student1/Downloads/POS/SDKs/SDK11.16.4.02/SDKTPLUS/HW_T2/gnu_434/lib/GRAPHICLIB.LIB(GL_Widget_SetTextPaddings.o)
                0x0000756c                GL_Widget_SetTextPaddings
 .text          0x00007584       0x24 C:/Users/Student1/Downloads/POS/SDKs/SDK11.16.4.02/SDKTPLUS/HW_T2/gnu_434/lib/GRAPHICLIB.LIB(GL_Widget_SetTransformation.o)
                0x00007590                GL_Widget_SetTransformation
 .text          0x000075a8       0x24 C:/Users/Student1/Downloads/POS/SDKs/SDK11.16.4.02/SDKTPLUS/HW_T2/gnu_434/lib/GRAPHICLIB.LIB(GL_Widget_SetVisible.o)
                0x000075b4                GL_Widget_SetVisible
 .text          0x000075cc       0x24 C:/Users/Student1/Downloads/POS/SDKs/SDK11.16.4.02/SDKTPLUS/HW_T2/gnu_434/lib/GRAPHICLIB.LIB(GL_Widget_SetWrap.o)
                0x000075d8                GL_Widget_SetWrap
 .text          0x000075f0       0x24 C:/Users/Student1/Downloads/POS/SDKs/SDK11.16.4.02/SDKTPLUS/HW_T2/gnu_434/lib/GRAPHICLIB.LIB(GL_Widget_UnregisterCallback.o)
                0x000075fc                GL_Widget_UnregisterCallback
 .text          0x00007614       0x24 C:/Users/Student1/Downloads/POS/SDKs/SDK11.16.4.02/SDKTPLUS/HW_T2/gnu_434/lib/GRAPHICLIB.LIB(GL_Window_Create.o)
                0x00007620                GL_Window_Create
 .text          0x00007638       0x24 C:/Users/Student1/Downloads/POS/SDKs/SDK11.16.4.02/SDKTPLUS/HW_T2/gnu_434/lib/GRAPHICLIB.LIB(GL_Window_Dispatch.o)
                0x00007644                GL_Window_Dispatch
 .text          0x0000765c       0x24 C:/Users/Student1/Downloads/POS/SDKs/SDK11.16.4.02/SDKTPLUS/HW_T2/gnu_434/lib/GRAPHICLIB.LIB(GL_Window_GetResult.o)
                0x00007668                GL_Window_GetResult
 .text          0x00007680       0x24 C:/Users/Student1/Downloads/POS/SDKs/SDK11.16.4.02/SDKTPLUS/HW_T2/gnu_434/lib/GRAPHICLIB.LIB(GL_Window_MainLoop.o)
                0x0000768c                GL_Window_MainLoop
 .text          0x000076a4       0x24 C:/Users/Student1/Downloads/POS/SDKs/SDK11.16.4.02/SDKTPLUS/HW_T2/gnu_434/lib/GRAPHICLIB.LIB(GL_Window_PreviousFocus.o)
                0x000076b0                GL_Window_PreviousFocus
 .text          0x000076c8      0x114 C:/Users/Student1/Downloads/POS/SDKs/SDK11.16.4.02/SDKTPLUS/HW_T2/gnu_434/lib/GRAPHICLIB.LIB(GL_link.o)
                0x000076c8                GL_IsPresent
                0x00007704                GL_GetProcAddressWithoutExit
                0x0000779c                GL_GetProcAddress
 .text          0x000077dc       0x2c C:/Users/Student1/Downloads/POS/SDKs/SDK11.16.4.02/SDKTPLUS/HW_T2/gnu_434/lib/GRAPHICLIB.LIB(gl_asm_link.o)
                0x000077dc                GL_InitFuncAndBranch
                0x000077ec                GL_Swi_ObjectLoad
                0x000077fa                GL_Swi_DllLink
 .text          0x00007808       0x1c C:/Users/Student1/Downloads/POS/IngeDev_8.18.0.5/toolchains/gnuArm4/arm-elf/lib/thumb/soft/interwork/libc.a(lib_a-memcpy.o)
                0x00007808                memcpy
 .text          0x00007824       0x10 C:/Users/Student1/Downloads/POS/IngeDev_8.18.0.5/toolchains/gnuArm4/arm-elf/lib/thumb/soft/interwork/libc.a(lib_a-memset.o)
                0x00007824                memset
 .text          0x00007834       0xa0 C:/Users/Student1/Downloads/POS/IngeDev_8.18.0.5/toolchains/gnuArm4/arm-elf/lib/thumb/soft/interwork/libc.a(lib_a-sscanf.o)
                0x00007834                _sscanf_r
                0x00007884                sscanf
 .text          0x000078d4       0xac C:/Users/Student1/Downloads/POS/IngeDev_8.18.0.5/toolchains/gnuArm4/arm-elf/lib/thumb/soft/interwork/libc.a(lib_a-stdio.o)
                0x000078d4                __seofread
                0x000078d8                __sclose
                0x000078e8                __sseek
                0x00007918                __swrite
                0x00007954                __sread
 .text          0x00007980       0x24 C:/Users/Student1/Downloads/POS/IngeDev_8.18.0.5/toolchains/gnuArm4/arm-elf/lib/thumb/soft/interwork/libc.a(lib_a-strcat.o)
                0x00007980                strcat
 .text          0x000079a4       0x1c C:/Users/Student1/Downloads/POS/IngeDev_8.18.0.5/toolchains/gnuArm4/arm-elf/lib/thumb/soft/interwork/libc.a(lib_a-strchr.o)
                0x000079a4                strchr
 .text          0x000079c0       0x10 C:/Users/Student1/Downloads/POS/IngeDev_8.18.0.5/toolchains/gnuArm4/arm-elf/lib/thumb/soft/interwork/libc.a(lib_a-strcpy.o)
                0x000079c0                strcpy
 .text          0x000079d0       0x10 C:/Users/Student1/Downloads/POS/IngeDev_8.18.0.5/toolchains/gnuArm4/arm-elf/lib/thumb/soft/interwork/libc.a(lib_a-strlen.o)
                0x000079d0                strlen
 .text          0x000079e0       0x38 C:/Users/Student1/Downloads/POS/IngeDev_8.18.0.5/toolchains/gnuArm4/arm-elf/lib/thumb/soft/interwork/libc.a(lib_a-strncat.o)
                0x000079e0                strncat
 .text          0x00007a18       0x34 C:/Users/Student1/Downloads/POS/IngeDev_8.18.0.5/toolchains/gnuArm4/arm-elf/lib/thumb/soft/interwork/libc.a(lib_a-strncpy.o)
                0x00007a18                strncpy
 .text          0x00007a4c      0xc7c C:/Users/Student1/Downloads/POS/IngeDev_8.18.0.5/toolchains/gnuArm4/arm-elf/lib/thumb/soft/interwork/libc.a(lib_a-svfscanf.o)
                0x00007a4c                __ssvfscanf_r
 .text          0x000086c8       0x2c C:/Users/Student1/Downloads/POS/IngeDev_8.18.0.5/toolchains/gnuArm4/arm-elf/lib/thumb/soft/interwork/libc.a(lib_a-writer.o)
                0x000086c8                _write_r
 .text          0x000086f4       0x28 C:/Users/Student1/Downloads/POS/IngeDev_8.18.0.5/toolchains/gnuArm4/arm-elf/lib/thumb/soft/interwork/libc.a(lib_a-closer.o)
                0x000086f4                _close_r
 .text          0x0000871c        0x0 C:/Users/Student1/Downloads/POS/IngeDev_8.18.0.5/toolchains/gnuArm4/arm-elf/lib/thumb/soft/interwork/libc.a(lib_a-ctype_.o)
 .text          0x0000871c      0x1d4 C:/Users/Student1/Downloads/POS/IngeDev_8.18.0.5/toolchains/gnuArm4/arm-elf/lib/thumb/soft/interwork/libc.a(lib_a-findfp.o)
                0x0000871c                __sfp_lock_acquire
                0x00008720                __sfp_lock_release
                0x00008724                __sinit_lock_acquire
                0x00008728                __sinit_lock_release
                0x00008734                __fp_unlock_all
                0x0000874c                __fp_lock_all
                0x00008764                _cleanup_r
                0x00008774                _cleanup
                0x000087d8                __sinit
                0x00008834                __sfmoreglue
                0x00008868                __sfp
 .text          0x000088f0       0xa8 C:/Users/Student1/Downloads/POS/IngeDev_8.18.0.5/toolchains/gnuArm4/arm-elf/lib/thumb/soft/interwork/libc.a(lib_a-fwalk.o)
                0x000088f0                _fwalk_reent
                0x00008944                _fwalk
 .text          0x00008998        0x0 C:/Users/Student1/Downloads/POS/IngeDev_8.18.0.5/toolchains/gnuArm4/arm-elf/lib/thumb/soft/interwork/libc.a(lib_a-impure.o)
 .text          0x00008998       0x1c C:/Users/Student1/Downloads/POS/IngeDev_8.18.0.5/toolchains/gnuArm4/arm-elf/lib/thumb/soft/interwork/libc.a(lib_a-iswspace.o)
                0x00008998                iswspace
 .text          0x000089b4       0x84 C:/Users/Student1/Downloads/POS/IngeDev_8.18.0.5/toolchains/gnuArm4/arm-elf/lib/thumb/soft/interwork/libc.a(lib_a-locale.o)
                0x000089b4                __locale_charset
                0x000089bc                __locale_msgcharset
                0x000089c4                __locale_cjk_lang
                0x000089c8                _localeconv_r
                0x000089d0                localeconv
                0x000089d8                _setlocale_r
                0x00008a1c                setlocale
 .text          0x00008a38       0x2c C:/Users/Student1/Downloads/POS/IngeDev_8.18.0.5/toolchains/gnuArm4/arm-elf/lib/thumb/soft/interwork/libc.a(lib_a-lseekr.o)
                0x00008a38                _lseek_r
 .text          0x00008a64       0x8c C:/Users/Student1/Downloads/POS/IngeDev_8.18.0.5/toolchains/gnuArm4/arm-elf/lib/thumb/soft/interwork/libc.a(lib_a-mbrtowc.o)
                0x00008a64                _mbrtowc_r
                0x00008ac4                mbrtowc
 .text          0x00008af0       0x64 C:/Users/Student1/Downloads/POS/IngeDev_8.18.0.5/toolchains/gnuArm4/arm-elf/lib/thumb/soft/interwork/libc.a(lib_a-mbtowc_r.o)
                0x00008af0                __ascii_mbtowc
                0x00008b1c                _mbtowc_r
 .text          0x00008b54       0x2c C:/Users/Student1/Downloads/POS/IngeDev_8.18.0.5/toolchains/gnuArm4/arm-elf/lib/thumb/soft/interwork/libc.a(lib_a-readr.o)
                0x00008b54                _read_r
 .text          0x00008b80      0x108 C:/Users/Student1/Downloads/POS/IngeDev_8.18.0.5/toolchains/gnuArm4/arm-elf/lib/thumb/soft/interwork/libc.a(lib_a-reent.o)
                0x00008b80                _wrapup_reent
                0x00008bc8                cleanup_glue
                0x00008be8                _reclaim_reent
 .text          0x00008c88       0x7c C:/Users/Student1/Downloads/POS/IngeDev_8.18.0.5/toolchains/gnuArm4/arm-elf/lib/thumb/soft/interwork/libc.a(lib_a-s_fpclassify.o)
                0x00008c88                __fpclassifyd
 .text          0x00008d04       0x78 C:/Users/Student1/Downloads/POS/IngeDev_8.18.0.5/toolchains/gnuArm4/arm-elf/lib/thumb/soft/interwork/libc.a(lib_a-sccl.o)
                0x00008d04                __sccl
 .text          0x00008d7c        0x8 C:/Users/Student1/Downloads/POS/IngeDev_8.18.0.5/toolchains/gnuArm4/arm-elf/lib/thumb/soft/interwork/libc.a(lib_a-sf_nan.o)
                0x00008d7c                nanf
 .text          0x00008d84       0x14 C:/Users/Student1/Downloads/POS/IngeDev_8.18.0.5/toolchains/gnuArm4/arm-elf/lib/thumb/soft/interwork/libc.a(lib_a-strcmp.o)
                0x00008d84                strcmp
 .text          0x00008d98      0xc88 C:/Users/Student1/Downloads/POS/IngeDev_8.18.0.5/toolchains/gnuArm4/arm-elf/lib/thumb/soft/interwork/libc.a(lib_a-strtod.o)
                0x00008d98                _strtod_r
                0x000099d0                strtof
                0x00009a04                strtod
 .text          0x00009a20      0x154 C:/Users/Student1/Downloads/POS/IngeDev_8.18.0.5/toolchains/gnuArm4/arm-elf/lib/thumb/soft/interwork/libc.a(lib_a-strtol.o)
                0x00009a20                _strtol_r
                0x00009b54                strtol
 .text          0x00009b74      0x128 C:/Users/Student1/Downloads/POS/IngeDev_8.18.0.5/toolchains/gnuArm4/arm-elf/lib/thumb/soft/interwork/libc.a(lib_a-strtoul.o)
                0x00009b74                _strtoul_r
                0x00009c7c                strtoul
 .text          0x00009c9c      0x998 C:/Users/Student1/Downloads/POS/IngeDev_8.18.0.5/toolchains/gnuArm4/arm-elf/lib/thumb/soft/interwork/libc.a(lib_a-svfiscanf.o)
                0x00009c9c                __ssrefill_r
                0x00009ce0                _sfread_r
                0x00009d5c                _sungetc_r
                0x00009de8                __ssvfiscanf_r
 .text          0x0000a634      0x59c C:/Users/Student1/Downloads/POS/IngeDev_8.18.0.5/toolchains/gnuArm4/arm-elf/lib/thumb/soft/interwork/libc.a(lib_a-syscalls.o)
                0x0000a634                initialise_monitor_handles
                0x0000a6ac                _kill
                0x0000a6d4                _exit
                0x0000a6ec                _getpid
                0x0000a6f0                _link
                0x0000a6f8                _raise
                0x0000a6fc                _gettimeofday
                0x0000a728                _times
                0x0000a770                _rename
                0x0000a7a8                _system
                0x0000a7f0                _unlink
                0x0000a81c                _swiopen
                0x0000a8ac                _open
                0x0000a8c0                _sbrk
                0x0000a944                _isatty
                0x0000a968                _swiclose
                0x0000a9a8                _close
                0x0000a9b8                _swiwrite
                0x0000a9e0                _write
                0x0000aa48                _swilseek
                0x0000aad4                _lseek
                0x0000aae4                _swiread
                0x0000ab0c                _read
                0x0000ab70                _stat
                0x0000abac                _fstat
 .text          0x0000abd0      0x17c C:/Users/Student1/Downloads/POS/IngeDev_8.18.0.5/toolchains/gnuArm4/arm-elf/lib/thumb/soft/interwork/libc.a(lib_a-ungetc.o)
                0x0000abd0                __submore
                0x0000ac4c                _ungetc_r
                0x0000ad30                ungetc
 .text          0x0000ad4c        0xc C:/Users/Student1/Downloads/POS/IngeDev_8.18.0.5/toolchains/gnuArm4/arm-elf/lib/thumb/soft/interwork/libc.a(lib_a-errno.o)
                0x0000ad4c                __errno
 .text          0x0000ad58       0xac C:/Users/Student1/Downloads/POS/IngeDev_8.18.0.5/toolchains/gnuArm4/arm-elf/lib/thumb/soft/interwork/libc.a(lib_a-fclose.o)
                0x0000ad58                _fclose_r
                0x0000adec                fclose
 .text          0x0000ae04      0x18c C:/Users/Student1/Downloads/POS/IngeDev_8.18.0.5/toolchains/gnuArm4/arm-elf/lib/thumb/soft/interwork/libc.a(lib_a-fflush.o)
                0x0000ae04                _fflush_r
                0x0000af5c                fflush
 .text          0x0000af90      0x54c C:/Users/Student1/Downloads/POS/IngeDev_8.18.0.5/toolchains/gnuArm4/arm-elf/lib/thumb/soft/interwork/libc.a(lib_a-gdtoa-gethex.o)
                0x0000af90                __hexdig_init
                0x0000b05c                __gethex
 .text          0x0000b4dc      0x170 C:/Users/Student1/Downloads/POS/IngeDev_8.18.0.5/toolchains/gnuArm4/arm-elf/lib/thumb/soft/interwork/libc.a(lib_a-gdtoa-hexnan.o)
                0x0000b4dc                __hexnan
 .text          0x0000b64c      0x8e8 C:/Users/Student1/Downloads/POS/IngeDev_8.18.0.5/toolchains/gnuArm4/arm-elf/lib/thumb/soft/interwork/libc.a(lib_a-mprec.o)
                0x0000b64c                _Bfree
                0x0000b664                __hi0bits
                0x0000b6ac                __lo0bits
                0x0000b710                __mcmp
                0x0000b750                __ulp
                0x0000b798                __b2d
                0x0000b854                __ratio
                0x0000b8a8                _mprec_log10
                0x0000b8e8                __copybits
                0x0000b91c                __any_on
                0x0000b96c                _Balloc
                0x0000b9c0                __d2b
                0x0000ba88                __mdiff
                0x0000bb9c                __lshift
                0x0000bc34                __multiply
                0x0000bd70                __i2b
                0x0000bd88                __multadd
                0x0000be14                __pow5mult
                0x0000beb0                __s2b
 .text          0x0000bf34       0x2c C:/Users/Student1/Downloads/POS/IngeDev_8.18.0.5/toolchains/gnuArm4/arm-elf/lib/thumb/soft/interwork/libc.a(lib_a-strncmp.o)
                0x0000bf34                strncmp
 .text          0x0000bf60       0x8c C:/Users/Student1/Downloads/POS/IngeDev_8.18.0.5/toolchains/gnuArm4/lib/gcc/arm-elf/4.3.4/thumb/soft/interwork/libgcc.a(_udivsi3.o)
                0x0000bf60                __udivsi3
                0x0000bf60                __aeabi_uidiv
                0x0000bfdc                __aeabi_uidivmod
 .text          0x0000bfec       0xa4 C:/Users/Student1/Downloads/POS/IngeDev_8.18.0.5/toolchains/gnuArm4/lib/gcc/arm-elf/4.3.4/thumb/soft/interwork/libgcc.a(_divsi3.o)
                0x0000bfec                __aeabi_idiv
                0x0000bfec                __divsi3
                0x0000c080                __aeabi_idivmod
 .text          0x0000c090       0xc8 C:/Users/Student1/Downloads/POS/IngeDev_8.18.0.5/toolchains/gnuArm4/lib/gcc/arm-elf/4.3.4/thumb/soft/interwork/libgcc.a(_umodsi3.o)
                0x0000c090                __umodsi3
 .text          0x0000c158        0x4 C:/Users/Student1/Downloads/POS/IngeDev_8.18.0.5/toolchains/gnuArm4/lib/gcc/arm-elf/4.3.4/thumb/soft/interwork/libgcc.a(_dvmd_tls.o)
                0x0000c158                __aeabi_ldiv0
                0x0000c158                __div0
                0x0000c158                __aeabi_idiv0
 .text          0x0000c15c      0x430 C:/Users/Student1/Downloads/POS/IngeDev_8.18.0.5/toolchains/gnuArm4/lib/gcc/arm-elf/4.3.4/thumb/soft/interwork/libgcc.a(_addsubdf3.o)
                0x0000c15c                __aeabi_drsub
                0x0000c164                __subdf3
                0x0000c164                __aeabi_dsub
                0x0000c168                __aeabi_dadd
                0x0000c168                __adddf3
                0x0000c478                __aeabi_ui2d
                0x0000c478                __floatunsidf
                0x0000c4a0                __floatsidf
                0x0000c4a0                __aeabi_i2d
                0x0000c4cc                __extendsfdf2
                0x0000c4cc                __aeabi_f2d
                0x0000c50c                __aeabi_ul2d
                0x0000c50c                __floatundidf
                0x0000c520                __aeabi_l2d
                0x0000c520                __floatdidf
 .text          0x0000c58c      0x49c C:/Users/Student1/Downloads/POS/IngeDev_8.18.0.5/toolchains/gnuArm4/lib/gcc/arm-elf/4.3.4/thumb/soft/interwork/libgcc.a(_muldivdf3.o)
                0x0000c58c                __aeabi_dmul
                0x0000c58c                __muldf3
                0x0000c81c                __aeabi_ddiv
                0x0000c81c                __divdf3
 .text          0x0000ca28      0x140 C:/Users/Student1/Downloads/POS/IngeDev_8.18.0.5/toolchains/gnuArm4/lib/gcc/arm-elf/4.3.4/thumb/soft/interwork/libgcc.a(_cmpdf2.o)
                0x0000ca28                __gtdf2
                0x0000ca28                __gedf2
                0x0000ca30                __ltdf2
                0x0000ca30                __ledf2
                0x0000ca38                __eqdf2
                0x0000ca38                __nedf2
                0x0000ca38                __cmpdf2
                0x0000cabc                __aeabi_cdrcmple
                0x0000cad8                __aeabi_cdcmple
                0x0000cad8                __aeabi_cdcmpeq
                0x0000caf0                __aeabi_dcmpeq
                0x0000cb08                __aeabi_dcmplt
                0x0000cb20                __aeabi_dcmple
                0x0000cb38                __aeabi_dcmpge
                0x0000cb50                __aeabi_dcmpgt
 .text          0x0000cb68       0x5c C:/Users/Student1/Downloads/POS/IngeDev_8.18.0.5/toolchains/gnuArm4/lib/gcc/arm-elf/4.3.4/thumb/soft/interwork/libgcc.a(_fixdfsi.o)
                0x0000cb68                __fixdfsi
                0x0000cb68                __aeabi_d2iz
 .text          0x0000cbc4       0x54 C:/Users/Student1/Downloads/POS/IngeDev_8.18.0.5/toolchains/gnuArm4/lib/gcc/arm-elf/4.3.4/thumb/soft/interwork/libgcc.a(_fixunsdfsi.o)
                0x0000cbc4                __fixunsdfsi
                0x0000cbc4                __aeabi_d2uiz
 .text          0x0000cc18       0xa0 C:/Users/Student1/Downloads/POS/IngeDev_8.18.0.5/toolchains/gnuArm4/lib/gcc/arm-elf/4.3.4/thumb/soft/interwork/libgcc.a(_truncdfsf2.o)
                0x0000cc18                __aeabi_d2f
                0x0000cc18                __truncdfsf2
 .text          0x0000ccb8        0xe C:/Users/Student1/Downloads/POS/SDKs/SDK11.16.4.02/SDKTPLUS/HW_T2/gnu_434/lib/TRAP_TELIUM_PLUS.LIB(upload_diagnostic_txt.o)
                0x0000ccb8                upload_diagnostic_txt
 *fill*         0x0000ccc6        0x2 00
 .text.stub     0x0000ccc8       0x68 linker stubs
 *(.gnu.linkonce.t.*)
 *(.strings .strings.*)
 *(.glue_7)
 .glue_7        0x00000000        0x0 linker stubs
 *(.glue_7t)
 .glue_7t       0x00000000        0x0 linker stubs
 *(.gcc_except_table)

.vfp11_veneer   0x0000cd30        0x0
 .vfp11_veneer  0x00000000        0x0 linker stubs

.v4_bx          0x0000cd30        0x0
 .v4_bx         0x00000000        0x0 linker stubs

.eh_frame
 *(.eh_frame)

.jcr
 *(.jcr)

.ctors          0x0000cd30        0x0
                0x0000cd30                __ctors_start = .
 *(SORT(.ctors.*))
 *(.ctors)
                0x0000cd30                __ctors_end = .

.dtors          0x0000cd30        0x0
                0x0000cd30                __dtors_start = .
 *(SORT(.dtors.*))
 *(.dtors)
                0x0000cd30                __dtors_end = .

.rodata         0x0000cd30      0xf28
 *(.rodata .rodata.*)
 .rodata        0x0000cd30       0x18 C:/Users/Student1/Downloads/POS/SDKs/SDK11.16.4.02/SDKTPLUS/HW_T2/gnu_434/startfiles/cstartupTplus.o
 .rodata        0x0000cd48       0xd8 Obj/GNU_ARM_DEBUG_T2/Main.o
 .rodata        0x0000ce20      0x360 Obj/GNU_ARM_DEBUG_T2/Entry.o
 .rodata        0x0000d180       0x70 Obj/GNU_ARM_DEBUG_T2/Menu.o
 .rodata        0x0000d1f0       0xa4 Obj/GNU_ARM_DEBUG_T2/DateScreen.o
                0x0000d1f0                DATESCREEN_OK_STATUS
                0x0000d1f4                DATESCREEN_CANCEL_STATUS
 .rodata        0x0000d294      0x244 Obj/GNU_ARM_DEBUG_T2/Sales.o
 .rodata        0x0000d4d8      0x178 Obj/GNU_ARM_DEBUG_T2/Bill.o
 .rodata        0x0000d650      0x1a8 Obj/GNU_ARM_DEBUG_T2/Cashback.o
 .rodata        0x0000d7f8       0xb0 Obj/GNU_ARM_DEBUG_T2/Goal.o
 .rodata.str1.1
                0x0000d8a8        0x8 C:/Users/Student1/Downloads/POS/SDKs/SDK11.16.4.02/SDKTPLUS/HW_T2/gnu_434/lib/eft30tplus.lib(extenstp1.o)
 .rodata.str1.1
                0x00000000        0x8 C:/Users/Student1/Downloads/POS/SDKs/SDK11.16.4.02/SDKTPLUS/HW_T2/gnu_434/lib/eft30tplus.lib(toolstp1.o)
 .rodata.str1.1
                0x0000d8b0       0x6a C:/Users/Student1/Downloads/POS/SDKs/SDK11.16.4.02/SDKTPLUS/HW_T2/gnu_434/lib/GRAPHICLIB.LIB(GL_link.o)
 .rodata.str1.1
                0x0000d91a        0x5 C:/Users/Student1/Downloads/POS/IngeDev_8.18.0.5/toolchains/gnuArm4/arm-elf/lib/thumb/soft/interwork/libc.a(lib_a-svfscanf.o)
 *fill*         0x0000d91f        0x1 00
 .rodata        0x0000d920       0x38 C:/Users/Student1/Downloads/POS/IngeDev_8.18.0.5/toolchains/gnuArm4/arm-elf/lib/thumb/soft/interwork/libc.a(lib_a-svfscanf.o)
 .rodata        0x0000d958      0x101 C:/Users/Student1/Downloads/POS/IngeDev_8.18.0.5/toolchains/gnuArm4/arm-elf/lib/thumb/soft/interwork/libc.a(lib_a-ctype_.o)
                0x0000d958                _ctype_
 *fill*         0x0000da59        0x3 00
 .rodata        0x0000da5c        0x4 C:/Users/Student1/Downloads/POS/IngeDev_8.18.0.5/toolchains/gnuArm4/arm-elf/lib/thumb/soft/interwork/libc.a(lib_a-impure.o)
                0x0000da5c                _global_impure_ptr
 .rodata.str1.1
                0x0000da60        0x2 C:/Users/Student1/Downloads/POS/IngeDev_8.18.0.5/toolchains/gnuArm4/arm-elf/lib/thumb/soft/interwork/libc.a(lib_a-impure.o)
 .rodata.str1.1
                0x0000da62        0x8 C:/Users/Student1/Downloads/POS/IngeDev_8.18.0.5/toolchains/gnuArm4/arm-elf/lib/thumb/soft/interwork/libc.a(lib_a-locale.o)
                                  0xb (size before relaxing)
 *fill*         0x0000da6a        0x2 00
 .rodata        0x0000da6c       0x38 C:/Users/Student1/Downloads/POS/IngeDev_8.18.0.5/toolchains/gnuArm4/arm-elf/lib/thumb/soft/interwork/libc.a(lib_a-locale.o)
 .rodata.str1.1
                0x00000000        0x1 C:/Users/Student1/Downloads/POS/IngeDev_8.18.0.5/toolchains/gnuArm4/arm-elf/lib/thumb/soft/interwork/libc.a(lib_a-mbrtowc.o)
 .rodata.str1.1
                0x0000daa4        0xc C:/Users/Student1/Downloads/POS/IngeDev_8.18.0.5/toolchains/gnuArm4/arm-elf/lib/thumb/soft/interwork/libc.a(lib_a-strtod.o)
 .rodata        0x0000dab0       0x44 C:/Users/Student1/Downloads/POS/IngeDev_8.18.0.5/toolchains/gnuArm4/arm-elf/lib/thumb/soft/interwork/libc.a(lib_a-strtod.o)
 .rodata        0x0000daf4       0x22 C:/Users/Student1/Downloads/POS/IngeDev_8.18.0.5/toolchains/gnuArm4/arm-elf/lib/thumb/soft/interwork/libc.a(lib_a-svfiscanf.o)
 .rodata.str1.1
                0x0000db16        0x4 C:/Users/Student1/Downloads/POS/IngeDev_8.18.0.5/toolchains/gnuArm4/arm-elf/lib/thumb/soft/interwork/libc.a(lib_a-syscalls.o)
 .rodata.str1.1
                0x0000db1a       0x19 C:/Users/Student1/Downloads/POS/IngeDev_8.18.0.5/toolchains/gnuArm4/arm-elf/lib/thumb/soft/interwork/libc.a(lib_a-gdtoa-gethex.o)
 *fill*         0x0000db33        0x1 00
 .rodata        0x0000db34      0x124 C:/Users/Student1/Downloads/POS/IngeDev_8.18.0.5/toolchains/gnuArm4/arm-elf/lib/thumb/soft/interwork/libc.a(lib_a-mprec.o)
                0x0000db34                __mprec_tens
                0x0000dbfc                __mprec_bigtens
                0x0000dc24                __mprec_tinytens
 *(.gnu.linkonce.r.*)
                0x0000dc58                __text_end = .
                0x00200000                . = 0x200000

.data           0x00200000      0xa3c load address 0x0000dc58
                0x00200000                __data_start = .
 *(.data .data.*)
 .data          0x00200000        0x8 C:/Users/Student1/Downloads/POS/SDKs/SDK11.16.4.02/SDKTPLUS/HW_T2/gnu_434/startfiles/cstartupTplus.o
                0x00200000                __stack_chk_guard
                0x00200004                __dso_handle
 .data          0x00200008        0x0 C:/Users/Student1/Downloads/POS/SDKs/SDK11.16.4.02/SDKTPLUS/HW_T2/gnu_434/startfiles/libcpatch.o
 .data          0x00200008        0x0 Obj/GNU_ARM_DEBUG_T2/Main.o
 .data          0x00200008      0x108 Obj/GNU_ARM_DEBUG_T2/Entry.o
 .data          0x00200110        0x0 Obj/GNU_ARM_DEBUG_T2/Menu.o
 .data          0x00200110        0x0 Obj/GNU_ARM_DEBUG_T2/DateScreen.o
 .data          0x00200110        0x0 Obj/GNU_ARM_DEBUG_T2/Utils.o
 .data          0x00200110        0x0 Obj/GNU_ARM_DEBUG_T2/Sales.o
 .data          0x00200110        0x0 Obj/GNU_ARM_DEBUG_T2/Bill.o
 .data          0x00200110        0x0 Obj/GNU_ARM_DEBUG_T2/Cashback.o
 .data          0x00200110        0x0 Obj/GNU_ARM_DEBUG_T2/Goal.o
 .data          0x00200110        0x4 C:/Users/Student1/Downloads/POS/SDKs/SDK11.16.4.02/SDKTPLUS/HW_T2/gnu_434/lib/eft30tplus.lib(DisplayFooter.o)
 .data          0x00200114        0x4 C:/Users/Student1/Downloads/POS/SDKs/SDK11.16.4.02/SDKTPLUS/HW_T2/gnu_434/lib/eft30tplus.lib(DisplayHeader.o)
 .data          0x00200118        0x4 C:/Users/Student1/Downloads/POS/SDKs/SDK11.16.4.02/SDKTPLUS/HW_T2/gnu_434/lib/eft30tplus.lib(DisplayLeds.o)
 .data          0x0020011c        0x4 C:/Users/Student1/Downloads/POS/SDKs/SDK11.16.4.02/SDKTPLUS/HW_T2/gnu_434/lib/eft30tplus.lib(Telium_Read_date.o)
 .data          0x00200120        0x4 C:/Users/Student1/Downloads/POS/SDKs/SDK11.16.4.02/SDKTPLUS/HW_T2/gnu_434/lib/eft30tplus.lib(IsColorDisplay.o)
 .data          0x00200124        0x4 C:/Users/Student1/Downloads/POS/SDKs/SDK11.16.4.02/SDKTPLUS/HW_T2/gnu_434/lib/eft30tplus.lib(IsISO1.o)
 .data          0x00200128        0x4 C:/Users/Student1/Downloads/POS/SDKs/SDK11.16.4.02/SDKTPLUS/HW_T2/gnu_434/lib/eft30tplus.lib(IsISO2.o)
 .data          0x0020012c        0x4 C:/Users/Student1/Downloads/POS/SDKs/SDK11.16.4.02/SDKTPLUS/HW_T2/gnu_434/lib/eft30tplus.lib(IsISO3.o)
 .data          0x00200130        0x4 C:/Users/Student1/Downloads/POS/SDKs/SDK11.16.4.02/SDKTPLUS/HW_T2/gnu_434/lib/eft30tplus.lib(IsPrinter.o)
 .data          0x00200134        0x4 C:/Users/Student1/Downloads/POS/SDKs/SDK11.16.4.02/SDKTPLUS/HW_T2/gnu_434/lib/eft30tplus.lib(Telium_ServiceRegister.o)
 .data          0x00200138        0x0 C:/Users/Student1/Downloads/POS/SDKs/SDK11.16.4.02/SDKTPLUS/HW_T2/gnu_434/lib/eft30tplus.lib(Telium_Atoi.o)
 .data          0x00200138        0x0 C:/Users/Student1/Downloads/POS/SDKs/SDK11.16.4.02/SDKTPLUS/HW_T2/gnu_434/lib/eft30tplus.lib(Telium_Pprintf.o)
 .data          0x00200138        0x0 C:/Users/Student1/Downloads/POS/SDKs/SDK11.16.4.02/SDKTPLUS/HW_T2/gnu_434/lib/eft30tplus.lib(Telium_Stdprt.o)
 .data          0x00200138        0x0 C:/Users/Student1/Downloads/POS/SDKs/SDK11.16.4.02/SDKTPLUS/HW_T2/gnu_434/lib/eft30tplus.lib(Telium_Sprintf.o)
 .data          0x00200138        0x0 C:/Users/Student1/Downloads/POS/SDKs/SDK11.16.4.02/SDKTPLUS/HW_T2/gnu_434/lib/eft30tplus.lib(sprintf.o)
 .data          0x00200138        0x0 C:/Users/Student1/Downloads/POS/SDKs/SDK11.16.4.02/SDKTPLUS/HW_T2/gnu_434/lib/eft30tplus.lib(extenstp1.o)
 .data          0x00200138        0x0 C:/Users/Student1/Downloads/POS/SDKs/SDK11.16.4.02/SDKTPLUS/HW_T2/gnu_434/lib/eft30tplus.lib(toolstp1.o)
 .data          0x00200138        0x0 C:/Users/Student1/Downloads/POS/SDKs/SDK11.16.4.02/SDKTPLUS/HW_T2/gnu_434/lib/TRAP_TELIUM_PLUS.LIB(ApplicationGetCurrent.o)
 .data          0x00200138        0x0 C:/Users/Student1/Downloads/POS/SDKs/SDK11.16.4.02/SDKTPLUS/HW_T2/gnu_434/lib/TRAP_TELIUM_PLUS.LIB(FS_close.o)
 .data          0x00200138        0x0 C:/Users/Student1/Downloads/POS/SDKs/SDK11.16.4.02/SDKTPLUS/HW_T2/gnu_434/lib/TRAP_TELIUM_PLUS.LIB(FS_length.o)
 .data          0x00200138        0x0 C:/Users/Student1/Downloads/POS/SDKs/SDK11.16.4.02/SDKTPLUS/HW_T2/gnu_434/lib/TRAP_TELIUM_PLUS.LIB(FS_mount.o)
 .data          0x00200138        0x0 C:/Users/Student1/Downloads/POS/SDKs/SDK11.16.4.02/SDKTPLUS/HW_T2/gnu_434/lib/TRAP_TELIUM_PLUS.LIB(FS_open.o)
 .data          0x00200138        0x0 C:/Users/Student1/Downloads/POS/SDKs/SDK11.16.4.02/SDKTPLUS/HW_T2/gnu_434/lib/TRAP_TELIUM_PLUS.LIB(FS_read.o)
 .data          0x00200138        0x0 C:/Users/Student1/Downloads/POS/SDKs/SDK11.16.4.02/SDKTPLUS/HW_T2/gnu_434/lib/TRAP_TELIUM_PLUS.LIB(FS_unmount.o)
 .data          0x00200138        0x0 C:/Users/Student1/Downloads/POS/SDKs/SDK11.16.4.02/SDKTPLUS/HW_T2/gnu_434/lib/TRAP_TELIUM_PLUS.LIB(ObjectGetInfo.o)
 .data          0x00200138        0x0 C:/Users/Student1/Downloads/POS/SDKs/SDK11.16.4.02/SDKTPLUS/HW_T2/gnu_434/lib/TRAP_TELIUM_PLUS.LIB(Telium_EMV_apdu.o)
 .data          0x00200138        0x0 C:/Users/Student1/Downloads/POS/SDKs/SDK11.16.4.02/SDKTPLUS/HW_T2/gnu_434/lib/TRAP_TELIUM_PLUS.LIB(Telium_EMV_power_on.o)
 .data          0x00200138        0x0 C:/Users/Student1/Downloads/POS/SDKs/SDK11.16.4.02/SDKTPLUS/HW_T2/gnu_434/lib/TRAP_TELIUM_PLUS.LIB(Telium_Exit.o)
 .data          0x00200138        0x0 C:/Users/Student1/Downloads/POS/SDKs/SDK11.16.4.02/SDKTPLUS/HW_T2/gnu_434/lib/TRAP_TELIUM_PLUS.LIB(Telium_Fclose.o)
 .data          0x00200138        0x0 C:/Users/Student1/Downloads/POS/SDKs/SDK11.16.4.02/SDKTPLUS/HW_T2/gnu_434/lib/TRAP_TELIUM_PLUS.LIB(Telium_Fopen.o)
 .data          0x00200138        0x0 C:/Users/Student1/Downloads/POS/SDKs/SDK11.16.4.02/SDKTPLUS/HW_T2/gnu_434/lib/TRAP_TELIUM_PLUS.LIB(Telium_Is_iso1.o)
 .data          0x00200138        0x0 C:/Users/Student1/Downloads/POS/SDKs/SDK11.16.4.02/SDKTPLUS/HW_T2/gnu_434/lib/TRAP_TELIUM_PLUS.LIB(Telium_Is_iso2.o)
 .data          0x00200138        0x0 C:/Users/Student1/Downloads/POS/SDKs/SDK11.16.4.02/SDKTPLUS/HW_T2/gnu_434/lib/TRAP_TELIUM_PLUS.LIB(Telium_Is_iso3.o)
 .data          0x00200138        0x0 C:/Users/Student1/Downloads/POS/SDKs/SDK11.16.4.02/SDKTPLUS/HW_T2/gnu_434/lib/TRAP_TELIUM_PLUS.LIB(Telium_Reset_buf.o)
 .data          0x00200138        0x0 C:/Users/Student1/Downloads/POS/SDKs/SDK11.16.4.02/SDKTPLUS/HW_T2/gnu_434/lib/TRAP_TELIUM_PLUS.LIB(Telium_Stdperif.o)
 .data          0x00200138        0x0 C:/Users/Student1/Downloads/POS/SDKs/SDK11.16.4.02/SDKTPLUS/HW_T2/gnu_434/lib/TRAP_TELIUM_PLUS.LIB(Telium_Ttestall.o)
 .data          0x00200138        0x0 C:/Users/Student1/Downloads/POS/SDKs/SDK11.16.4.02/SDKTPLUS/HW_T2/gnu_434/lib/TRAP_TELIUM_PLUS.LIB(Telium_Vfprintf.o)
 .data          0x00200138        0x0 C:/Users/Student1/Downloads/POS/SDKs/SDK11.16.4.02/SDKTPLUS/HW_T2/gnu_434/lib/TRAP_TELIUM_PLUS.LIB(Telium_Vsprintf.o)
 .data          0x00200138        0x0 C:/Users/Student1/Downloads/POS/SDKs/SDK11.16.4.02/SDKTPLUS/HW_T2/gnu_434/lib/TRAP_TELIUM_PLUS.LIB(first_init.o)
 .data          0x00200138        0x0 C:/Users/Student1/Downloads/POS/SDKs/SDK11.16.4.02/SDKTPLUS/HW_T2/gnu_434/lib/TRAP_TELIUM_PLUS.LIB(raz_init.o)
 .data          0x00200138        0x0 C:/Users/Student1/Downloads/POS/SDKs/SDK11.16.4.02/SDKTPLUS/HW_T2/gnu_434/lib/TRAP_TELIUM_PLUS.LIB(ufree.o)
 .data          0x00200138        0x0 C:/Users/Student1/Downloads/POS/SDKs/SDK11.16.4.02/SDKTPLUS/HW_T2/gnu_434/lib/TRAP_TELIUM_PLUS.LIB(umalloc.o)
 .data          0x00200138        0x0 C:/Users/Student1/Downloads/POS/SDKs/SDK11.16.4.02/SDKTPLUS/HW_T2/gnu_434/lib/TRAP_TELIUM_PLUS.LIB(urealloc.o)
 .data          0x00200138        0x0 C:/Users/Student1/Downloads/POS/SDKs/SDK11.16.4.02/SDKTPLUS/HW_T2/gnu_434/lib/OSLAYER.LIB(OSL_Dll_Close.o)
 .data          0x00200138        0x0 C:/Users/Student1/Downloads/POS/SDKs/SDK11.16.4.02/SDKTPLUS/HW_T2/gnu_434/lib/OSLAYER.LIB(OSL_Dll_GetSymbolByName.o)
 .data          0x00200138        0x0 C:/Users/Student1/Downloads/POS/SDKs/SDK11.16.4.02/SDKTPLUS/HW_T2/gnu_434/lib/OSLAYER.LIB(OSL_Dll_OpenByAppliType.o)
 *fill*         0x00200138        0x8 00
 .data          0x00200140       0x10 C:/Users/Student1/Downloads/POS/SDKs/SDK11.16.4.02/SDKTPLUS/HW_T2/gnu_434/lib/GRAPHICLIB.LIB(GL_Button_Create.o)
 .data          0x00200150       0x10 C:/Users/Student1/Downloads/POS/SDKs/SDK11.16.4.02/SDKTPLUS/HW_T2/gnu_434/lib/GRAPHICLIB.LIB(GL_Dialog_Amount.o)
 .data          0x00200160       0x10 C:/Users/Student1/Downloads/POS/SDKs/SDK11.16.4.02/SDKTPLUS/HW_T2/gnu_434/lib/GRAPHICLIB.LIB(GL_Dialog_Menu.o)
 .data          0x00200170       0x10 C:/Users/Student1/Downloads/POS/SDKs/SDK11.16.4.02/SDKTPLUS/HW_T2/gnu_434/lib/GRAPHICLIB.LIB(GL_Dialog_Message.o)
 .data          0x00200180       0x10 C:/Users/Student1/Downloads/POS/SDKs/SDK11.16.4.02/SDKTPLUS/HW_T2/gnu_434/lib/GRAPHICLIB.LIB(GL_Dialog_Password.o)
 .data          0x00200190       0x10 C:/Users/Student1/Downloads/POS/SDKs/SDK11.16.4.02/SDKTPLUS/HW_T2/gnu_434/lib/GRAPHICLIB.LIB(GL_Dialog_Text.o)
 .data          0x002001a0       0x10 C:/Users/Student1/Downloads/POS/SDKs/SDK11.16.4.02/SDKTPLUS/HW_T2/gnu_434/lib/GRAPHICLIB.LIB(GL_Document_Create.o)
 .data          0x002001b0       0x10 C:/Users/Student1/Downloads/POS/SDKs/SDK11.16.4.02/SDKTPLUS/HW_T2/gnu_434/lib/GRAPHICLIB.LIB(GL_Document_Print.o)
 .data          0x002001c0       0x10 C:/Users/Student1/Downloads/POS/SDKs/SDK11.16.4.02/SDKTPLUS/HW_T2/gnu_434/lib/GRAPHICLIB.LIB(GL_Drawing_Clear.o)
 .data          0x002001d0       0x10 C:/Users/Student1/Downloads/POS/SDKs/SDK11.16.4.02/SDKTPLUS/HW_T2/gnu_434/lib/GRAPHICLIB.LIB(GL_Drawing_Create.o)
 .data          0x002001e0       0x10 C:/Users/Student1/Downloads/POS/SDKs/SDK11.16.4.02/SDKTPLUS/HW_T2/gnu_434/lib/GRAPHICLIB.LIB(GL_Drawing_DrawEllipse.o)
 .data          0x002001f0       0x10 C:/Users/Student1/Downloads/POS/SDKs/SDK11.16.4.02/SDKTPLUS/HW_T2/gnu_434/lib/GRAPHICLIB.LIB(GL_Drawing_DrawLine.o)
 .data          0x00200200       0x10 C:/Users/Student1/Downloads/POS/SDKs/SDK11.16.4.02/SDKTPLUS/HW_T2/gnu_434/lib/GRAPHICLIB.LIB(GL_Drawing_DrawRect.o)
 .data          0x00200210       0x10 C:/Users/Student1/Downloads/POS/SDKs/SDK11.16.4.02/SDKTPLUS/HW_T2/gnu_434/lib/GRAPHICLIB.LIB(GL_Drawing_DrawText.o)
 .data          0x00200220       0x10 C:/Users/Student1/Downloads/POS/SDKs/SDK11.16.4.02/SDKTPLUS/HW_T2/gnu_434/lib/GRAPHICLIB.LIB(GL_Drawing_SetBrush.o)
 .data          0x00200230       0x10 C:/Users/Student1/Downloads/POS/SDKs/SDK11.16.4.02/SDKTPLUS/HW_T2/gnu_434/lib/GRAPHICLIB.LIB(GL_Drawing_SetFont.o)
 .data          0x00200240       0x10 C:/Users/Student1/Downloads/POS/SDKs/SDK11.16.4.02/SDKTPLUS/HW_T2/gnu_434/lib/GRAPHICLIB.LIB(GL_Drawing_SetPen.o)
 .data          0x00200250       0x10 C:/Users/Student1/Downloads/POS/SDKs/SDK11.16.4.02/SDKTPLUS/HW_T2/gnu_434/lib/GRAPHICLIB.LIB(GL_GraphicLib_BindSingleKey.o)
 .data          0x00200260        0x4 C:/Users/Student1/Downloads/POS/SDKs/SDK11.16.4.02/SDKTPLUS/HW_T2/gnu_434/lib/GRAPHICLIB.LIB(GL_GraphicLib_Create.o)
 *fill*         0x00200264        0xc 00
 .data          0x00200270       0x10 C:/Users/Student1/Downloads/POS/SDKs/SDK11.16.4.02/SDKTPLUS/HW_T2/gnu_434/lib/GRAPHICLIB.LIB(GL_GraphicLib_IsTouchPresent.o)
 .data          0x00200280       0x10 C:/Users/Student1/Downloads/POS/SDKs/SDK11.16.4.02/SDKTPLUS/HW_T2/gnu_434/lib/GRAPHICLIB.LIB(GL_GraphicLib_ReadResource.o)
 .data          0x00200290       0x10 C:/Users/Student1/Downloads/POS/SDKs/SDK11.16.4.02/SDKTPLUS/HW_T2/gnu_434/lib/GRAPHICLIB.LIB(GL_GraphicLib_SetCharset.o)
 .data          0x002002a0       0x10 C:/Users/Student1/Downloads/POS/SDKs/SDK11.16.4.02/SDKTPLUS/HW_T2/gnu_434/lib/GRAPHICLIB.LIB(GL_GraphicLib_UnbindKey.o)
 .data          0x002002b0       0x10 C:/Users/Student1/Downloads/POS/SDKs/SDK11.16.4.02/SDKTPLUS/HW_T2/gnu_434/lib/GRAPHICLIB.LIB(GL_Label_Create.o)
 .data          0x002002c0       0x10 C:/Users/Student1/Downloads/POS/SDKs/SDK11.16.4.02/SDKTPLUS/HW_T2/gnu_434/lib/GRAPHICLIB.LIB(GL_Layout_Create.o)
 .data          0x002002d0       0x10 C:/Users/Student1/Downloads/POS/SDKs/SDK11.16.4.02/SDKTPLUS/HW_T2/gnu_434/lib/GRAPHICLIB.LIB(GL_Message_GetKey.o)
 .data          0x002002e0       0x10 C:/Users/Student1/Downloads/POS/SDKs/SDK11.16.4.02/SDKTPLUS/HW_T2/gnu_434/lib/GRAPHICLIB.LIB(GL_Message_GetWidget.o)
 .data          0x002002f0       0x10 C:/Users/Student1/Downloads/POS/SDKs/SDK11.16.4.02/SDKTPLUS/HW_T2/gnu_434/lib/GRAPHICLIB.LIB(GL_Message_GetWindow.o)
 .data          0x00200300       0x10 C:/Users/Student1/Downloads/POS/SDKs/SDK11.16.4.02/SDKTPLUS/HW_T2/gnu_434/lib/GRAPHICLIB.LIB(GL_Message_SetResult.o)
 .data          0x00200310       0x10 C:/Users/Student1/Downloads/POS/SDKs/SDK11.16.4.02/SDKTPLUS/HW_T2/gnu_434/lib/GRAPHICLIB.LIB(GL_Message_SetUserData.o)
 .data          0x00200320       0x10 C:/Users/Student1/Downloads/POS/SDKs/SDK11.16.4.02/SDKTPLUS/HW_T2/gnu_434/lib/GRAPHICLIB.LIB(GL_Picture_Create.o)
 .data          0x00200330       0x10 C:/Users/Student1/Downloads/POS/SDKs/SDK11.16.4.02/SDKTPLUS/HW_T2/gnu_434/lib/GRAPHICLIB.LIB(GL_Print_Create.o)
 .data          0x00200340       0x10 C:/Users/Student1/Downloads/POS/SDKs/SDK11.16.4.02/SDKTPLUS/HW_T2/gnu_434/lib/GRAPHICLIB.LIB(GL_Timer_Create.o)
 .data          0x00200350       0x10 C:/Users/Student1/Downloads/POS/SDKs/SDK11.16.4.02/SDKTPLUS/HW_T2/gnu_434/lib/GRAPHICLIB.LIB(GL_Timer_SetInterval.o)
 .data          0x00200360       0x10 C:/Users/Student1/Downloads/POS/SDKs/SDK11.16.4.02/SDKTPLUS/HW_T2/gnu_434/lib/GRAPHICLIB.LIB(GL_Timer_Stop.o)
 .data          0x00200370       0x10 C:/Users/Student1/Downloads/POS/SDKs/SDK11.16.4.02/SDKTPLUS/HW_T2/gnu_434/lib/GRAPHICLIB.LIB(GL_Widget_Destroy.o)
 .data          0x00200380       0x10 C:/Users/Student1/Downloads/POS/SDKs/SDK11.16.4.02/SDKTPLUS/HW_T2/gnu_434/lib/GRAPHICLIB.LIB(GL_Widget_GetText.o)
 .data          0x00200390       0x10 C:/Users/Student1/Downloads/POS/SDKs/SDK11.16.4.02/SDKTPLUS/HW_T2/gnu_434/lib/GRAPHICLIB.LIB(GL_Widget_GetUserData.o)
 .data          0x002003a0       0x10 C:/Users/Student1/Downloads/POS/SDKs/SDK11.16.4.02/SDKTPLUS/HW_T2/gnu_434/lib/GRAPHICLIB.LIB(GL_Widget_RegisterCallback.o)
 .data          0x002003b0       0x10 C:/Users/Student1/Downloads/POS/SDKs/SDK11.16.4.02/SDKTPLUS/HW_T2/gnu_434/lib/GRAPHICLIB.LIB(GL_Widget_SearchId.o)
 .data          0x002003c0       0x10 C:/Users/Student1/Downloads/POS/SDKs/SDK11.16.4.02/SDKTPLUS/HW_T2/gnu_434/lib/GRAPHICLIB.LIB(GL_Widget_SetBackAlign.o)
 .data          0x002003d0       0x10 C:/Users/Student1/Downloads/POS/SDKs/SDK11.16.4.02/SDKTPLUS/HW_T2/gnu_434/lib/GRAPHICLIB.LIB(GL_Widget_SetBackColor.o)
 .data          0x002003e0       0x10 C:/Users/Student1/Downloads/POS/SDKs/SDK11.16.4.02/SDKTPLUS/HW_T2/gnu_434/lib/GRAPHICLIB.LIB(GL_Widget_SetBorders.o)
 .data          0x002003f0       0x10 C:/Users/Student1/Downloads/POS/SDKs/SDK11.16.4.02/SDKTPLUS/HW_T2/gnu_434/lib/GRAPHICLIB.LIB(GL_Widget_SetExpand.o)
 .data          0x00200400       0x10 C:/Users/Student1/Downloads/POS/SDKs/SDK11.16.4.02/SDKTPLUS/HW_T2/gnu_434/lib/GRAPHICLIB.LIB(GL_Widget_SetFocusable.o)
 .data          0x00200410       0x10 C:/Users/Student1/Downloads/POS/SDKs/SDK11.16.4.02/SDKTPLUS/HW_T2/gnu_434/lib/GRAPHICLIB.LIB(GL_Widget_SetFontName.o)
 .data          0x00200420       0x10 C:/Users/Student1/Downloads/POS/SDKs/SDK11.16.4.02/SDKTPLUS/HW_T2/gnu_434/lib/GRAPHICLIB.LIB(GL_Widget_SetFontScale.o)
 .data          0x00200430       0x10 C:/Users/Student1/Downloads/POS/SDKs/SDK11.16.4.02/SDKTPLUS/HW_T2/gnu_434/lib/GRAPHICLIB.LIB(GL_Widget_SetFontStyle.o)
 .data          0x00200440       0x10 C:/Users/Student1/Downloads/POS/SDKs/SDK11.16.4.02/SDKTPLUS/HW_T2/gnu_434/lib/GRAPHICLIB.LIB(GL_Widget_SetForeColor.o)
 .data          0x00200450       0x10 C:/Users/Student1/Downloads/POS/SDKs/SDK11.16.4.02/SDKTPLUS/HW_T2/gnu_434/lib/GRAPHICLIB.LIB(GL_Widget_SetGrow.o)
 .data          0x00200460       0x10 C:/Users/Student1/Downloads/POS/SDKs/SDK11.16.4.02/SDKTPLUS/HW_T2/gnu_434/lib/GRAPHICLIB.LIB(GL_Widget_SetId.o)
 .data          0x00200470       0x10 C:/Users/Student1/Downloads/POS/SDKs/SDK11.16.4.02/SDKTPLUS/HW_T2/gnu_434/lib/GRAPHICLIB.LIB(GL_Widget_SetItem.o)
 .data          0x00200480       0x10 C:/Users/Student1/Downloads/POS/SDKs/SDK11.16.4.02/SDKTPLUS/HW_T2/gnu_434/lib/GRAPHICLIB.LIB(GL_Widget_SetMargins.o)
 .data          0x00200490       0x10 C:/Users/Student1/Downloads/POS/SDKs/SDK11.16.4.02/SDKTPLUS/HW_T2/gnu_434/lib/GRAPHICLIB.LIB(GL_Widget_SetMinSize.o)
 .data          0x002004a0       0x10 C:/Users/Student1/Downloads/POS/SDKs/SDK11.16.4.02/SDKTPLUS/HW_T2/gnu_434/lib/GRAPHICLIB.LIB(GL_Widget_SetShortcut.o)
 .data          0x002004b0       0x10 C:/Users/Student1/Downloads/POS/SDKs/SDK11.16.4.02/SDKTPLUS/HW_T2/gnu_434/lib/GRAPHICLIB.LIB(GL_Widget_SetShrink.o)
 .data          0x002004c0       0x10 C:/Users/Student1/Downloads/POS/SDKs/SDK11.16.4.02/SDKTPLUS/HW_T2/gnu_434/lib/GRAPHICLIB.LIB(GL_Widget_SetSize.o)
 .data          0x002004d0       0x10 C:/Users/Student1/Downloads/POS/SDKs/SDK11.16.4.02/SDKTPLUS/HW_T2/gnu_434/lib/GRAPHICLIB.LIB(GL_Widget_SetSource.o)
 .data          0x002004e0       0x10 C:/Users/Student1/Downloads/POS/SDKs/SDK11.16.4.02/SDKTPLUS/HW_T2/gnu_434/lib/GRAPHICLIB.LIB(GL_Widget_SetText.o)
 .data          0x002004f0       0x10 C:/Users/Student1/Downloads/POS/SDKs/SDK11.16.4.02/SDKTPLUS/HW_T2/gnu_434/lib/GRAPHICLIB.LIB(GL_Widget_SetTextAlign.o)
 .data          0x00200500       0x10 C:/Users/Student1/Downloads/POS/SDKs/SDK11.16.4.02/SDKTPLUS/HW_T2/gnu_434/lib/GRAPHICLIB.LIB(GL_Widget_SetTextPaddings.o)
 .data          0x00200510       0x10 C:/Users/Student1/Downloads/POS/SDKs/SDK11.16.4.02/SDKTPLUS/HW_T2/gnu_434/lib/GRAPHICLIB.LIB(GL_Widget_SetTransformation.o)
 .data          0x00200520       0x10 C:/Users/Student1/Downloads/POS/SDKs/SDK11.16.4.02/SDKTPLUS/HW_T2/gnu_434/lib/GRAPHICLIB.LIB(GL_Widget_SetVisible.o)
 .data          0x00200530       0x10 C:/Users/Student1/Downloads/POS/SDKs/SDK11.16.4.02/SDKTPLUS/HW_T2/gnu_434/lib/GRAPHICLIB.LIB(GL_Widget_SetWrap.o)
 .data          0x00200540       0x10 C:/Users/Student1/Downloads/POS/SDKs/SDK11.16.4.02/SDKTPLUS/HW_T2/gnu_434/lib/GRAPHICLIB.LIB(GL_Widget_UnregisterCallback.o)
 .data          0x00200550       0x10 C:/Users/Student1/Downloads/POS/SDKs/SDK11.16.4.02/SDKTPLUS/HW_T2/gnu_434/lib/GRAPHICLIB.LIB(GL_Window_Create.o)
 .data          0x00200560       0x10 C:/Users/Student1/Downloads/POS/SDKs/SDK11.16.4.02/SDKTPLUS/HW_T2/gnu_434/lib/GRAPHICLIB.LIB(GL_Window_Dispatch.o)
 .data          0x00200570       0x10 C:/Users/Student1/Downloads/POS/SDKs/SDK11.16.4.02/SDKTPLUS/HW_T2/gnu_434/lib/GRAPHICLIB.LIB(GL_Window_GetResult.o)
 .data          0x00200580       0x10 C:/Users/Student1/Downloads/POS/SDKs/SDK11.16.4.02/SDKTPLUS/HW_T2/gnu_434/lib/GRAPHICLIB.LIB(GL_Window_MainLoop.o)
 .data          0x00200590       0x10 C:/Users/Student1/Downloads/POS/SDKs/SDK11.16.4.02/SDKTPLUS/HW_T2/gnu_434/lib/GRAPHICLIB.LIB(GL_Window_PreviousFocus.o)
 .data          0x002005a0        0x0 C:/Users/Student1/Downloads/POS/SDKs/SDK11.16.4.02/SDKTPLUS/HW_T2/gnu_434/lib/GRAPHICLIB.LIB(GL_link.o)
 .data          0x002005a0        0x0 C:/Users/Student1/Downloads/POS/SDKs/SDK11.16.4.02/SDKTPLUS/HW_T2/gnu_434/lib/GRAPHICLIB.LIB(gl_asm_link.o)
 .data          0x002005a0        0x0 C:/Users/Student1/Downloads/POS/IngeDev_8.18.0.5/toolchains/gnuArm4/arm-elf/lib/thumb/soft/interwork/libc.a(lib_a-memcpy.o)
 .data          0x002005a0        0x0 C:/Users/Student1/Downloads/POS/IngeDev_8.18.0.5/toolchains/gnuArm4/arm-elf/lib/thumb/soft/interwork/libc.a(lib_a-memset.o)
 .data          0x002005a0        0x0 C:/Users/Student1/Downloads/POS/IngeDev_8.18.0.5/toolchains/gnuArm4/arm-elf/lib/thumb/soft/interwork/libc.a(lib_a-sscanf.o)
 .data          0x002005a0        0x0 C:/Users/Student1/Downloads/POS/IngeDev_8.18.0.5/toolchains/gnuArm4/arm-elf/lib/thumb/soft/interwork/libc.a(lib_a-stdio.o)
 .data          0x002005a0        0x0 C:/Users/Student1/Downloads/POS/IngeDev_8.18.0.5/toolchains/gnuArm4/arm-elf/lib/thumb/soft/interwork/libc.a(lib_a-strcat.o)
 .data          0x002005a0        0x0 C:/Users/Student1/Downloads/POS/IngeDev_8.18.0.5/toolchains/gnuArm4/arm-elf/lib/thumb/soft/interwork/libc.a(lib_a-strchr.o)
 .data          0x002005a0        0x0 C:/Users/Student1/Downloads/POS/IngeDev_8.18.0.5/toolchains/gnuArm4/arm-elf/lib/thumb/soft/interwork/libc.a(lib_a-strcpy.o)
 .data          0x002005a0        0x0 C:/Users/Student1/Downloads/POS/IngeDev_8.18.0.5/toolchains/gnuArm4/arm-elf/lib/thumb/soft/interwork/libc.a(lib_a-strlen.o)
 .data          0x002005a0        0x0 C:/Users/Student1/Downloads/POS/IngeDev_8.18.0.5/toolchains/gnuArm4/arm-elf/lib/thumb/soft/interwork/libc.a(lib_a-strncat.o)
 .data          0x002005a0        0x0 C:/Users/Student1/Downloads/POS/IngeDev_8.18.0.5/toolchains/gnuArm4/arm-elf/lib/thumb/soft/interwork/libc.a(lib_a-strncpy.o)
 .data          0x002005a0        0x0 C:/Users/Student1/Downloads/POS/IngeDev_8.18.0.5/toolchains/gnuArm4/arm-elf/lib/thumb/soft/interwork/libc.a(lib_a-svfscanf.o)
 .data          0x002005a0        0x0 C:/Users/Student1/Downloads/POS/IngeDev_8.18.0.5/toolchains/gnuArm4/arm-elf/lib/thumb/soft/interwork/libc.a(lib_a-writer.o)
 .data          0x002005a0        0x0 C:/Users/Student1/Downloads/POS/IngeDev_8.18.0.5/toolchains/gnuArm4/arm-elf/lib/thumb/soft/interwork/libc.a(lib_a-closer.o)
 .data          0x002005a0        0x4 C:/Users/Student1/Downloads/POS/IngeDev_8.18.0.5/toolchains/gnuArm4/arm-elf/lib/thumb/soft/interwork/libc.a(lib_a-ctype_.o)
                0x002005a0                __ctype_ptr__
 .data          0x002005a4        0x0 C:/Users/Student1/Downloads/POS/IngeDev_8.18.0.5/toolchains/gnuArm4/arm-elf/lib/thumb/soft/interwork/libc.a(lib_a-findfp.o)
 .data          0x002005a4        0x0 C:/Users/Student1/Downloads/POS/IngeDev_8.18.0.5/toolchains/gnuArm4/arm-elf/lib/thumb/soft/interwork/libc.a(lib_a-fwalk.o)
 .data          0x002005a4      0x428 C:/Users/Student1/Downloads/POS/IngeDev_8.18.0.5/toolchains/gnuArm4/arm-elf/lib/thumb/soft/interwork/libc.a(lib_a-impure.o)
                0x002005a4                _impure_ptr
 .data          0x002009cc        0x0 C:/Users/Student1/Downloads/POS/IngeDev_8.18.0.5/toolchains/gnuArm4/arm-elf/lib/thumb/soft/interwork/libc.a(lib_a-iswspace.o)
 .data          0x002009cc       0x44 C:/Users/Student1/Downloads/POS/IngeDev_8.18.0.5/toolchains/gnuArm4/arm-elf/lib/thumb/soft/interwork/libc.a(lib_a-locale.o)
                0x002009cc                __mb_cur_max
 .data          0x00200a10        0x0 C:/Users/Student1/Downloads/POS/IngeDev_8.18.0.5/toolchains/gnuArm4/arm-elf/lib/thumb/soft/interwork/libc.a(lib_a-lseekr.o)
 .data          0x00200a10        0x0 C:/Users/Student1/Downloads/POS/IngeDev_8.18.0.5/toolchains/gnuArm4/arm-elf/lib/thumb/soft/interwork/libc.a(lib_a-mbrtowc.o)
 .data          0x00200a10        0x4 C:/Users/Student1/Downloads/POS/IngeDev_8.18.0.5/toolchains/gnuArm4/arm-elf/lib/thumb/soft/interwork/libc.a(lib_a-mbtowc_r.o)
                0x00200a10                __mbtowc
 .data          0x00200a14        0x0 C:/Users/Student1/Downloads/POS/IngeDev_8.18.0.5/toolchains/gnuArm4/arm-elf/lib/thumb/soft/interwork/libc.a(lib_a-readr.o)
 .data          0x00200a14        0x0 C:/Users/Student1/Downloads/POS/IngeDev_8.18.0.5/toolchains/gnuArm4/arm-elf/lib/thumb/soft/interwork/libc.a(lib_a-reent.o)
 .data          0x00200a14        0x0 C:/Users/Student1/Downloads/POS/IngeDev_8.18.0.5/toolchains/gnuArm4/arm-elf/lib/thumb/soft/interwork/libc.a(lib_a-s_fpclassify.o)
 .data          0x00200a14        0x0 C:/Users/Student1/Downloads/POS/IngeDev_8.18.0.5/toolchains/gnuArm4/arm-elf/lib/thumb/soft/interwork/libc.a(lib_a-sccl.o)
 .data          0x00200a14        0x0 C:/Users/Student1/Downloads/POS/IngeDev_8.18.0.5/toolchains/gnuArm4/arm-elf/lib/thumb/soft/interwork/libc.a(lib_a-sf_nan.o)
 .data          0x00200a14        0x0 C:/Users/Student1/Downloads/POS/IngeDev_8.18.0.5/toolchains/gnuArm4/arm-elf/lib/thumb/soft/interwork/libc.a(lib_a-strcmp.o)
 .data          0x00200a14       0x28 C:/Users/Student1/Downloads/POS/IngeDev_8.18.0.5/toolchains/gnuArm4/arm-elf/lib/thumb/soft/interwork/libc.a(lib_a-strtod.o)
 .data          0x00200a3c        0x0 C:/Users/Student1/Downloads/POS/IngeDev_8.18.0.5/toolchains/gnuArm4/arm-elf/lib/thumb/soft/interwork/libc.a(lib_a-strtol.o)
 .data          0x00200a3c        0x0 C:/Users/Student1/Downloads/POS/IngeDev_8.18.0.5/toolchains/gnuArm4/arm-elf/lib/thumb/soft/interwork/libc.a(lib_a-strtoul.o)
 .data          0x00200a3c        0x0 C:/Users/Student1/Downloads/POS/IngeDev_8.18.0.5/toolchains/gnuArm4/arm-elf/lib/thumb/soft/interwork/libc.a(lib_a-svfiscanf.o)
 .data          0x00200a3c        0x0 C:/Users/Student1/Downloads/POS/IngeDev_8.18.0.5/toolchains/gnuArm4/arm-elf/lib/thumb/soft/interwork/libc.a(lib_a-syscalls.o)
 .data          0x00200a3c        0x0 C:/Users/Student1/Downloads/POS/IngeDev_8.18.0.5/toolchains/gnuArm4/arm-elf/lib/thumb/soft/interwork/libc.a(lib_a-ungetc.o)
 .data          0x00200a3c        0x0 C:/Users/Student1/Downloads/POS/IngeDev_8.18.0.5/toolchains/gnuArm4/arm-elf/lib/thumb/soft/interwork/libc.a(lib_a-errno.o)
 .data          0x00200a3c        0x0 C:/Users/Student1/Downloads/POS/IngeDev_8.18.0.5/toolchains/gnuArm4/arm-elf/lib/thumb/soft/interwork/libc.a(lib_a-fclose.o)
 .data          0x00200a3c        0x0 C:/Users/Student1/Downloads/POS/IngeDev_8.18.0.5/toolchains/gnuArm4/arm-elf/lib/thumb/soft/interwork/libc.a(lib_a-fflush.o)
 .data          0x00200a3c        0x0 C:/Users/Student1/Downloads/POS/IngeDev_8.18.0.5/toolchains/gnuArm4/arm-elf/lib/thumb/soft/interwork/libc.a(lib_a-gdtoa-gethex.o)
 .data          0x00200a3c        0x0 C:/Users/Student1/Downloads/POS/IngeDev_8.18.0.5/toolchains/gnuArm4/arm-elf/lib/thumb/soft/interwork/libc.a(lib_a-gdtoa-hexnan.o)
 .data          0x00200a3c        0x0 C:/Users/Student1/Downloads/POS/IngeDev_8.18.0.5/toolchains/gnuArm4/arm-elf/lib/thumb/soft/interwork/libc.a(lib_a-mprec.o)
 .data          0x00200a3c        0x0 C:/Users/Student1/Downloads/POS/IngeDev_8.18.0.5/toolchains/gnuArm4/arm-elf/lib/thumb/soft/interwork/libc.a(lib_a-strncmp.o)
 .data          0x00200a3c        0x0 C:/Users/Student1/Downloads/POS/IngeDev_8.18.0.5/toolchains/gnuArm4/lib/gcc/arm-elf/4.3.4/thumb/soft/interwork/libgcc.a(_udivsi3.o)
 .data          0x00200a3c        0x0 C:/Users/Student1/Downloads/POS/IngeDev_8.18.0.5/toolchains/gnuArm4/lib/gcc/arm-elf/4.3.4/thumb/soft/interwork/libgcc.a(_divsi3.o)
 .data          0x00200a3c        0x0 C:/Users/Student1/Downloads/POS/IngeDev_8.18.0.5/toolchains/gnuArm4/lib/gcc/arm-elf/4.3.4/thumb/soft/interwork/libgcc.a(_umodsi3.o)
 .data          0x00200a3c        0x0 C:/Users/Student1/Downloads/POS/IngeDev_8.18.0.5/toolchains/gnuArm4/lib/gcc/arm-elf/4.3.4/thumb/soft/interwork/libgcc.a(_dvmd_tls.o)
 .data          0x00200a3c        0x0 C:/Users/Student1/Downloads/POS/IngeDev_8.18.0.5/toolchains/gnuArm4/lib/gcc/arm-elf/4.3.4/thumb/soft/interwork/libgcc.a(_addsubdf3.o)
 .data          0x00200a3c        0x0 C:/Users/Student1/Downloads/POS/IngeDev_8.18.0.5/toolchains/gnuArm4/lib/gcc/arm-elf/4.3.4/thumb/soft/interwork/libgcc.a(_muldivdf3.o)
 .data          0x00200a3c        0x0 C:/Users/Student1/Downloads/POS/IngeDev_8.18.0.5/toolchains/gnuArm4/lib/gcc/arm-elf/4.3.4/thumb/soft/interwork/libgcc.a(_cmpdf2.o)
 .data          0x00200a3c        0x0 C:/Users/Student1/Downloads/POS/IngeDev_8.18.0.5/toolchains/gnuArm4/lib/gcc/arm-elf/4.3.4/thumb/soft/interwork/libgcc.a(_fixdfsi.o)
 .data          0x00200a3c        0x0 C:/Users/Student1/Downloads/POS/IngeDev_8.18.0.5/toolchains/gnuArm4/lib/gcc/arm-elf/4.3.4/thumb/soft/interwork/libgcc.a(_fixunsdfsi.o)
 .data          0x00200a3c        0x0 C:/Users/Student1/Downloads/POS/IngeDev_8.18.0.5/toolchains/gnuArm4/lib/gcc/arm-elf/4.3.4/thumb/soft/interwork/libgcc.a(_truncdfsf2.o)
 .data          0x00200a3c        0x0 C:/Users/Student1/Downloads/POS/SDKs/SDK11.16.4.02/SDKTPLUS/HW_T2/gnu_434/lib/TRAP_TELIUM_PLUS.LIB(upload_diagnostic_txt.o)
 *(.gnu.linkonce.d.*)
                0x00200a3c                __data_end = .

.bss            0x00200a3c      0x224 load address 0x0000e694
                0x00200a3c                __bss_start = .
 *(.bss .bss.*)
 .bss           0x00200a3c        0x0 C:/Users/Student1/Downloads/POS/SDKs/SDK11.16.4.02/SDKTPLUS/HW_T2/gnu_434/startfiles/cstartupTplus.o
 .bss           0x00200a3c        0x0 C:/Users/Student1/Downloads/POS/SDKs/SDK11.16.4.02/SDKTPLUS/HW_T2/gnu_434/startfiles/libcpatch.o
 .bss           0x00200a3c        0x0 Obj/GNU_ARM_DEBUG_T2/Main.o
 .bss           0x00200a3c       0x30 Obj/GNU_ARM_DEBUG_T2/Entry.o
                0x00200a3c                gGoalGraphicLibInstance
 .bss           0x00200a6c        0xc Obj/GNU_ARM_DEBUG_T2/Menu.o
 .bss           0x00200a78        0x0 Obj/GNU_ARM_DEBUG_T2/DateScreen.o
 .bss           0x00200a78        0x0 Obj/GNU_ARM_DEBUG_T2/Utils.o
 .bss           0x00200a78        0x0 Obj/GNU_ARM_DEBUG_T2/Sales.o
 .bss           0x00200a78        0x0 Obj/GNU_ARM_DEBUG_T2/Bill.o
 .bss           0x00200a78        0x0 Obj/GNU_ARM_DEBUG_T2/Cashback.o
 .bss           0x00200a78        0x0 Obj/GNU_ARM_DEBUG_T2/Goal.o
 .bss           0x00200a78        0x0 C:/Users/Student1/Downloads/POS/SDKs/SDK11.16.4.02/SDKTPLUS/HW_T2/gnu_434/lib/eft30tplus.lib(DisplayFooter.o)
 .bss           0x00200a78        0x0 C:/Users/Student1/Downloads/POS/SDKs/SDK11.16.4.02/SDKTPLUS/HW_T2/gnu_434/lib/eft30tplus.lib(DisplayHeader.o)
 .bss           0x00200a78        0x0 C:/Users/Student1/Downloads/POS/SDKs/SDK11.16.4.02/SDKTPLUS/HW_T2/gnu_434/lib/eft30tplus.lib(DisplayLeds.o)
 .bss           0x00200a78        0x0 C:/Users/Student1/Downloads/POS/SDKs/SDK11.16.4.02/SDKTPLUS/HW_T2/gnu_434/lib/eft30tplus.lib(Telium_Read_date.o)
 .bss           0x00200a78        0x0 C:/Users/Student1/Downloads/POS/SDKs/SDK11.16.4.02/SDKTPLUS/HW_T2/gnu_434/lib/eft30tplus.lib(IsColorDisplay.o)
 .bss           0x00200a78        0x0 C:/Users/Student1/Downloads/POS/SDKs/SDK11.16.4.02/SDKTPLUS/HW_T2/gnu_434/lib/eft30tplus.lib(IsISO1.o)
 .bss           0x00200a78        0x0 C:/Users/Student1/Downloads/POS/SDKs/SDK11.16.4.02/SDKTPLUS/HW_T2/gnu_434/lib/eft30tplus.lib(IsISO2.o)
 .bss           0x00200a78        0x0 C:/Users/Student1/Downloads/POS/SDKs/SDK11.16.4.02/SDKTPLUS/HW_T2/gnu_434/lib/eft30tplus.lib(IsISO3.o)
 .bss           0x00200a78        0x0 C:/Users/Student1/Downloads/POS/SDKs/SDK11.16.4.02/SDKTPLUS/HW_T2/gnu_434/lib/eft30tplus.lib(IsPrinter.o)
 .bss           0x00200a78        0x0 C:/Users/Student1/Downloads/POS/SDKs/SDK11.16.4.02/SDKTPLUS/HW_T2/gnu_434/lib/eft30tplus.lib(Telium_ServiceRegister.o)
 .bss           0x00200a78        0x0 C:/Users/Student1/Downloads/POS/SDKs/SDK11.16.4.02/SDKTPLUS/HW_T2/gnu_434/lib/eft30tplus.lib(Telium_Atoi.o)
 .bss           0x00200a78        0x0 C:/Users/Student1/Downloads/POS/SDKs/SDK11.16.4.02/SDKTPLUS/HW_T2/gnu_434/lib/eft30tplus.lib(Telium_Pprintf.o)
 .bss           0x00200a78        0x0 C:/Users/Student1/Downloads/POS/SDKs/SDK11.16.4.02/SDKTPLUS/HW_T2/gnu_434/lib/eft30tplus.lib(Telium_Stdprt.o)
 .bss           0x00200a78        0x0 C:/Users/Student1/Downloads/POS/SDKs/SDK11.16.4.02/SDKTPLUS/HW_T2/gnu_434/lib/eft30tplus.lib(Telium_Sprintf.o)
 .bss           0x00200a78        0x0 C:/Users/Student1/Downloads/POS/SDKs/SDK11.16.4.02/SDKTPLUS/HW_T2/gnu_434/lib/eft30tplus.lib(sprintf.o)
 .bss           0x00200a78        0x8 C:/Users/Student1/Downloads/POS/SDKs/SDK11.16.4.02/SDKTPLUS/HW_T2/gnu_434/lib/eft30tplus.lib(extenstp1.o)
                0x00200a78                DllGetProcAddress3
                0x00200a7c                extens_Dll
 .bss           0x00200a80        0x8 C:/Users/Student1/Downloads/POS/SDKs/SDK11.16.4.02/SDKTPLUS/HW_T2/gnu_434/lib/eft30tplus.lib(toolstp1.o)
                0x00200a80                toolsDll
                0x00200a84                DllGetProcAddressTools
 .bss           0x00200a88        0x0 C:/Users/Student1/Downloads/POS/SDKs/SDK11.16.4.02/SDKTPLUS/HW_T2/gnu_434/lib/TRAP_TELIUM_PLUS.LIB(ApplicationGetCurrent.o)
 .bss           0x00200a88        0x0 C:/Users/Student1/Downloads/POS/SDKs/SDK11.16.4.02/SDKTPLUS/HW_T2/gnu_434/lib/TRAP_TELIUM_PLUS.LIB(FS_close.o)
 .bss           0x00200a88        0x0 C:/Users/Student1/Downloads/POS/SDKs/SDK11.16.4.02/SDKTPLUS/HW_T2/gnu_434/lib/TRAP_TELIUM_PLUS.LIB(FS_length.o)
 .bss           0x00200a88        0x0 C:/Users/Student1/Downloads/POS/SDKs/SDK11.16.4.02/SDKTPLUS/HW_T2/gnu_434/lib/TRAP_TELIUM_PLUS.LIB(FS_mount.o)
 .bss           0x00200a88        0x0 C:/Users/Student1/Downloads/POS/SDKs/SDK11.16.4.02/SDKTPLUS/HW_T2/gnu_434/lib/TRAP_TELIUM_PLUS.LIB(FS_open.o)
 .bss           0x00200a88        0x0 C:/Users/Student1/Downloads/POS/SDKs/SDK11.16.4.02/SDKTPLUS/HW_T2/gnu_434/lib/TRAP_TELIUM_PLUS.LIB(FS_read.o)
 .bss           0x00200a88        0x0 C:/Users/Student1/Downloads/POS/SDKs/SDK11.16.4.02/SDKTPLUS/HW_T2/gnu_434/lib/TRAP_TELIUM_PLUS.LIB(FS_unmount.o)
 .bss           0x00200a88        0x0 C:/Users/Student1/Downloads/POS/SDKs/SDK11.16.4.02/SDKTPLUS/HW_T2/gnu_434/lib/TRAP_TELIUM_PLUS.LIB(ObjectGetInfo.o)
 .bss           0x00200a88        0x0 C:/Users/Student1/Downloads/POS/SDKs/SDK11.16.4.02/SDKTPLUS/HW_T2/gnu_434/lib/TRAP_TELIUM_PLUS.LIB(Telium_EMV_apdu.o)
 .bss           0x00200a88        0x0 C:/Users/Student1/Downloads/POS/SDKs/SDK11.16.4.02/SDKTPLUS/HW_T2/gnu_434/lib/TRAP_TELIUM_PLUS.LIB(Telium_EMV_power_on.o)
 .bss           0x00200a88        0x0 C:/Users/Student1/Downloads/POS/SDKs/SDK11.16.4.02/SDKTPLUS/HW_T2/gnu_434/lib/TRAP_TELIUM_PLUS.LIB(Telium_Exit.o)
 .bss           0x00200a88        0x0 C:/Users/Student1/Downloads/POS/SDKs/SDK11.16.4.02/SDKTPLUS/HW_T2/gnu_434/lib/TRAP_TELIUM_PLUS.LIB(Telium_Fclose.o)
 .bss           0x00200a88        0x0 C:/Users/Student1/Downloads/POS/SDKs/SDK11.16.4.02/SDKTPLUS/HW_T2/gnu_434/lib/TRAP_TELIUM_PLUS.LIB(Telium_Fopen.o)
 .bss           0x00200a88        0x0 C:/Users/Student1/Downloads/POS/SDKs/SDK11.16.4.02/SDKTPLUS/HW_T2/gnu_434/lib/TRAP_TELIUM_PLUS.LIB(Telium_Is_iso1.o)
 .bss           0x00200a88        0x0 C:/Users/Student1/Downloads/POS/SDKs/SDK11.16.4.02/SDKTPLUS/HW_T2/gnu_434/lib/TRAP_TELIUM_PLUS.LIB(Telium_Is_iso2.o)
 .bss           0x00200a88        0x0 C:/Users/Student1/Downloads/POS/SDKs/SDK11.16.4.02/SDKTPLUS/HW_T2/gnu_434/lib/TRAP_TELIUM_PLUS.LIB(Telium_Is_iso3.o)
 .bss           0x00200a88        0x0 C:/Users/Student1/Downloads/POS/SDKs/SDK11.16.4.02/SDKTPLUS/HW_T2/gnu_434/lib/TRAP_TELIUM_PLUS.LIB(Telium_Reset_buf.o)
 .bss           0x00200a88        0x0 C:/Users/Student1/Downloads/POS/SDKs/SDK11.16.4.02/SDKTPLUS/HW_T2/gnu_434/lib/TRAP_TELIUM_PLUS.LIB(Telium_Stdperif.o)
 .bss           0x00200a88        0x0 C:/Users/Student1/Downloads/POS/SDKs/SDK11.16.4.02/SDKTPLUS/HW_T2/gnu_434/lib/TRAP_TELIUM_PLUS.LIB(Telium_Ttestall.o)
 .bss           0x00200a88        0x0 C:/Users/Student1/Downloads/POS/SDKs/SDK11.16.4.02/SDKTPLUS/HW_T2/gnu_434/lib/TRAP_TELIUM_PLUS.LIB(Telium_Vfprintf.o)
 .bss           0x00200a88        0x0 C:/Users/Student1/Downloads/POS/SDKs/SDK11.16.4.02/SDKTPLUS/HW_T2/gnu_434/lib/TRAP_TELIUM_PLUS.LIB(Telium_Vsprintf.o)
 .bss           0x00200a88        0x0 C:/Users/Student1/Downloads/POS/SDKs/SDK11.16.4.02/SDKTPLUS/HW_T2/gnu_434/lib/TRAP_TELIUM_PLUS.LIB(first_init.o)
 .bss           0x00200a88        0x0 C:/Users/Student1/Downloads/POS/SDKs/SDK11.16.4.02/SDKTPLUS/HW_T2/gnu_434/lib/TRAP_TELIUM_PLUS.LIB(raz_init.o)
 .bss           0x00200a88        0x0 C:/Users/Student1/Downloads/POS/SDKs/SDK11.16.4.02/SDKTPLUS/HW_T2/gnu_434/lib/TRAP_TELIUM_PLUS.LIB(ufree.o)
 .bss           0x00200a88        0x0 C:/Users/Student1/Downloads/POS/SDKs/SDK11.16.4.02/SDKTPLUS/HW_T2/gnu_434/lib/TRAP_TELIUM_PLUS.LIB(umalloc.o)
 .bss           0x00200a88        0x0 C:/Users/Student1/Downloads/POS/SDKs/SDK11.16.4.02/SDKTPLUS/HW_T2/gnu_434/lib/TRAP_TELIUM_PLUS.LIB(urealloc.o)
 .bss           0x00200a88        0x0 C:/Users/Student1/Downloads/POS/SDKs/SDK11.16.4.02/SDKTPLUS/HW_T2/gnu_434/lib/OSLAYER.LIB(OSL_Dll_Close.o)
 .bss           0x00200a88        0x0 C:/Users/Student1/Downloads/POS/SDKs/SDK11.16.4.02/SDKTPLUS/HW_T2/gnu_434/lib/OSLAYER.LIB(OSL_Dll_GetSymbolByName.o)
 .bss           0x00200a88        0x0 C:/Users/Student1/Downloads/POS/SDKs/SDK11.16.4.02/SDKTPLUS/HW_T2/gnu_434/lib/OSLAYER.LIB(OSL_Dll_OpenByAppliType.o)
 .bss           0x00200a88        0x0 C:/Users/Student1/Downloads/POS/SDKs/SDK11.16.4.02/SDKTPLUS/HW_T2/gnu_434/lib/GRAPHICLIB.LIB(GL_Button_Create.o)
 .bss           0x00200a88        0x0 C:/Users/Student1/Downloads/POS/SDKs/SDK11.16.4.02/SDKTPLUS/HW_T2/gnu_434/lib/GRAPHICLIB.LIB(GL_Dialog_Amount.o)
 .bss           0x00200a88        0x0 C:/Users/Student1/Downloads/POS/SDKs/SDK11.16.4.02/SDKTPLUS/HW_T2/gnu_434/lib/GRAPHICLIB.LIB(GL_Dialog_Menu.o)
 .bss           0x00200a88        0x0 C:/Users/Student1/Downloads/POS/SDKs/SDK11.16.4.02/SDKTPLUS/HW_T2/gnu_434/lib/GRAPHICLIB.LIB(GL_Dialog_Message.o)
 .bss           0x00200a88        0x0 C:/Users/Student1/Downloads/POS/SDKs/SDK11.16.4.02/SDKTPLUS/HW_T2/gnu_434/lib/GRAPHICLIB.LIB(GL_Dialog_Password.o)
 .bss           0x00200a88        0x0 C:/Users/Student1/Downloads/POS/SDKs/SDK11.16.4.02/SDKTPLUS/HW_T2/gnu_434/lib/GRAPHICLIB.LIB(GL_Dialog_Text.o)
 .bss           0x00200a88        0x0 C:/Users/Student1/Downloads/POS/SDKs/SDK11.16.4.02/SDKTPLUS/HW_T2/gnu_434/lib/GRAPHICLIB.LIB(GL_Document_Create.o)
 .bss           0x00200a88        0x0 C:/Users/Student1/Downloads/POS/SDKs/SDK11.16.4.02/SDKTPLUS/HW_T2/gnu_434/lib/GRAPHICLIB.LIB(GL_Document_Print.o)
 .bss           0x00200a88        0x0 C:/Users/Student1/Downloads/POS/SDKs/SDK11.16.4.02/SDKTPLUS/HW_T2/gnu_434/lib/GRAPHICLIB.LIB(GL_Drawing_Clear.o)
 .bss           0x00200a88        0x0 C:/Users/Student1/Downloads/POS/SDKs/SDK11.16.4.02/SDKTPLUS/HW_T2/gnu_434/lib/GRAPHICLIB.LIB(GL_Drawing_Create.o)
 .bss           0x00200a88        0x0 C:/Users/Student1/Downloads/POS/SDKs/SDK11.16.4.02/SDKTPLUS/HW_T2/gnu_434/lib/GRAPHICLIB.LIB(GL_Drawing_DrawEllipse.o)
 .bss           0x00200a88        0x0 C:/Users/Student1/Downloads/POS/SDKs/SDK11.16.4.02/SDKTPLUS/HW_T2/gnu_434/lib/GRAPHICLIB.LIB(GL_Drawing_DrawLine.o)
 .bss           0x00200a88        0x0 C:/Users/Student1/Downloads/POS/SDKs/SDK11.16.4.02/SDKTPLUS/HW_T2/gnu_434/lib/GRAPHICLIB.LIB(GL_Drawing_DrawRect.o)
 .bss           0x00200a88        0x0 C:/Users/Student1/Downloads/POS/SDKs/SDK11.16.4.02/SDKTPLUS/HW_T2/gnu_434/lib/GRAPHICLIB.LIB(GL_Drawing_DrawText.o)
 .bss           0x00200a88        0x0 C:/Users/Student1/Downloads/POS/SDKs/SDK11.16.4.02/SDKTPLUS/HW_T2/gnu_434/lib/GRAPHICLIB.LIB(GL_Drawing_SetBrush.o)
 .bss           0x00200a88        0x0 C:/Users/Student1/Downloads/POS/SDKs/SDK11.16.4.02/SDKTPLUS/HW_T2/gnu_434/lib/GRAPHICLIB.LIB(GL_Drawing_SetFont.o)
 .bss           0x00200a88        0x0 C:/Users/Student1/Downloads/POS/SDKs/SDK11.16.4.02/SDKTPLUS/HW_T2/gnu_434/lib/GRAPHICLIB.LIB(GL_Drawing_SetPen.o)
 .bss           0x00200a88        0x0 C:/Users/Student1/Downloads/POS/SDKs/SDK11.16.4.02/SDKTPLUS/HW_T2/gnu_434/lib/GRAPHICLIB.LIB(GL_GraphicLib_BindSingleKey.o)
 .bss           0x00200a88        0x4 C:/Users/Student1/Downloads/POS/SDKs/SDK11.16.4.02/SDKTPLUS/HW_T2/gnu_434/lib/GRAPHICLIB.LIB(GL_GraphicLib_Create.o)
 .bss           0x00200a8c        0x0 C:/Users/Student1/Downloads/POS/SDKs/SDK11.16.4.02/SDKTPLUS/HW_T2/gnu_434/lib/GRAPHICLIB.LIB(GL_GraphicLib_IsTouchPresent.o)
 .bss           0x00200a8c        0x0 C:/Users/Student1/Downloads/POS/SDKs/SDK11.16.4.02/SDKTPLUS/HW_T2/gnu_434/lib/GRAPHICLIB.LIB(GL_GraphicLib_ReadResource.o)
 .bss           0x00200a8c        0x0 C:/Users/Student1/Downloads/POS/SDKs/SDK11.16.4.02/SDKTPLUS/HW_T2/gnu_434/lib/GRAPHICLIB.LIB(GL_GraphicLib_SetCharset.o)
 .bss           0x00200a8c        0x0 C:/Users/Student1/Downloads/POS/SDKs/SDK11.16.4.02/SDKTPLUS/HW_T2/gnu_434/lib/GRAPHICLIB.LIB(GL_GraphicLib_UnbindKey.o)
 .bss           0x00200a8c        0x0 C:/Users/Student1/Downloads/POS/SDKs/SDK11.16.4.02/SDKTPLUS/HW_T2/gnu_434/lib/GRAPHICLIB.LIB(GL_Label_Create.o)
 .bss           0x00200a8c        0x0 C:/Users/Student1/Downloads/POS/SDKs/SDK11.16.4.02/SDKTPLUS/HW_T2/gnu_434/lib/GRAPHICLIB.LIB(GL_Layout_Create.o)
 .bss           0x00200a8c        0x0 C:/Users/Student1/Downloads/POS/SDKs/SDK11.16.4.02/SDKTPLUS/HW_T2/gnu_434/lib/GRAPHICLIB.LIB(GL_Message_GetKey.o)
 .bss           0x00200a8c        0x0 C:/Users/Student1/Downloads/POS/SDKs/SDK11.16.4.02/SDKTPLUS/HW_T2/gnu_434/lib/GRAPHICLIB.LIB(GL_Message_GetWidget.o)
 .bss           0x00200a8c        0x0 C:/Users/Student1/Downloads/POS/SDKs/SDK11.16.4.02/SDKTPLUS/HW_T2/gnu_434/lib/GRAPHICLIB.LIB(GL_Message_GetWindow.o)
 .bss           0x00200a8c        0x0 C:/Users/Student1/Downloads/POS/SDKs/SDK11.16.4.02/SDKTPLUS/HW_T2/gnu_434/lib/GRAPHICLIB.LIB(GL_Message_SetResult.o)
 .bss           0x00200a8c        0x0 C:/Users/Student1/Downloads/POS/SDKs/SDK11.16.4.02/SDKTPLUS/HW_T2/gnu_434/lib/GRAPHICLIB.LIB(GL_Message_SetUserData.o)
 .bss           0x00200a8c        0x0 C:/Users/Student1/Downloads/POS/SDKs/SDK11.16.4.02/SDKTPLUS/HW_T2/gnu_434/lib/GRAPHICLIB.LIB(GL_Picture_Create.o)
 .bss           0x00200a8c        0x0 C:/Users/Student1/Downloads/POS/SDKs/SDK11.16.4.02/SDKTPLUS/HW_T2/gnu_434/lib/GRAPHICLIB.LIB(GL_Print_Create.o)
 .bss           0x00200a8c        0x0 C:/Users/Student1/Downloads/POS/SDKs/SDK11.16.4.02/SDKTPLUS/HW_T2/gnu_434/lib/GRAPHICLIB.LIB(GL_Timer_Create.o)